Component: Arm Compiler for Embedded 6.19 Tool: armlink [5e73cb00]

==============================================================================

Section Cross References

    startup_stm32f042x6.o(STACK) refers (Special) to heapauxi.o(.text) for __use_two_region_memory
    startup_stm32f042x6.o(HEAP) refers (Special) to heapauxi.o(.text) for __use_two_region_memory
    startup_stm32f042x6.o(RESET) refers (Special) to heapauxi.o(.text) for __use_two_region_memory
    startup_stm32f042x6.o(RESET) refers to startup_stm32f042x6.o(STACK) for __initial_sp
    startup_stm32f042x6.o(RESET) refers to startup_stm32f042x6.o(.text) for Reset_Handler
    startup_stm32f042x6.o(RESET) refers to stm32f0xx_it.o(.text.NMI_Handler) for NMI_Handler
    startup_stm32f042x6.o(RESET) refers to stm32f0xx_it.o(.text.HardFault_Handler) for HardFault_Handler
    startup_stm32f042x6.o(RESET) refers to stm32f0xx_it.o(.text.SVC_Handler) for SVC_Handler
    startup_stm32f042x6.o(RESET) refers to stm32f0xx_it.o(.text.PendSV_Handler) for PendSV_Handler
    startup_stm32f042x6.o(RESET) refers to stm32f0xx_it.o(.text.SysTick_Handler) for SysTick_Handler
    startup_stm32f042x6.o(RESET) refers to stm32f0xx_it.o(.text.USART2_IRQHandler) for USART2_IRQHandler
    startup_stm32f042x6.o(RESET) refers to stm32f0xx_it.o(.text.CEC_CAN_IRQHandler) for CEC_CAN_IRQHandler
    startup_stm32f042x6.o(RESET) refers to stm32f0xx_it.o(.text.USB_IRQHandler) for USB_IRQHandler
    startup_stm32f042x6.o(.text) refers (Special) to heapauxi.o(.text) for __use_two_region_memory
    startup_stm32f042x6.o(.text) refers to startup_stm32f042x6.o(STACK) for __initial_sp
    startup_stm32f042x6.o(.text) refers to system_stm32f0xx.o(.text.SystemInit) for SystemInit
    startup_stm32f042x6.o(.text) refers to __main.o(!!!main) for __main
    startup_stm32f042x6.o(.text) refers to startup_stm32f042x6.o(HEAP) for Heap_Mem
    main.o(.text.main) refers to bootloader.o(.text.bootloaderSwitcher) for bootloaderSwitcher
    main.o(.text.main) refers to stm32f0xx_hal.o(.text.HAL_Init) for HAL_Init
    main.o(.text.main) refers to main.o(.text.SystemClock_Config) for SystemClock_Config
    main.o(.text.main) refers to stm32f0xx_hal_gpio.o(.text.HAL_GPIO_WritePin) for HAL_GPIO_WritePin
    main.o(.text.main) refers to stm32f0xx_hal_gpio.o(.text.HAL_GPIO_Init) for HAL_GPIO_Init
    main.o(.text.main) refers to stm32f0xx_hal_can.o(.text.HAL_CAN_Init) for HAL_CAN_Init
    main.o(.text.main) refers to stm32f0xx_hal_uart.o(.text.HAL_UART_Init) for HAL_UART_Init
    main.o(.text.main) refers to usb_device.o(.text.MX_USB_DEVICE_Init) for MX_USB_DEVICE_Init
    main.o(.text.main) refers to stm32f0xx_hal_iwdg.o(.text.HAL_IWDG_Init) for HAL_IWDG_Init
    main.o(.text.main) refers to slcan_additional.o(.text.slcanClearAllFilters) for slcanClearAllFilters
    main.o(.text.main) refers to stm32f0xx_hal_cortex.o(.text.HAL_NVIC_SetPriority) for HAL_NVIC_SetPriority
    main.o(.text.main) refers to stm32f0xx_hal_can.o(.text.HAL_CAN_Receive_IT) for HAL_CAN_Receive_IT
    main.o(.text.main) refers to stm32f0xx_hal_iwdg.o(.text.HAL_IWDG_Refresh) for HAL_IWDG_Refresh
    main.o(.text.main) refers to slcan.o(.text.slCanCheckCommand) for slCanCheckCommand
    main.o(.text.main) refers to slcan.o(.text.slcanOutputFlush) for slcanOutputFlush
    main.o(.text.main) refers to slcan.o(.text.slcanReciveCanFrame) for slcanReciveCanFrame
    main.o(.text.main) refers to main.o(.data.uid) for uid
    main.o(.text.main) refers to main.o(.bss.serialNumber) for serialNumber
    main.o(.text.main) refers to main.o(.bss.hcan) for hcan
    main.o(.text.main) refers to main.o(.bss.huart2) for huart2
    main.o(.text.main) refers to main.o(.bss.hiwdg) for hiwdg
    main.o(.text.main) refers to main.o(.bss.CanRxBuffer) for CanRxBuffer
    main.o(.text.main) refers to main.o(.bss.CanTxBuffer) for CanTxBuffer
    main.o(.text.main) refers to main.o(.bss.canRxFlags) for canRxFlags
    main.o(.text.main) refers to slcan.o(.bss.command) for command
    main.o(.ARM.exidx.text.main) refers to main.o(.text.main) for [Anonymous Symbol]
    main.o(.text.SystemClock_Config) refers to stm32f0xx_hal_rcc.o(.text.HAL_RCC_OscConfig) for HAL_RCC_OscConfig
    main.o(.text.SystemClock_Config) refers to stm32f0xx_hal_rcc.o(.text.HAL_RCC_ClockConfig) for HAL_RCC_ClockConfig
    main.o(.text.SystemClock_Config) refers to stm32f0xx_hal_rcc_ex.o(.text.HAL_RCCEx_PeriphCLKConfig) for HAL_RCCEx_PeriphCLKConfig
    main.o(.text.SystemClock_Config) refers to stm32f0xx_hal_rcc.o(.text.HAL_RCC_GetHCLKFreq) for HAL_RCC_GetHCLKFreq
    main.o(.text.SystemClock_Config) refers to aeabi_sdivfast.o(.text_divfast) for __aeabi_uidiv
    main.o(.text.SystemClock_Config) refers to stm32f0xx_hal_cortex.o(.text.HAL_SYSTICK_Config) for HAL_SYSTICK_Config
    main.o(.text.SystemClock_Config) refers to stm32f0xx_hal_cortex.o(.text.HAL_SYSTICK_CLKSourceConfig) for HAL_SYSTICK_CLKSourceConfig
[...]
    [Anonymous Symbol]                       0x08002b00   Section        0  stm32f0xx_hal_rcc.o(.text.HAL_RCC_GetPCLK1Freq)
    __arm_cp.8_0                             0x08002b14   Number         4  stm32f0xx_hal_rcc.o(.text.HAL_RCC_GetPCLK1Freq)
    __arm_cp.8_2                             0x08002b18   Number         4  stm32f0xx_hal_rcc.o(.text.HAL_RCC_GetPCLK1Freq)
    [Anonymous Symbol]                       0x08002b1c   Section        0  stm32f0xx_hal_rcc.o(.text.HAL_RCC_GetSysClockFreq)
    __arm_cp.3_0                             0x08002b60   Number         4  stm32f0xx_hal_rcc.o(.text.HAL_RCC_GetSysClockFreq)
    __arm_cp.3_1                             0x08002b64   Number         4  stm32f0xx_hal_rcc.o(.text.HAL_RCC_GetSysClockFreq)
    __arm_cp.3_2                             0x08002b68   Number         4  stm32f0xx_hal_rcc.o(.text.HAL_RCC_GetSysClockFreq)
    __arm_cp.3_3                             0x08002b6c   Number         4  stm32f0xx_hal_rcc.o(.text.HAL_RCC_GetSysClockFreq)
    __arm_cp.3_4                             0x08002b70   Number         4  stm32f0xx_hal_rcc.o(.text.HAL_RCC_GetSysClockFreq)
    [Anonymous Symbol]                       0x08002b74   Section        0  stm32f0xx_hal_rcc.o(.text.HAL_RCC_OscConfig)
    __arm_cp.1_3                             0x08002f6c   Number         4  stm32f0xx_hal_rcc.o(.text.HAL_RCC_OscConfig)
    __arm_cp.1_1                             0x08002fbc   Number         4  stm32f0xx_hal_rcc.o(.text.HAL_RCC_OscConfig)
    __arm_cp.1_2                             0x08002fc0   Number         4  stm32f0xx_hal_rcc.o(.text.HAL_RCC_OscConfig)
    [Anonymous Symbol]                       0x08002fc4   Section        0  stm32f0xx_hal_cortex.o(.text.HAL_SYSTICK_CLKSourceConfig)
    [Anonymous Symbol]                       0x08002fdc   Section        0  stm32f0xx_hal_cortex.o(.text.HAL_SYSTICK_Callback)
    [Anonymous Symbol]                       0x08002fe0   Section        0  stm32f0xx_hal_cortex.o(.text.HAL_SYSTICK_Config)
    __arm_cp.4_0                             0x08003008   Number         4  stm32f0xx_hal_cortex.o(.text.HAL_SYSTICK_Config)
    __arm_cp.4_1                             0x0800300c   Number         4  stm32f0xx_hal_cortex.o(.text.HAL_SYSTICK_Config)
    __arm_cp.4_2                             0x08003010   Number         4  stm32f0xx_hal_cortex.o(.text.HAL_SYSTICK_Config)
    [Anonymous Symbol]                       0x08003014   Section        0  stm32f0xx_hal_cortex.o(.text.HAL_SYSTICK_IRQHandler)
    [Anonymous Symbol]                       0x0800301c   Section        0  stm32f0xx_hal_uart.o(.text.HAL_UART_Init)
    [Anonymous Symbol]                       0x08003088   Section        0  stm32f0xx_hal_msp.o(.text.HAL_UART_MspInit)
    __arm_cp.3_0                             0x080030cc   Number         4  stm32f0xx_hal_msp.o(.text.HAL_UART_MspInit)
    __arm_cp.3_1                             0x080030d0   Number         4  stm32f0xx_hal_msp.o(.text.HAL_UART_MspInit)
    [Anonymous Symbol]                       0x080030d4   Section        0  main.o(.text.HAL_UART_RxCpltCallback)
    [Anonymous Symbol]                       0x080030d6   Section        0  stm32f0xx_it.o(.text.HardFault_Handler)
    [Anonymous Symbol]                       0x080030d8   Section        0  usb_device.o(.text.MX_USB_DEVICE_Init)
    __arm_cp.0_0                             0x08003100   Number         4  usb_device.o(.text.MX_USB_DEVICE_Init)
    __arm_cp.0_1                             0x08003104   Number         4  usb_device.o(.text.MX_USB_DEVICE_Init)
    __arm_cp.0_2                             0x08003108   Number         4  usb_device.o(.text.MX_USB_DEVICE_Init)
    __arm_cp.0_3                             0x0800310c   Number         4  usb_device.o(.text.MX_USB_DEVICE_Init)
    [Anonymous Symbol]                       0x08003110   Section        0  stm32f0xx_it.o(.text.NMI_Handler)
    [Anonymous Symbol]                       0x08003112   Section        0  stm32f0xx_it.o(.text.PendSV_Handler)
    [Anonymous Symbol]                       0x08003114   Section        0  bootloader.o(.text.RebootToBootloader)
    [Anonymous Symbol]                       0x0800314a   Section        0  stm32f0xx_it.o(.text.SVC_Handler)
    [Anonymous Symbol]                       0x0800314c   Section        0  stm32f0xx_it.o(.text.SysTick_Handler)
    [Anonymous Symbol]                       0x08003158   Section        0  main.o(.text.SystemClock_Config)
    [Anonymous Symbol]                       0x080031c8   Section        0  system_stm32f0xx.o(.text.SystemInit)
    __arm_cp.0_0                             0x08003214   Number         4  system_stm32f0xx.o(.text.SystemInit)
    __arm_cp.0_1                             0x08003218   Number         4  system_stm32f0xx.o(.text.SystemInit)
    __arm_cp.0_2                             0x0800321c   Number         4  system_stm32f0xx.o(.text.SystemInit)
    [Anonymous Symbol]                       0x08003220   Section        0  stm32f0xx_hal_uart.o(.text.UART_AdvFeatureConfig)
    [Anonymous Symbol]                       0x080032f4   Section        0  stm32f0xx_hal_uart.o(.text.UART_CheckIdleState)
    __arm_cp.4_1                             0x0800338c   Number         4  stm32f0xx_hal_uart.o(.text.UART_CheckIdleState)
    [Anonymous Symbol]                       0x08003390   Section        0  stm32f0xx_hal_uart.o(.text.UART_Receive_IT)
    [Anonymous Symbol]                       0x08003404   Section        0  stm32f0xx_hal_uart.o(.text.UART_SetConfig)
    __arm_cp.2_0                             0x08003500   Number         4  stm32f0xx_hal_uart.o(.text.UART_SetConfig)
    __arm_cp.2_1                             0x08003504   Number         4  stm32f0xx_hal_uart.o(.text.UART_SetConfig)
    __arm_cp.2_2                             0x08003508   Number         4  stm32f0xx_hal_uart.o(.text.UART_SetConfig)
    __arm_cp.2_3                             0x0800350c   Number         4  stm32f0xx_hal_uart.o(.text.UART_SetConfig)
    __arm_cp.2_5                             0x08003520   Number         4  stm32f0xx_hal_uart.o(.text.UART_SetConfig)
    __arm_cp.2_6                             0x08003524   Number         4  stm32f0xx_hal_uart.o(.text.UART_SetConfig)
    __arm_cp.2_7                             0x08003528   Number         4  stm32f0xx_hal_uart.o(.text.UART_SetConfig)
    [Anonymous Symbol]                       0x0800352c   Section        0  stm32f0xx_it.o(.text.USART2_IRQHandler)
    __arm_cp.7_0                             0x08003538   Number         4  stm32f0xx_it.o(.text.USART2_IRQHandler)
    USBD_CDC_DataIn                          0x0800353d   Thumb Code    24  usbd_cdc.o(.text.USBD_CDC_DataIn)
    [Anonymous Symbol]                       0x0800353c   Section        0  usbd_cdc.o(.text.USBD_CDC_DataIn)
    USBD_CDC_DataOut                         0x08003555   Thumb Code    52  usbd_cdc.o(.text.USBD_CDC_DataOut)
    [Anonymous Symbol]                       0x08003554   Section        0  usbd_cdc.o(.text.USBD_CDC_DataOut)
    USBD_CDC_DeInit                          0x08003589   Thumb Code    58  usbd_cdc.o(.text.USBD_CDC_DeInit)
    [Anonymous Symbol]                       0x08003588   Section        0  usbd_cdc.o(.text.USBD_CDC_DeInit)
    USBD_CDC_EP0_RxReady                     0x080035c3   Thumb Code    42  usbd_cdc.o(.text.USBD_CDC_EP0_RxReady)
    [Anonymous Symbol]                       0x080035c2   Section        0  usbd_cdc.o(.text.USBD_CDC_EP0_RxReady)
    [Anonymous Symbol]                       0x080035ec   Section        0  usbd_cdc.o(.text.USBD_CDC_GetDeviceQualifierDescriptor)
    __arm_cp.9_0                             0x080035f4   Number         4  usbd_cdc.o(.text.USBD_CDC_GetDeviceQualifierDescriptor)
    USBD_CDC_GetFSCfgDesc                    0x080035f9   Thumb Code     8  usbd_cdc.o(.text.USBD_CDC_GetFSCfgDesc)
    [Anonymous Symbol]                       0x080035f8   Section        0  usbd_cdc.o(.text.USBD_CDC_GetFSCfgDesc)
    __arm_cp.7_0                             0x08003600   Number         4  usbd_cdc.o(.text.USBD_CDC_GetFSCfgDesc)
    USBD_CDC_GetHSCfgDesc                    0x08003605   Thumb Code     8  usbd_cdc.o(.text.USBD_CDC_GetHSCfgDesc)
    [Anonymous Symbol]                       0x08003604   Section        0  usbd_cdc.o(.text.USBD_CDC_GetHSCfgDesc)
    __arm_cp.6_0                             0x0800360c   Number         4  usbd_cdc.o(.text.USBD_CDC_GetHSCfgDesc)
    USBD_CDC_GetOtherSpeedCfgDesc            0x08003611   Thumb Code     8  usbd_cdc.o(.text.USBD_CDC_GetOtherSpeedCfgDesc)
    [Anonymous Symbol]                       0x08003610   Section        0  usbd_cdc.o(.text.USBD_CDC_GetOtherSpeedCfgDesc)
    __arm_cp.8_0                             0x08003618   Number         4  usbd_cdc.o(.text.USBD_CDC_GetOtherSpeedCfgDesc)
    USBD_CDC_Init                            0x0800361d   Thumb Code   124  usbd_cdc.o(.text.USBD_CDC_Init)
    [Anonymous Symbol]                       0x0800361c   Section        0  usbd_cdc.o(.text.USBD_CDC_Init)
    [Anonymous Symbol]                       0x08003698   Section        0  usbd_cdc.o(.text.USBD_CDC_ReceivePacket)
    [Anonymous Symbol]                       0x080036c4   Section        0  usbd_cdc.o(.text.USBD_CDC_RegisterInterface)
    [Anonymous Symbol]                       0x080036d6   Section        0  usbd_cdc.o(.text.USBD_CDC_SetRxBuffer)
    [Anonymous Symbol]                       0x080036e6   Section        0  usbd_cdc.o(.text.USBD_CDC_SetTxBuffer)
    USBD_CDC_Setup                           0x080036fd   Thumb Code   124  usbd_cdc.o(.text.USBD_CDC_Setup)
    [Anonymous Symbol]                       0x080036fc   Section        0  usbd_cdc.o(.text.USBD_CDC_Setup)
    __arm_cp.2_0                             0x08003778   Number         4  usbd_cdc.o(.text.USBD_CDC_Setup)
    [Anonymous Symbol]                       0x0800377c   Section        0  usbd_cdc.o(.text.USBD_CDC_TransmitPacket)
    [Anonymous Symbol]                       0x080037ae   Section        0  usbd_core.o(.text.USBD_ClrClassConfig)
    [Anonymous Symbol]                       0x080037be   Section        0  usbd_ioreq.o(.text.USBD_CtlContinueRx)
    [Anonymous Symbol]                       0x080037d0   Section        0  usbd_ioreq.o(.text.USBD_CtlContinueSendData)
    [Anonymous Symbol]                       0x080037e2   Section        0  usbd_ioreq.o(.text.USBD_CtlPrepareRx)
    [Anonymous Symbol]                       0x08003806   Section        0  usbd_ioreq.o(.text.USBD_CtlReceiveStatus)
    [Anonymous Symbol]                       0x08003820   Section        0  usbd_ioreq.o(.text.USBD_CtlSendData)
    [Anonymous Symbol]                       0x0800383e   Section        0  usbd_ioreq.o(.text.USBD_CtlSendStatus)
    [Anonymous Symbol]                       0x08003858   Section        0  usbd_desc.o(.text.USBD_FS_ConfigStrDescriptor)
    [Anonymous Symbol]                       0x08003878   Section        0  usbd_desc.o(.text.USBD_FS_DeviceDescriptor)
    __arm_cp.0_0                             0x08003880   Number         4  usbd_desc.o(.text.USBD_FS_DeviceDescriptor)
    [Anonymous Symbol]                       0x08003884   Section        0  usbd_desc.o(.text.USBD_FS_InterfaceStrDescriptor)
    [Anonymous Symbol]                       0x080038a8   Section        0  usbd_desc.o(.text.USBD_FS_LangIDStrDescriptor)
    __arm_cp.1_0                             0x080038b0   Number         4  usbd_desc.o(.text.USBD_FS_LangIDStrDescriptor)
    [Anonymous Symbol]                       0x080038b4   Section        0  usbd_desc.o(.text.USBD_FS_ManufacturerStrDescriptor)
    [Anonymous Symbol]                       0x080038d4   Section        0  usbd_desc.o(.text.USBD_FS_ProductStrDescriptor)
    [Anonymous Symbol]                       0x08003900   Section        0  usbd_desc.o(.text.USBD_FS_SerialStrDescriptor)
    __arm_cp.4_1                             0x08003924   Number         4  usbd_desc.o(.text.USBD_FS_SerialStrDescriptor)
    [Anonymous Symbol]                       0x08003928   Section        0  usbd_ctlreq.o(.text.USBD_GetString)
    [Anonymous Symbol]                       0x080039d6   Section        0  usbd_core.o(.text.USBD_Init)
    [Anonymous Symbol]                       0x08003a04   Section        0  usbd_conf.o(.text.USBD_LL_ClearStallEP)
    [Anonymous Symbol]                       0x08003a24   Section        0  usbd_conf.o(.text.USBD_LL_CloseEP)
    [Anonymous Symbol]                       0x08003a44   Section        0  usbd_core.o(.text.USBD_LL_DataInStage)
    [Anonymous Symbol]                       0x08003af0   Section        0  usbd_core.o(.text.USBD_LL_DataOutStage)
    [Anonymous Symbol]                       0x08003b5e   Section        0  usbd_conf.o(.text.USBD_LL_GetRxDataSize)
    [Anonymous Symbol]                       0x08003b6c   Section        0  usbd_conf.o(.text.USBD_LL_Init)
    __arm_cp.13_0                            0x08003bf4   Number         4  usbd_conf.o(.text.USBD_LL_Init)
    __arm_cp.13_1                            0x08003bf8   Number         4  usbd_conf.o(.text.USBD_LL_Init)
    [Anonymous Symbol]                       0x08003c10   Section        0  usbd_conf.o(.text.USBD_LL_IsStallEP)
    [Anonymous Symbol]                       0x08003c38   Section        0  usbd_conf.o(.text.USBD_LL_OpenEP)
    [Anonymous Symbol]                       0x08003c60   Section        0  usbd_conf.o(.text.USBD_LL_PrepareReceive)
    [Anonymous Symbol]                       0x08003c80   Section        0  usbd_core.o(.text.USBD_LL_Reset)
    [Anonymous Symbol]                       0x08003cc4   Section        0  usbd_core.o(.text.USBD_LL_Resume)
    [Anonymous Symbol]                       0x08003cd2   Section        0  usbd_core.o(.text.USBD_LL_SOF)
    [Anonymous Symbol]                       0x08003cee   Section        0  usbd_core.o(.text.USBD_LL_SetSpeed)
    [Anonymous Symbol]                       0x08003cf4   Section        0  usbd_conf.o(.text.USBD_LL_SetUSBAddress)
    [Anonymous Symbol]                       0x08003d14   Section        0  usbd_core.o(.text.USBD_LL_SetupStage)
    [Anonymous Symbol]                       0x08003d74   Section        0  usbd_conf.o(.text.USBD_LL_StallEP)
    [Anonymous Symbol]                       0x08003d94   Section        0  usbd_conf.o(.text.USBD_LL_Start)
    [Anonymous Symbol]                       0x08003db4   Section        0  usbd_core.o(.text.USBD_LL_Suspend)
    [Anonymous Symbol]                       0x08003dc8   Section        0  usbd_conf.o(.text.USBD_LL_Transmit)
    __arm_cp.24_0                            0x08003de8   Number         4  usbd_conf.o(.text.USBD_LL_Transmit)
    [Anonymous Symbol]                       0x08003dec   Section        0  usbd_ctlreq.o(.text.USBD_ParseSetupRequest)
    [Anonymous Symbol]                       0x08003e14   Section        0  usbd_core.o(.text.USBD_RegisterClass)
    [Anonymous Symbol]                       0x08003e26   Section        0  usbd_core.o(.text.USBD_SetClassConfig)
    [Anonymous Symbol]                       0x08003e42   Section        0  usbd_core.o(.text.USBD_Start)
    [Anonymous Symbol]                       0x08003e4c   Section        0  usbd_ctlreq.o(.text.USBD_StdDevReq)
    __arm_cp.0_0                             0x0800417c   Number         4  usbd_ctlreq.o(.text.USBD_StdDevReq)
    [Anonymous Symbol]                       0x08004180   Section        0  usbd_ctlreq.o(.text.USBD_StdEPReq)
    [Anonymous Symbol]                       0x080042aa   Section        0  usbd_ctlreq.o(.text.USBD_StdItfReq)
    [Anonymous Symbol]                       0x08004306   Section        0  usbd_conf.o(.text.USBD_static_free)
    [Anonymous Symbol]                       0x08004308   Section        0  usbd_conf.o(.text.USBD_static_malloc)
    __arm_cp.28_0                            0x0800430c   Number         4  usbd_conf.o(.text.USBD_static_malloc)
    [Anonymous Symbol]                       0x08004310   Section        0  stm32f0xx_it.o(.text.USB_IRQHandler)
    __arm_cp.5_0                             0x0800431c   Number         4  stm32f0xx_it.o(.text.USB_IRQHandler)
    [Anonymous Symbol]                       0x08004320   Section        0  main.o(.text._Error_Handler)
    [Anonymous Symbol]                       0x08004322   Section        0  bootloader.o(.text.bootloaderSwitcher)
    [Anonymous Symbol]                       0x0800435c   Section        0  main.o(.text.main)
    __arm_cp.0_0                             0x08004498   Number         4  main.o(.text.main)
    __arm_cp.0_1                             0x0800449c   Number         4  main.o(.text.main)
    __arm_cp.0_2                             0x080044a0   Number         4  main.o(.text.main)
    __arm_cp.0_3                             0x080044a4   Number         4  main.o(.text.main)
    __arm_cp.0_4                             0x080044a8   Number         4  main.o(.text.main)
    __arm_cp.0_5                             0x080044ac   Number         4  main.o(.text.main)
    __arm_cp.0_6                             0x080044b0   Number         4  main.o(.text.main)
    __arm_cp.0_7                             0x080044b4   Number         4  main.o(.text.main)
    __arm_cp.0_8                             0x080044b8   Number         4  main.o(.text.main)
    __arm_cp.0_9                             0x080044bc   Number         4  main.o(.text.main)
    __arm_cp.0_10                            0x080044c0   Number         4  main.o(.text.main)
    __arm_cp.0_11                            0x080044c4   Number         4  main.o(.text.main)
    __arm_cp.0_12                            0x080044c8   Number         4  main.o(.text.main)
    __arm_cp.0_13                            0x080044cc   Number         4  main.o(.text.main)
    __arm_cp.0_14                            0x080044d0   Number         4  main.o(.text.main)
    parseHex                                 0x080044d5   Thumb Code    98  slcan.o(.text.parseHex)
    [Anonymous Symbol]                       0x080044d4   Section        0  slcan.o(.text.parseHex)
    [Anonymous Symbol]                       0x08004538   Section        0  slcan.o(.text.slCanCheckCommand)
    __arm_cp.3_13                            0x08004860   Number         4  slcan.o(.text.slCanCheckCommand)
    __arm_cp.3_18                            0x08004cd0   Number         4  slcan.o(.text.slCanCheckCommand)
    __arm_cp.3_3                             0x08005164   Number         4  slcan.o(.text.slCanCheckCommand)
    [Anonymous Symbol]                       0x08005168   Section        0  slcan.o(.text.slCanProccesInput)
    __arm_cp.2_0                             0x080051a0   Number         4  slcan.o(.text.slCanProccesInput)
    __arm_cp.2_1                             0x080051a4   Number         4  slcan.o(.text.slCanProccesInput)
    __arm_cp.2_2                             0x080051a8   Number         4  slcan.o(.text.slCanProccesInput)
    [Anonymous Symbol]                       0x080051ac   Section        0  slcan_additional.o(.text.slcanClearAllFilters)
    __arm_cp.1_0                             0x080051d8   Number         4  slcan_additional.o(.text.slcanClearAllFilters)
    [Anonymous Symbol]                       0x080051dc   Section        0  slcan.o(.text.slcanClose)
    __arm_cp.0_0                             0x080051ec   Number         4  slcan.o(.text.slcanClose)
    [Anonymous Symbol]                       0x080051f0   Section        0  slcan_additional.o(.text.slcanFillIdRegister16)
    [Anonymous Symbol]                       0x0800522c   Section        0  slcan_additional.o(.text.slcanFillIdRegister32)
    [Anonymous Symbol]                       0x0800525c   Section        0  slcan.o(.text.slcanOutputFlush)
    __arm_cp.1_0                             0x080052a0   Number         4  slcan.o(.text.slcanOutputFlush)
    __arm_cp.1_2                             0x080052a4   Number         4  slcan.o(.text.slcanOutputFlush)
    [Anonymous Symbol]                       0x080052a8   Section        0  slcan.o(.text.slcanReciveCanFrame)
    __arm_cp.6_0                             0x0800552c   Number         4  slcan.o(.text.slcanReciveCanFrame)
    __arm_cp.6_1                             0x08005530   Number         4  slcan.o(.text.slcanReciveCanFrame)
    __arm_cp.6_2                             0x08005534   Number         4  slcan.o(.text.slcanReciveCanFrame)
    __arm_cp.6_3                             0x08005538   Number         4  slcan.o(.text.slcanReciveCanFrame)
    [Anonymous Symbol]                       0x0800553c   Section        0  slcan_additional.o(.text.slcanSetCANBaudRate)
    __arm_cp.4_0                             0x08005638   Number         4  slcan_additional.o(.text.slcanSetCANBaudRate)
    __arm_cp.4_1                             0x0800563c   Number         4  slcan_additional.o(.text.slcanSetCANBaudRate)
    [Anonymous Symbol]                       0x08005640   Section        0  slcan.o(.text.slcan_getState)
    __arm_cp.5_0                             0x08005648   Number         4  slcan.o(.text.slcan_getState)
    .text_divfast                            0x0800564c   Section      502  aeabi_sdivfast.o(.text_divfast)
    [Anonymous Symbol]                       0x0800585a   Section        0  stm32f0xx_hal_rcc.o(.rodata.cst16)
    USBD_CDC_DeviceQualifierDesc             0x200000e0   Data          10  usbd_cdc.o(.data.USBD_CDC_DeviceQualifierDesc)
    [Anonymous Symbol]                       0x200000e0   Section        0  usbd_cdc.o(.data.USBD_CDC_DeviceQualifierDesc)
    .bss                                     0x20000160   Section       96  libspace.o(.bss)
    USBD_CDC_Setup.ifalt                     0x20000200   Data           1  usbd_cdc.o(.bss.USBD_CDC_Setup.ifalt)
    [Anonymous Symbol]                       0x20000200   Section        0  usbd_cdc.o(.bss.USBD_CDC_Setup.ifalt)
    USBD_SetConfig.cfgidx                    0x20000201   Data           1  usbd_ctlreq.o(.bss.USBD_SetConfig.cfgidx)
    [Anonymous Symbol]                       0x20000201   Section        0  usbd_ctlreq.o(.bss.USBD_SetConfig.cfgidx)
    USBD_static_malloc.mem                   0x20000404   Data         544  usbd_conf.o(.bss.USBD_static_malloc.mem)
    [Anonymous Symbol]                       0x20000404   Section        0  usbd_conf.o(.bss.USBD_static_malloc.mem)
    slCanProccesInput.line                   0x20000cbc   Data         100  slcan.o(.bss.slCanProccesInput.line)
    [Anonymous Symbol]                       0x20000cbc   Section        0  slcan.o(.bss.slCanProccesInput.line)
    slCanProccesInput.linepos                0x20000d20   Data           1  slcan.o(.bss.slCanProccesInput.linepos)
    [Anonymous Symbol]                       0x20000d20   Section        0  slcan.o(.bss.slCanProccesInput.linepos)
    state                                    0x20000d42   Data           1  slcan.o(.bss.state)
    [Anonymous Symbol]                       0x20000d42   Section        0  slcan.o(.bss.state)
    terminator                               0x20000d43   Data           1  slcan.o(.bss.terminator)
    [Anonymous Symbol]                       0x20000d43   Section        0  slcan.o(.bss.terminator)
    Heap_Mem                                 0x20000d48   Data         512  startup_stm32f042x6.o(HEAP)
    HEAP                                     0x20000d48   Section      512  startup_stm32f042x6.o(HEAP)
    Stack_Mem                                0x20000f48   Data        1024  startup_stm32f042x6.o(STACK)
    STACK                                    0x20000f48   Section     1024  startup_stm32f042x6.o(STACK)
    __initial_sp                             0x20001348   Data           0  startup_stm32f042x6.o(STACK)

    Global Symbols

    Symbol Name                              Value     Ov Type        Size  Object(Section)

    BuildAttributes$$THM_ISAv3M$S$PE$A:L22$X:L11$S22$IEEE1$IW$~IW$USESV6$~STKCKD$USESV7$~SHL$OTIME$ROPI$EBA8$UX$STANDARDLIB$REQ8$PRES8$EABIv2 0x00000000   Number         0  anon$$obj.o ABSOLUTE
    __ARM_exceptions_init                     - Undefined Weak Reference
    __alloca_initialize                       - Undefined Weak Reference
    __arm_preinit_                            - Undefined Weak Reference
    __arm_relocate_pie_                       - Undefined Weak Reference
    __cpp_initialize__aeabi_                  - Undefined Weak Reference
    __cxa_finalize                            - Undefined Weak Reference
    __rt_locale                               - Undefined Weak Reference
    __sigvec_lookup                           - Undefined Weak Reference
    _atexit_init                              - Undefined Weak Reference
    _call_atexit_fns                          - Undefined Weak Reference
    _clock_init                               - Undefined Weak Reference
    _fp_trap_init                             - Undefined Weak Reference
    _fp_trap_shutdown                         - Undefined Weak Reference
    _get_lc_collate                           - Undefined Weak Reference
    _get_lc_ctype                             - Undefined Weak Reference
    _get_lc_monetary                          - Undefined Weak Reference
    _get_lc_numeric                           - Undefined Weak Reference
    _get_lc_time                              - Undefined Weak Reference
    _getenv_init                              - Undefined Weak Reference
    _handle_redirection                       - Undefined Weak Reference
    _init_alloc                               - Undefined Weak Reference
    _init_user_alloc                          - Undefined Weak Reference
    _initio                                   - Undefined Weak Reference
    _rand_init                                - Undefined Weak Reference
    _signal_finish                            - Undefined Weak Reference
    _signal_init                              - Undefined Weak Reference
    _terminate_alloc                          - Undefined Weak Reference
    _terminate_user_alloc                     - Undefined Weak Reference
    _terminateio                              - Undefined Weak Reference
    __Vectors_Size                           0x000000c0   Number         0  startup_stm32f042x6.o ABSOLUTE
    __Vectors                                0x08000000   Data           4  startup_stm32f042x6.o(RESET)
    __Vectors_End                            0x080000c0   Data           0  startup_stm32f042x6.o(RESET)
    __main                                   0x080000c1   Thumb Code     8  __main.o(!!!main)
    __scatterload                            0x080000c9   Thumb Code     0  __scatter.o(!!!scatter)
    __scatterload_rt2                        0x080000c9   Thumb Code    52  __scatter.o(!!!scatter)
    __scatterload_rt2_thumb_only             0x080000c9   Thumb Code     0  __scatter.o(!!!scatter)
    __scatterload_null                       0x080000d9   Thumb Code     0  __scatter.o(!!!scatter)
    __scatterload_zeroinit                   0x08000105   Thumb Code    28  __scatter_zi.o(!!handler_zi)
    __rt_lib_init                            0x08000121   Thumb Code     0  libinit.o(.ARM.Collect$$libinit$$00000000)
    __rt_lib_init_alloca_1                   0x08000123   Thumb Code     0  libinit2.o(.ARM.Collect$$libinit$$00000030)
    __rt_lib_init_argv_1                     0x08000123   Thumb Code     0  libinit2.o(.ARM.Collect$$libinit$$0000002E)
    __rt_lib_init_atexit_1                   0x08000123   Thumb Code     0  libinit2.o(.ARM.Collect$$libinit$$0000001D)
    __rt_lib_init_clock_1                    0x08000123   Thumb Code     0  libinit2.o(.ARM.Collect$$libinit$$00000023)
    __rt_lib_init_cpp_1                      0x08000123   Thumb Code     0  libinit2.o(.ARM.Collect$$libinit$$00000034)
    __rt_lib_init_exceptions_1               0x08000123   Thumb Code     0  libinit2.o(.ARM.Collect$$libinit$$00000032)
    __rt_lib_init_fp_1                       0x08000123   Thumb Code     0  libinit2.o(.ARM.Collect$$libinit$$00000002)
    __rt_lib_init_fp_trap_1                  0x08000123   Thumb Code     0  libinit2.o(.ARM.Collect$$libinit$$00000021)
    __rt_lib_init_getenv_1                   0x08000123   Thumb Code     0  libinit2.o(.ARM.Collect$$libinit$$00000025)
    __rt_lib_init_heap_1                     0x08000123   Thumb Code     0  libinit2.o(.ARM.Collect$$libinit$$0000000C)
    __rt_lib_init_lc_collate_1               0x08000123   Thumb Code     0  libinit2.o(.ARM.Collect$$libinit$$00000013)
    __rt_lib_init_lc_ctype_1                 0x08000123   Thumb Code     0  libinit2.o(.ARM.Collect$$libinit$$00000015)
    __rt_lib_init_lc_monetary_1              0x08000123   Thumb Code     0  libinit2.o(.ARM.Collect$$libinit$$00000017)
    __rt_lib_init_lc_numeric_1               0x08000123   Thumb Code     0  libinit2.o(.ARM.Collect$$libinit$$00000019)
    __rt_lib_init_lc_time_1                  0x08000123   Thumb Code     0  libinit2.o(.ARM.Collect$$libinit$$0000001B)
    __rt_lib_init_preinit_1                  0x08000123   Thumb Code     0  libinit2.o(.ARM.Collect$$libinit$$00000006)
    __rt_lib_init_rand_1                     0x08000123   Thumb Code     0  libinit2.o(.ARM.Collect$$libinit$$00000010)
    __rt_lib_init_relocate_pie_1             0x08000123   Thumb Code     0  libinit2.o(.ARM.Collect$$libinit$$00000004)
    __rt_lib_init_return                     0x08000123   Thumb Code     0  libinit2.o(.ARM.Collect$$libinit$$00000035)
    __rt_lib_init_signal_1                   0x08000123   Thumb Code     0  libinit2.o(.ARM.Collect$$libinit$$0000001F)
    __rt_lib_init_stdio_1                    0x08000123   Thumb Code     0  libinit2.o(.ARM.Collect$$libinit$$00000027)
    __rt_lib_init_user_alloc_1               0x08000123   Thumb Code     0  libinit2.o(.ARM.Collect$$libinit$$0000000E)
    __rt_lib_shutdown                        0x08000125   Thumb Code     0  libshutdown.o(.ARM.Collect$$libshutdown$$00000000)
    __rt_lib_shutdown_cpp_1                  0x08000127   Thumb Code     0  libshutdown2.o(.ARM.Collect$$libshutdown$$00000002)
    __rt_lib_shutdown_fp_trap_1              0x08000127   Thumb Code     0  libshutdown2.o(.ARM.Collect$$libshutdown$$00000007)
    __rt_lib_shutdown_heap_1                 0x08000127   Thumb Code     0  libshutdown2.o(.ARM.Collect$$libshutdown$$0000000F)
    __rt_lib_shutdown_return                 0x08000127   Thumb Code     0  libshutdown2.o(.ARM.Collect$$libshutdown$$00000010)
    __rt_lib_shutdown_signal_1               0x08000127   Thumb Code     0  libshutdown2.o(.ARM.Collect$$libshutdown$$0000000A)
    __rt_lib_shutdown_stdio_1                0x08000127   Thumb Code     0  libshutdown2.o(.ARM.Collect$$libshutdown$$00000004)
    __rt_lib_shutdown_user_alloc_1           0x08000127   Thumb Code     0  libshutdown2.o(.ARM.Collect$$libshutdown$$0000000C)
    __rt_entry                               0x08000129   Thumb Code     0  __rtentry.o(.ARM.Collect$$rtentry$$00000000)
    __rt_entry_presh_1                       0x08000129   Thumb Code     0  __rtentry2.o(.ARM.Collect$$rtentry$$00000002)
    __rt_entry_sh                            0x08000129   Thumb Code     0  __rtentry4.o(.ARM.Collect$$rtentry$$00000004)
    __rt_entry_li                            0x0800012f   Thumb Code     0  __rtentry2.o(.ARM.Collect$$rtentry$$0000000A)
    __rt_entry_postsh_1                      0x0800012f   Thumb Code     0  __rtentry2.o(.ARM.Collect$$rtentry$$00000009)
    __rt_entry_main                          0x08000133   Thumb Code     0  __rtentry2.o(.ARM.Collect$$rtentry$$0000000D)
    __rt_entry_postli_1                      0x08000133   Thumb Code     0  __rtentry2.o(.ARM.Collect$$rtentry$$0000000C)
    __rt_exit                                0x0800013b   Thumb Code     0  rtexit.o(.ARM.Collect$$rtexit$$00000000)
    __rt_exit_ls                             0x0800013d   Thumb Code     0  rtexit2.o(.ARM.Collect$$rtexit$$00000003)
    __rt_exit_prels_1                        0x0800013d   Thumb Code     0  rtexit2.o(.ARM.Collect$$rtexit$$00000002)
    __rt_exit_exit                           0x08000141   Thumb Code     0  rtexit2.o(.ARM.Collect$$rtexit$$00000004)
    __aeabi_memcpy4                          0x08000149   Thumb Code    56  rt_memcpy.o(.emb_text)
    __aeabi_memcpy8                          0x08000149   Thumb Code     0  rt_memcpy.o(.emb_text)
    Reset_Handler                            0x08000181   Thumb Code    38  startup_stm32f042x6.o(.text)
    ADC1_IRQHandler                          0x080001b1   Thumb Code     0  startup_stm32f042x6.o(.text)
    DMA1_Channel1_IRQHandler                 0x080001b1   Thumb Code     0  startup_stm32f042x6.o(.text)
    DMA1_Channel2_3_IRQHandler               0x080001b1   Thumb Code     0  startup_stm32f042x6.o(.text)
    DMA1_Channel4_5_IRQHandler               0x080001b1   Thumb Code     0  startup_stm32f042x6.o(.text)
    EXTI0_1_IRQHandler                       0x080001b1   Thumb Code     0  startup_stm32f042x6.o(.text)
    EXTI2_3_IRQHandler                       0x080001b1   Thumb Code     0  startup_stm32f042x6.o(.text)
    EXTI4_15_IRQHandler                      0x080001b1   Thumb Code     0  startup_stm32f042x6.o(.text)
    FLASH_IRQHandler                         0x080001b1   Thumb Code     0  startup_stm32f042x6.o(.text)
    I2C1_IRQHandler                          0x080001b1   Thumb Code     0  startup_stm32f042x6.o(.text)
    PVD_VDDIO2_IRQHandler                    0x080001b1   Thumb Code     0  startup_stm32f042x6.o(.text)
    RCC_CRS_IRQHandler                       0x080001b1   Thumb Code     0  startup_stm32f042x6.o(.text)
    RTC_IRQHandler                           0x080001b1   Thumb Code     0  startup_stm32f042x6.o(.text)
    SPI1_IRQHandler                          0x080001b1   Thumb Code     0  startup_stm32f042x6.o(.text)
    SPI2_IRQHandler                          0x080001b1   Thumb Code     0  startup_stm32f042x6.o(.text)
    TIM14_IRQHandler                         0x080001b1   Thumb Code     0  startup_stm32f042x6.o(.text)
    TIM16_IRQHandler                         0x080001b1   Thumb Code     0  startup_stm32f042x6.o(.text)
    TIM17_IRQHandler                         0x080001b1   Thumb Code     0  startup_stm32f042x6.o(.text)
    TIM1_BRK_UP_TRG_COM_IRQHandler           0x080001b1   Thumb Code     0  startup_stm32f042x6.o(.text)
    TIM1_CC_IRQHandler                       0x080001b1   Thumb Code     0  startup_stm32f042x6.o(.text)
    TIM2_IRQHandler                          0x080001b1   Thumb Code     0  startup_stm32f042x6.o(.text)
    TIM3_IRQHandler                          0x080001b1   Thumb Code     0  startup_stm32f042x6.o(.text)
    TSC_IRQHandler                           0x080001b1   Thumb Code     0  startup_stm32f042x6.o(.text)
    USART1_IRQHandler                        0x080001b1   Thumb Code     0  startup_stm32f042x6.o(.text)
    WWDG_IRQHandler                          0x080001b1   Thumb Code     0  startup_stm32f042x6.o(.text)
    __user_initial_stackheap                 0x080001b5   Thumb Code     0  startup_stm32f042x6.o(.text)
    __aeabi_memcpy                           0x080001f5   Thumb Code   130  rt_memcpy.o(.text)
    __rt_memcpy                              0x080001f5   Thumb Code     0  rt_memcpy.o(.text)
    __aeabi_uidivmod                         0x08000279   Thumb Code    28  aeabi_sdivfast.o(.text)
    __aeabi_idivmod                          0x08000295   Thumb Code   472  aeabi_sdivfast.o(.text)
    __use_two_region_memory                  0x08000471   Thumb Code     2  heapauxi.o(.text)
    __rt_heap_escrow$2region                 0x08000473   Thumb Code     2  heapauxi.o(.text)
    __rt_heap_expand$2region                 0x08000475   Thumb Code     2  heapauxi.o(.text)
    __user_setup_stackheap                   0x08000477   Thumb Code    62  sys_stackheap_outer.o(.text)
    exit                                     0x080004b5   Thumb Code    16  exit.o(.text)
    __user_libspace                          0x080004c5   Thumb Code     8  libspace.o(.text)
    __user_perproc_libspace                  0x080004c5   Thumb Code     0  libspace.o(.text)
    __user_perthread_libspace                0x080004c5   Thumb Code     0  libspace.o(.text)
    _sys_exit                                0x080004cd   Thumb Code     8  sys_exit.o(.text)
    __I$use$semihosting                      0x080004d9   Thumb Code     0  use_no_semi.o(.text)
    __use_no_semihosting_swi                 0x080004d9   Thumb Code     2  use_no_semi.o(.text)
    __decompress                             0x080004db   Thumb Code     0  __dczerorl2.o(.text)
    __decompress1                            0x080004db   Thumb Code    86  __dczerorl2.o(.text)
    __semihosting_library_function           0x080004db   Thumb Code     0  indicate_semi.o(.text)
    CANInit                                  0x08000531   Thumb Code    36  slcan_additional.o(.text.CANInit)
    CDC_Transmit_FS                          0x08000705   Thumb Code    60  usbd_cdc_if.o(.text.CDC_Transmit_FS)
    CEC_CAN_IRQHandler                       0x08000749   Thumb Code    12  stm32f0xx_it.o(.text.CEC_CAN_IRQHandler)
    FLASH_WaitForLastOperation               0x08000759   Thumb Code   172  stm32f0xx_hal_flash.o(.text.FLASH_WaitForLastOperation)
    HAL_CAN_ConfigFilter                     0x0800080d   Thumb Code   212  stm32f0xx_hal_can.o(.text.HAL_CAN_ConfigFilter)
    HAL_CAN_ErrorCallback                    0x080008e5   Thumb Code     2  stm32f0xx_hal_can.o(.text.HAL_CAN_ErrorCallback)
    HAL_CAN_GetError                         0x080008e7   Thumb Code     4  stm32f0xx_hal_can.o(.text.HAL_CAN_GetError)
    HAL_CAN_IRQHandler                       0x080008ed   Thumb Code   400  stm32f0xx_hal_can.o(.text.HAL_CAN_IRQHandler)
    HAL_CAN_Init                             0x08000aa9   Thumb Code   302  stm32f0xx_hal_can.o(.text.HAL_CAN_Init)
    HAL_CAN_MspInit                          0x08000bd9   Thumb Code    68  stm32f0xx_hal_msp.o(.text.HAL_CAN_MspInit)
    HAL_CAN_Receive_IT                       0x08000c29   Thumb Code   200  stm32f0xx_hal_can.o(.text.HAL_CAN_Receive_IT)
    HAL_CAN_RxCpltCallback                   0x08000cf1   Thumb Code    12  main.o(.text.HAL_CAN_RxCpltCallback)
    HAL_CAN_Transmit                         0x08000d01   Thumb Code   360  stm32f0xx_hal_can.o(.text.HAL_CAN_Transmit)
    HAL_CAN_TxCpltCallback                   0x08000e71   Thumb Code     2  stm32f0xx_hal_can.o(.text.HAL_CAN_TxCpltCallback)
    HAL_FLASHEx_OBErase                      0x08000e75   Thumb Code   160  stm32f0xx_hal_flash_ex.o(.text.HAL_FLASHEx_OBErase)
    HAL_FLASHEx_OBGetConfig                  0x08000f19   Thumb Code    48  stm32f0xx_hal_flash_ex.o(.text.HAL_FLASHEx_OBGetConfig)
    HAL_FLASHEx_OBProgram                    0x08000f4d   Thumb Code   428  stm32f0xx_hal_flash_ex.o(.text.HAL_FLASHEx_OBProgram)
    HAL_FLASH_Lock                           0x08001101   Thumb Code    16  stm32f0xx_hal_flash.o(.text.HAL_FLASH_Lock)
    HAL_FLASH_OB_Launch                      0x08001111   Thumb Code    24  stm32f0xx_hal_flash.o(.text.HAL_FLASH_OB_Launch)
    HAL_FLASH_OB_Lock                        0x0800112d   Thumb Code    16  stm32f0xx_hal_flash.o(.text.HAL_FLASH_OB_Lock)
    HAL_FLASH_OB_Unlock                      0x08001141   Thumb Code    24  stm32f0xx_hal_flash.o(.text.HAL_FLASH_OB_Unlock)
    HAL_FLASH_Unlock                         0x0800115d   Thumb Code    24  stm32f0xx_hal_flash.o(.text.HAL_FLASH_Unlock)
    HAL_GPIO_Init                            0x08001181   Thumb Code   360  stm32f0xx_hal_gpio.o(.text.HAL_GPIO_Init)
    HAL_GPIO_WritePin                        0x080012fd   Thumb Code    16  stm32f0xx_hal_gpio.o(.text.HAL_GPIO_WritePin)
    HAL_GetTick                              0x0800130d   Thumb Code     8  stm32f0xx_hal.o(.text.HAL_GetTick)
    HAL_IWDG_Init                            0x08001315   Thumb Code    80  stm32f0xx_hal_iwdg.o(.text.HAL_IWDG_Init)
    HAL_IWDG_Refresh                         0x0800136d   Thumb Code    12  stm32f0xx_hal_iwdg.o(.text.HAL_IWDG_Refresh)
    HAL_IncTick                              0x0800137d   Thumb Code    12  stm32f0xx_hal.o(.text.HAL_IncTick)
    HAL_Init                                 0x0800138d   Thumb Code    28  stm32f0xx_hal.o(.text.HAL_Init)
    HAL_InitTick                             0x080013ad   Thumb Code    36  stm32f0xx_hal.o(.text.HAL_InitTick)
    HAL_MspInit                              0x080013d1   Thumb Code    76  stm32f0xx_hal_msp.o(.text.HAL_MspInit)
    HAL_NVIC_DisableIRQ                      0x08001421   Thumb Code    16  stm32f0xx_hal_cortex.o(.text.HAL_NVIC_DisableIRQ)
    HAL_NVIC_EnableIRQ                       0x08001435   Thumb Code    16  stm32f0xx_hal_cortex.o(.text.HAL_NVIC_EnableIRQ)
    HAL_NVIC_SetPriority                     0x08001449   Thumb Code    48  stm32f0xx_hal_cortex.o(.text.HAL_NVIC_SetPriority)
    HAL_PCDEx_PMAConfig                      0x08001481   Thumb Code    56  stm32f0xx_hal_pcd_ex.o(.text.HAL_PCDEx_PMAConfig)
    HAL_PCD_DataInStageCallback              0x080014b9   Thumb Code    24  usbd_conf.o(.text.HAL_PCD_DataInStageCallback)
    HAL_PCD_DataOutStageCallback             0x080014d1   Thumb Code    28  usbd_conf.o(.text.HAL_PCD_DataOutStageCallback)
    HAL_PCD_EP_Close                         0x080014ed   Thumb Code   176  stm32f0xx_hal_pcd.o(.text.HAL_PCD_EP_Close)
    HAL_PCD_EP_ClrStall                      0x080015a1   Thumb Code   140  stm32f0xx_hal_pcd.o(.text.HAL_PCD_EP_ClrStall)
    HAL_PCD_EP_GetRxCount                    0x08001631   Thumb Code    18  stm32f0xx_hal_pcd.o(.text.HAL_PCD_EP_GetRxCount)
    HAL_PCD_EP_Open                          0x08001645   Thumb Code   476  stm32f0xx_hal_pcd.o(.text.HAL_PCD_EP_Open)
    HAL_PCD_EP_Receive                       0x0800183d   Thumb Code   180  stm32f0xx_hal_pcd.o(.text.HAL_PCD_EP_Receive)
    HAL_PCD_EP_SetStall                      0x080018fd   Thumb Code   124  stm32f0xx_hal_pcd.o(.text.HAL_PCD_EP_SetStall)
    HAL_PCD_EP_Transmit                      0x08001989   Thumb Code   508  stm32f0xx_hal_pcd.o(.text.HAL_PCD_EP_Transmit)
    HAL_PCD_IRQHandler                       0x08001b91   Thumb Code  2328  stm32f0xx_hal_pcd.o(.text.HAL_PCD_IRQHandler)
    HAL_PCD_Init                             0x080024c1   Thumb Code   624  stm32f0xx_hal_pcd.o(.text.HAL_PCD_Init)
    HAL_PCD_MspInit                          0x08002731   Thumb Code    60  usbd_conf.o(.text.HAL_PCD_MspInit)
    HAL_PCD_ResetCallback                    0x08002775   Thumb Code    24  usbd_conf.o(.text.HAL_PCD_ResetCallback)
    HAL_PCD_ResumeCallback                   0x0800278d   Thumb Code    36  usbd_conf.o(.text.HAL_PCD_ResumeCallback)
    HAL_PCD_SOFCallback                      0x080027b1   Thumb Code    14  usbd_conf.o(.text.HAL_PCD_SOFCallback)
    HAL_PCD_SetAddress                       0x080027bf   Thumb Code    40  stm32f0xx_hal_pcd.o(.text.HAL_PCD_SetAddress)
    HAL_PCD_SetupStageCallback               0x080027e7   Thumb Code    22  usbd_conf.o(.text.HAL_PCD_SetupStageCallback)
    HAL_PCD_Start                            0x080027fd   Thumb Code    18  stm32f0xx_hal_pcd.o(.text.HAL_PCD_Start)
    HAL_PCD_SuspendCallback                  0x08002811   Thumb Code    32  usbd_conf.o(.text.HAL_PCD_SuspendCallback)
    HAL_RCCEx_PeriphCLKConfig                0x08002835   Thumb Code   284  stm32f0xx_hal_rcc_ex.o(.text.HAL_RCCEx_PeriphCLKConfig)
    HAL_RCC_ClockConfig                      0x0800295d   Thumb Code   400  stm32f0xx_hal_rcc.o(.text.HAL_RCC_ClockConfig)
    HAL_RCC_GetHCLKFreq                      0x08002af9   Thumb Code     8  stm32f0xx_hal_rcc.o(.text.HAL_RCC_GetHCLKFreq)
    HAL_RCC_GetPCLK1Freq                     0x08002b01   Thumb Code    20  stm32f0xx_hal_rcc.o(.text.HAL_RCC_GetPCLK1Freq)
    HAL_RCC_GetSysClockFreq                  0x08002b1d   Thumb Code    68  stm32f0xx_hal_rcc.o(.text.HAL_RCC_GetSysClockFreq)
    HAL_RCC_OscConfig                        0x08002b75   Thumb Code  1096  stm32f0xx_hal_rcc.o(.text.HAL_RCC_OscConfig)
    HAL_SYSTICK_CLKSourceConfig              0x08002fc5   Thumb Code    24  stm32f0xx_hal_cortex.o(.text.HAL_SYSTICK_CLKSourceConfig)
    HAL_SYSTICK_Callback                     0x08002fdd   Thumb Code     2  stm32f0xx_hal_cortex.o(.text.HAL_SYSTICK_Callback)
    HAL_SYSTICK_Config                       0x08002fe1   Thumb Code    40  stm32f0xx_hal_cortex.o(.text.HAL_SYSTICK_Config)
    HAL_SYSTICK_IRQHandler                   0x08003015   Thumb Code     8  stm32f0xx_hal_cortex.o(.text.HAL_SYSTICK_IRQHandler)
    HAL_UART_Init                            0x0800301d   Thumb Code   108  stm32f0xx_hal_uart.o(.text.HAL_UART_Init)
    HAL_UART_MspInit                         0x08003089   Thumb Code    68  stm32f0xx_hal_msp.o(.text.HAL_UART_MspInit)
    HAL_UART_RxCpltCallback                  0x080030d5   Thumb Code     2  main.o(.text.HAL_UART_RxCpltCallback)
    HardFault_Handler                        0x080030d7   Thumb Code     2  stm32f0xx_it.o(.text.HardFault_Handler)
    MX_USB_DEVICE_Init                       0x080030d9   Thumb Code    40  usb_device.o(.text.MX_USB_DEVICE_Init)
    NMI_Handler                              0x08003111   Thumb Code     2  stm32f0xx_it.o(.text.NMI_Handler)
    PendSV_Handler                           0x08003113   Thumb Code     2  stm32f0xx_it.o(.text.PendSV_Handler)
    RebootToBootloader                       0x08003115   Thumb Code    54  bootloader.o(.text.RebootToBootloader)
    SVC_Handler                              0x0800314b   Thumb Code     2  stm32f0xx_it.o(.text.SVC_Handler)
    SysTick_Handler                          0x0800314d   Thumb Code    12  stm32f0xx_it.o(.text.SysTick_Handler)
    SystemClock_Config                       0x08003159   Thumb Code   112  main.o(.text.SystemClock_Config)
    SystemInit                               0x080031c9   Thumb Code    76  system_stm32f0xx.o(.text.SystemInit)
    UART_AdvFeatureConfig                    0x08003221   Thumb Code   210  stm32f0xx_hal_uart.o(.text.UART_AdvFeatureConfig)
    UART_CheckIdleState                      0x080032f5   Thumb Code   152  stm32f0xx_hal_uart.o(.text.UART_CheckIdleState)
    UART_Receive_IT                          0x08003391   Thumb Code   114  stm32f0xx_hal_uart.o(.text.UART_Receive_IT)
    UART_SetConfig                           0x08003405   Thumb Code   252  stm32f0xx_hal_uart.o(.text.UART_SetConfig)
    USART2_IRQHandler                        0x0800352d   Thumb Code    12  stm32f0xx_it.o(.text.USART2_IRQHandler)
    USBD_CDC_GetDeviceQualifierDescriptor    0x080035ed   Thumb Code     8  usbd_cdc.o(.text.USBD_CDC_GetDeviceQualifierDescriptor)
    USBD_CDC_ReceivePacket                   0x08003699   Thumb Code    44  usbd_cdc.o(.text.USBD_CDC_ReceivePacket)
    USBD_CDC_RegisterInterface               0x080036c5   Thumb Code    18  usbd_cdc.o(.text.USBD_CDC_RegisterInterface)
    USBD_CDC_SetRxBuffer                     0x080036d7   Thumb Code    16  usbd_cdc.o(.text.USBD_CDC_SetRxBuffer)
    USBD_CDC_SetTxBuffer                     0x080036e7   Thumb Code    20  usbd_cdc.o(.text.USBD_CDC_SetTxBuffer)
    USBD_CDC_TransmitPacket                  0x0800377d   Thumb Code    50  usbd_cdc.o(.text.USBD_CDC_TransmitPacket)
    USBD_ClrClassConfig                      0x080037af   Thumb Code    16  usbd_core.o(.text.USBD_ClrClassConfig)
    USBD_CtlContinueRx                       0x080037bf   Thumb Code    18  usbd_ioreq.o(.text.USBD_CtlContinueRx)
    USBD_CtlContinueSendData                 0x080037d1   Thumb Code    18  usbd_ioreq.o(.text.USBD_CtlContinueSendData)
    USBD_CtlPrepareRx                        0x080037e3   Thumb Code    36  usbd_ioreq.o(.text.USBD_CtlPrepareRx)
    USBD_CtlReceiveStatus                    0x08003807   Thumb Code    26  usbd_ioreq.o(.text.USBD_CtlReceiveStatus)
    USBD_CtlSendData                         0x08003821   Thumb Code    30  usbd_ioreq.o(.text.USBD_CtlSendData)
    USBD_CtlSendStatus                       0x0800383f   Thumb Code    26  usbd_ioreq.o(.text.USBD_CtlSendStatus)
    USBD_FS_ConfigStrDescriptor              0x08003859   Thumb Code    20  usbd_desc.o(.text.USBD_FS_ConfigStrDescriptor)
    USBD_FS_DeviceDescriptor                 0x08003879   Thumb Code     8  usbd_desc.o(.text.USBD_FS_DeviceDescriptor)
    USBD_FS_InterfaceStrDescriptor           0x08003885   Thumb Code    20  usbd_desc.o(.text.USBD_FS_InterfaceStrDescriptor)
    USBD_FS_LangIDStrDescriptor              0x080038a9   Thumb Code     8  usbd_desc.o(.text.USBD_FS_LangIDStrDescriptor)
    USBD_FS_ManufacturerStrDescriptor        0x080038b5   Thumb Code    20  usbd_desc.o(.text.USBD_FS_ManufacturerStrDescriptor)
    USBD_FS_ProductStrDescriptor             0x080038d5   Thumb Code    20  usbd_desc.o(.text.USBD_FS_ProductStrDescriptor)
    USBD_FS_SerialStrDescriptor              0x08003901   Thumb Code    20  usbd_desc.o(.text.USBD_FS_SerialStrDescriptor)
    USBD_GetString                           0x08003929   Thumb Code   174  usbd_ctlreq.o(.text.USBD_GetString)
    USBD_Init                                0x080039d7   Thumb Code    46  usbd_core.o(.text.USBD_Init)
    USBD_LL_ClearStallEP                     0x08003a05   Thumb Code    32  usbd_conf.o(.text.USBD_LL_ClearStallEP)
    USBD_LL_CloseEP                          0x08003a25   Thumb Code    32  usbd_conf.o(.text.USBD_LL_CloseEP)
    USBD_LL_DataInStage                      0x08003a45   Thumb Code   172  usbd_core.o(.text.USBD_LL_DataInStage)
    USBD_LL_DataOutStage                     0x08003af1   Thumb Code   110  usbd_core.o(.text.USBD_LL_DataOutStage)
    USBD_LL_GetRxDataSize                    0x08003b5f   Thumb Code    14  usbd_conf.o(.text.USBD_LL_GetRxDataSize)
    USBD_LL_Init                             0x08003b6d   Thumb Code   136  usbd_conf.o(.text.USBD_LL_Init)
    USBD_LL_IsStallEP                        0x08003c11   Thumb Code    38  usbd_conf.o(.text.USBD_LL_IsStallEP)
    USBD_LL_OpenEP                           0x08003c39   Thumb Code    40  usbd_conf.o(.text.USBD_LL_OpenEP)
    USBD_LL_PrepareReceive                   0x08003c61   Thumb Code    32  usbd_conf.o(.text.USBD_LL_PrepareReceive)
    USBD_LL_Reset                            0x08003c81   Thumb Code    68  usbd_core.o(.text.USBD_LL_Reset)
    USBD_LL_Resume                           0x08003cc5   Thumb Code    14  usbd_core.o(.text.USBD_LL_Resume)
    USBD_LL_SOF                              0x08003cd3   Thumb Code    28  usbd_core.o(.text.USBD_LL_SOF)
    USBD_LL_SetSpeed                         0x08003cef   Thumb Code     6  usbd_core.o(.text.USBD_LL_SetSpeed)
    USBD_LL_SetUSBAddress                    0x08003cf5   Thumb Code    32  usbd_conf.o(.text.USBD_LL_SetUSBAddress)
    USBD_LL_SetupStage                       0x08003d15   Thumb Code    94  usbd_core.o(.text.USBD_LL_SetupStage)
    USBD_LL_StallEP                          0x08003d75   Thumb Code    32  usbd_conf.o(.text.USBD_LL_StallEP)
    USBD_LL_Start                            0x08003d95   Thumb Code    32  usbd_conf.o(.text.USBD_LL_Start)
    USBD_LL_Suspend                          0x08003db5   Thumb Code    18  usbd_core.o(.text.USBD_LL_Suspend)
    USBD_LL_Transmit                         0x08003dc9   Thumb Code    32  usbd_conf.o(.text.USBD_LL_Transmit)
    USBD_ParseSetupRequest                   0x08003ded   Thumb Code    40  usbd_ctlreq.o(.text.USBD_ParseSetupRequest)
    USBD_RegisterClass                       0x08003e15   Thumb Code    18  usbd_core.o(.text.USBD_RegisterClass)
    USBD_SetClassConfig                      0x08003e27   Thumb Code    28  usbd_core.o(.text.USBD_SetClassConfig)
    USBD_Start                               0x08003e43   Thumb Code    10  usbd_core.o(.text.USBD_Start)
    USBD_StdDevReq                           0x08003e4d   Thumb Code   816  usbd_ctlreq.o(.text.USBD_StdDevReq)
    USBD_StdEPReq                            0x08004181   Thumb Code   298  usbd_ctlreq.o(.text.USBD_StdEPReq)
    USBD_StdItfReq                           0x080042ab   Thumb Code    92  usbd_ctlreq.o(.text.USBD_StdItfReq)
    USBD_static_free                         0x08004307   Thumb Code     2  usbd_conf.o(.text.USBD_static_free)
    USBD_static_malloc                       0x08004309   Thumb Code     4  usbd_conf.o(.text.USBD_static_malloc)
    USB_IRQHandler                           0x08004311   Thumb Code    12  stm32f0xx_it.o(.text.USB_IRQHandler)
    _Error_Handler                           0x08004321   Thumb Code     2  main.o(.text._Error_Handler)
    bootloaderSwitcher                       0x08004323   Thumb Code    58  bootloader.o(.text.bootloaderSwitcher)
    main                                     0x0800435d   Thumb Code   316  main.o(.text.main)
    slCanCheckCommand                        0x08004539   Thumb Code  3116  slcan.o(.text.slCanCheckCommand)
    slCanProccesInput                        0x08005169   Thumb Code    56  slcan.o(.text.slCanProccesInput)
    slcanClearAllFilters                     0x080051ad   Thumb Code    44  slcan_additional.o(.text.slcanClearAllFilters)
    slcanClose                               0x080051dd   Thumb Code    16  slcan.o(.text.slcanClose)
    slcanFillIdRegister16                    0x080051f1   Thumb Code    60  slcan_additional.o(.text.slcanFillIdRegister16)
    slcanFillIdRegister32                    0x0800522d   Thumb Code    48  slcan_additional.o(.text.slcanFillIdRegister32)
    slcanOutputFlush                         0x0800525d   Thumb Code    68  slcan.o(.text.slcanOutputFlush)
    slcanReciveCanFrame                      0x080052a9   Thumb Code   644  slcan.o(.text.slcanReciveCanFrame)
    slcanSetCANBaudRate                      0x0800553d   Thumb Code   252  slcan_additional.o(.text.slcanSetCANBaudRate)
    slcan_getState                           0x08005641   Thumb Code     8  slcan.o(.text.slcan_getState)
    __aeabi_uidiv                            0x0800564d   Thumb Code    68  aeabi_sdivfast.o(.text_divfast)
    __aeabi_idiv                             0x08005691   Thumb Code   434  aeabi_sdivfast.o(.text_divfast)
    AHBPrescTable                            0x08005842   Data          16  system_stm32f0xx.o(.rodata.AHBPrescTable)
    APBPrescTable                            0x08005852   Data           8  system_stm32f0xx.o(.rodata.APBPrescTable)
    Region$$Table$$Base                      0x0800587c   Number         0  anon$$obj.o(Region$$Table)
    Region$$Table$$Limit                     0x0800589c   Number         0  anon$$obj.o(Region$$Table)
    FS_Desc                                  0x20000000   Data          28  usbd_desc.o(.data.FS_Desc)
    SystemCoreClock                          0x2000001c   Data           4  system_stm32f0xx.o(.data.SystemCoreClock)
    USBD_CDC                                 0x20000020   Data          56  usbd_cdc.o(.data.USBD_CDC)
    USBD_CDC_CfgFSDesc                       0x20000058   Data          67  usbd_cdc.o(.data.USBD_CDC_CfgFSDesc)
    USBD_CDC_CfgHSDesc                       0x2000009c   Data          67  usbd_cdc.o(.data.USBD_CDC_CfgHSDesc)
    USBD_CDC_OtherSpeedCfgDesc               0x200000ec   Data          67  usbd_cdc.o(.data.USBD_CDC_OtherSpeedCfgDesc)
    USBD_FS_DeviceDesc                       0x20000130   Data          18  usbd_desc.o(.data.USBD_FS_DeviceDesc)
    USBD_Interface_fops_FS                   0x20000144   Data          16  usbd_cdc_if.o(.data.USBD_Interface_fops_FS)
    USBD_LangIDDesc                          0x20000154   Data           4  usbd_desc.o(.data.USBD_LangIDDesc)
    uid                                      0x20000158   Data           4  main.o(.data.uid)
    __libspace_start                         0x20000160   Data          96  libspace.o(.bss)
    CanRxBuffer                              0x200001c0   Data          36  main.o(.bss.CanRxBuffer)
    __temporary_stack_top$libspace           0x200001c0   Data           0  libspace.o(.bss)
    CanTxBuffer                              0x200001e4   Data          28  main.o(.bss.CanTxBuffer)
    USBD_StrDesc                             0x20000204   Data         512  usbd_desc.o(.bss.USBD_StrDesc)
    UserRxBufferFS                           0x20000624   Data         128  usbd_cdc_if.o(.bss.UserRxBufferFS)
    UserTxBufferFS                           0x200006a4   Data         128  usbd_cdc_if.o(.bss.UserTxBufferFS)
    canRxFlags                               0x20000724   Data           2  main.o(.bss.canRxFlags)
    command                                  0x20000728   Data         100  slcan.o(.bss.command)
    hUsbDeviceFS                             0x2000078c   Data         548  usb_device.o(.bss.hUsbDeviceFS)
    hcan                                     0x200009b0   Data          68  main.o(.bss.hcan)
    hiwdg                                    0x200009f4   Data          16  main.o(.bss.hiwdg)
    hpcd_USB_FS                              0x20000a04   Data         544  usbd_conf.o(.bss.hpcd_USB_FS)
    huart2                                   0x20000c24   Data         112  main.o(.bss.huart2)
    pFlash                                   0x20000c98   Data          32  stm32f0xx_hal_flash.o(.bss.pFlash)
    serialNumber                             0x20000cb8   Data           4  main.o(.bss.serialNumber)
    sl_frame                                 0x20000d21   Data          32  slcan.o(.bss.sl_frame)
    sl_frame_len                             0x20000d41   Data           1  slcan.o(.bss.sl_frame_len)
    uwTick                                   0x20000d44   Data           4  stm32f0xx_hal.o(.bss.uwTick)



==============================================================================

Memory Map of the image

  Image Entry point : 0x080000c1

  Load Region LR_IROM1 (Base: 0x08000000, Size: 0x00005a00, Max: 0x00008000, ABSOLUTE, COMPRESSED[0x00005960])

    Execution Region ER_IROM1 (Exec base: 0x08000000, Load base: 0x08000000, Size: 0x0000589c, Max: 0x00008000, ABSOLUTE)

    Exec Addr    Load Addr    Size         Type   Attr      Idx    E Section Name        Object

    0x08000000   0x08000000   0x000000c0   Data   RO            3    RESET               startup_stm32f042x6.o
    0x080000c0   0x080000c0   0x00000008   Code   RO         1194  * !!!main             c_p.l(__main.o)
    0x080000c8   0x080000c8   0x0000003c   Code   RO         1373    !!!scatter          c_p.l(__scatter.o)
    0x08000104   0x08000104   0x0000001c   Code   RO         1375    !!handler_zi        c_p.l(__scatter_zi.o)
    0x08000120   0x08000120   0x00000002   Code   RO         1232    .ARM.Collect$$libinit$$00000000  c_p.l(libinit.o)
    0x08000122   0x08000122   0x00000000   Code   RO         1246    .ARM.Collect$$libinit$$00000002  c_p.l(libinit2.o)
    0x08000122   0x08000122   0x00000000   Code   RO         1248    .ARM.Collect$$libinit$$00000004  c_p.l(libinit2.o)
    0x08000122   0x08000122   0x00000000   Code   RO         1250    .ARM.Collect$$libinit$$00000006  c_p.l(libinit2.o)
    0x08000122   0x08000122   0x00000000   Code   RO         1253    .ARM.Collect$$libinit$$0000000C  c_p.l(libinit2.o)
    0x08000122   0x08000122   0x00000000   Code   RO         1255    .ARM.Collect$$libinit$$0000000E  c_p.l(libinit2.o)
    0x08000122   0x08000122   0x00000000   Code   RO         1257    .ARM.Collect$$libinit$$00000010  c_p.l(libinit2.o)
    0x08000122   0x08000122   0x00000000   Code   RO         1260    .ARM.Collect$$libinit$$00000013  c_p.l(libinit2.o)
    0x08000122   0x08000122   0x00000000   Code   RO         1262    .ARM.Collect$$libinit$$00000015  c_p.l(libinit2.o)
    0x08000122   0x08000122   0x00000000   Code   RO         1264    .ARM.Collect$$libinit$$00000017  c_p.l(libinit2.o)
    0x08000122   0x08000122   0x00000000   Code   RO         1266    .ARM.Collect$$libinit$$00000019  c_p.l(libinit2.o)
    0x08000122   0x08000122   0x00000000   Code   RO         1268    .ARM.Collect$$libinit$$0000001B  c_p.l(libinit2.o)
    0x08000122   0x08000122   0x00000000   Code   RO         1270    .ARM.Collect$$libinit$$0000001D  c_p.l(libinit2.o)
    0x08000122   0x08000122   0x00000000   Code   RO         1272    .ARM.Collect$$libinit$$0000001F  c_p.l(libinit2.o)
    0x08000122   0x08000122   0x00000000   Code   RO         1274    .ARM.Collect$$libinit$$00000021  c_p.l(libinit2.o)
    0x08000122   0x08000122   0x00000000   Code   RO         1276    .ARM.Collect$$libinit$$00000023  c_p.l(libinit2.o)
    0x08000122   0x08000122   0x00000000   Code   RO         1278    .ARM.Collect$$libinit$$00000025  c_p.l(libinit2.o)
    0x08000122   0x08000122   0x00000000   Code   RO         1280    .ARM.Collect$$libinit$$00000027  c_p.l(libinit2.o)
    0x08000122   0x08000122   0x00000000   Code   RO         1284    .ARM.Collect$$libinit$$0000002E  c_p.l(libinit2.o)
    0x08000122   0x08000122   0x00000000   Code   RO         1286    .ARM.Collect$$libinit$$00000030  c_p.l(libinit2.o)
    0x08000122   0x08000122   0x00000000   Code   RO         1288    .ARM.Collect$$libinit$$00000032  c_p.l(libinit2.o)
    0x08000122   0x08000122   0x00000000   Code   RO         1290    .ARM.Collect$$libinit$$00000034  c_p.l(libinit2.o)
    0x08000122   0x08000122   0x00000002   Code   RO         1291    .ARM.Collect$$libinit$$00000035  c_p.l(libinit2.o)
    0x08000124   0x08000124   0x00000002   Code   RO         1326    .ARM.Collect$$libshutdown$$00000000  c_p.l(libshutdown.o)
    0x08000126   0x08000126   0x00000000   Code   RO         1354    .ARM.Collect$$libshutdown$$00000002  c_p.l(libshutdown2.o)
    0x08000126   0x08000126   0x00000000   Code   RO         1356    .ARM.Collect$$libshutdown$$00000004  c_p.l(libshutdown2.o)
    0x08000126   0x08000126   0x00000000   Code   RO         1359    .ARM.Collect$$libshutdown$$00000007  c_p.l(libshutdown2.o)
    0x08000126   0x08000126   0x00000000   Code   RO         1362    .ARM.Collect$$libshutdown$$0000000A  c_p.l(libshutdown2.o)
    0x08000126   0x08000126   0x00000000   Code   RO         1364    .ARM.Collect$$libshutdown$$0000000C  c_p.l(libshutdown2.o)
    0x08000126   0x08000126   0x00000000   Code   RO         1367    .ARM.Collect$$libshutdown$$0000000F  c_p.l(libshutdown2.o)
    0x08000126   0x08000126   0x00000002   Code   RO         1368    .ARM.Collect$$libshutdown$$00000010  c_p.l(libshutdown2.o)
    0x08000128   0x08000128   0x00000000   Code   RO         1196    .ARM.Collect$$rtentry$$00000000  c_p.l(__rtentry.o)
    0x08000128   0x08000128   0x00000000   Code   RO         1202    .ARM.Collect$$rtentry$$00000002  c_p.l(__rtentry2.o)
    0x08000128   0x08000128   0x00000006   Code   RO         1214    .ARM.Collect$$rtentry$$00000004  c_p.l(__rtentry4.o)
    0x0800012e   0x0800012e   0x00000000   Code   RO         1204    .ARM.Collect$$rtentry$$00000009  c_p.l(__rtentry2.o)
    0x0800012e   0x0800012e   0x00000004   Code   RO         1205    .ARM.Collect$$rtentry$$0000000A  c_p.l(__rtentry2.o)
    0x08000132   0x08000132   0x00000000   Code   RO         1207    .ARM.Collect$$rtentry$$0000000C  c_p.l(__rtentry2.o)
    0x08000132   0x08000132   0x00000008   Code   RO         1208    .ARM.Collect$$rtentry$$0000000D  c_p.l(__rtentry2.o)
    0x0800013a   0x0800013a   0x00000002   Code   RO         1237    .ARM.Collect$$rtexit$$00000000  c_p.l(rtexit.o)
    0x0800013c   0x0800013c   0x00000000   Code   RO         1297    .ARM.Collect$$rtexit$$00000002  c_p.l(rtexit2.o)
    0x0800013c   0x0800013c   0x00000004   Code   RO         1298    .ARM.Collect$$rtexit$$00000003  c_p.l(rtexit2.o)
    0x08000140   0x08000140   0x00000006   Code   RO         1299    .ARM.Collect$$rtexit$$00000004  c_p.l(rtexit2.o)
    0x08000146   0x08000146   0x00000002   PAD
    0x08000148   0x08000148   0x00000038   Code   RO         1180    .emb_text           c_p.l(rt_memcpy.o)
    0x08000180   0x08000180   0x00000074   Code   RO            4    .text               startup_stm32f042x6.o
    0x080001f4   0x080001f4   0x00000082   Code   RO         1181    .text               c_p.l(rt_memcpy.o)
    0x08000276   0x08000276   0x00000002   PAD
    0x08000278   0x08000278   0x000001f8   Code   RO         1184    .text               c_p.l(aeabi_sdivfast.o)
    0x08000470   0x08000470   0x00000006   Code   RO         1192    .text               c_p.l(heapauxi.o)
    0x08000476   0x08000476   0x0000003e   Code   RO         1218    .text               c_p.l(sys_stackheap_outer.o)
    0x080004b4   0x080004b4   0x00000010   Code   RO         1221    .text               c_p.l(exit.o)
    0x080004c4   0x080004c4   0x00000008   Code   RO         1233    .text               c_p.l(libspace.o)
    0x080004cc   0x080004cc   0x0000000c   Code   RO         1292    .text               c_p.l(sys_exit.o)
    0x080004d8   0x080004d8   0x00000002   Code   RO         1315    .text               c_p.l(use_no_semi.o)
    0x080004da   0x080004da   0x00000000   Code   RO         1317    .text               c_p.l(indicate_semi.o)
    0x080004da   0x080004da   0x00000056   Code   RO         1371    .text               c_p.l(__dczerorl2.o)
    0x08000530   0x08000530   0x00000028   Code   RO          238    .text.CANInit       slcan_additional.o
    0x08000558   0x08000558   0x00000128   Code   RO          853    .text.CAN_Receive_IT  stm32f0xx_hal_can.o
    0x08000680   0x08000680   0x0000000e   Code   RO          150    .text.CDC_Control_FS  usbd_cdc_if.o
    0x0800068e   0x0800068e   0x00000004   Code   RO          148    .text.CDC_DeInit_FS  usbd_cdc_if.o
    0x08000692   0x08000692   0x00000002   PAD
    0x08000694   0x08000694   0x00000020   Code   RO          146    .text.CDC_Init_FS   usbd_cdc_if.o
    0x080006b4   0x080006b4   0x00000050   Code   RO          152    .text.CDC_Receive_FS  usbd_cdc_if.o
    0x08000704   0x08000704   0x00000044   Code   RO          154    .text.CDC_Transmit_FS  usbd_cdc_if.o
    0x08000748   0x08000748   0x00000010   Code   RO          179    .text.CEC_CAN_IRQHandler  stm32f0xx_it.o
    0x08000758   0x08000758   0x000000b4   Code   RO          776    .text.FLASH_WaitForLastOperation  stm32f0xx_hal_flash.o
    0x0800080c   0x0800080c   0x000000d8   Code   RO          833    .text.HAL_CAN_ConfigFilter  stm32f0xx_hal_can.o
    0x080008e4   0x080008e4   0x00000002   Code   RO          855    .text.HAL_CAN_ErrorCallback  stm32f0xx_hal_can.o
    0x080008e6   0x080008e6   0x00000004   Code   RO          863    .text.HAL_CAN_GetError  stm32f0xx_hal_can.o
    0x080008ea   0x080008ea   0x00000002   PAD
    0x080008ec   0x080008ec   0x000001bc   Code   RO          851    .text.HAL_CAN_IRQHandler  stm32f0xx_hal_can.o
    0x08000aa8   0x08000aa8   0x0000012e   Code   RO          829    .text.HAL_CAN_Init  stm32f0xx_hal_can.o
    0x08000bd6   0x08000bd6   0x00000002   PAD
    0x08000bd8   0x08000bd8   0x00000050   Code   RO          193    .text.HAL_CAN_MspInit  stm32f0xx_hal_msp.o
    0x08000c28   0x08000c28   0x000000c8   Code   RO          845    .text.HAL_CAN_Receive_IT  stm32f0xx_hal_can.o
    0x08000cf0   0x08000cf0   0x00000010   Code   RO           17    .text.HAL_CAN_RxCpltCallback  main.o
    0x08000d00   0x08000d00   0x00000170   Code   RO          839    .text.HAL_CAN_Transmit  stm32f0xx_hal_can.o
    0x08000e70   0x08000e70   0x00000002   Code   RO          857    .text.HAL_CAN_TxCpltCallback  stm32f0xx_hal_can.o
    0x08000e72   0x08000e72   0x00000002   PAD
    0x08000e74   0x08000e74   0x000000a4   Code   RO          813    .text.HAL_FLASHEx_OBErase  stm32f0xx_hal_flash_ex.o
    0x08000f18   0x08000f18   0x00000034   Code   RO          817    .text.HAL_FLASHEx_OBGetConfig  stm32f0xx_hal_flash_ex.o
    0x08000f4c   0x08000f4c   0x000001b4   Code   RO          815    .text.HAL_FLASHEx_OBProgram  stm32f0xx_hal_flash_ex.o
    0x08001100   0x08001100   0x00000010   Code   RO          788    .text.HAL_FLASH_Lock  stm32f0xx_hal_flash.o
    0x08001110   0x08001110   0x0000001c   Code   RO          794    .text.HAL_FLASH_OB_Launch  stm32f0xx_hal_flash.o
    0x0800112c   0x0800112c   0x00000014   Code   RO          792    .text.HAL_FLASH_OB_Lock  stm32f0xx_hal_flash.o
    0x08001140   0x08001140   0x0000001c   Code   RO          790    .text.HAL_FLASH_OB_Unlock  stm32f0xx_hal_flash.o
    0x0800115c   0x0800115c   0x00000024   Code   RO          786    .text.HAL_FLASH_Unlock  stm32f0xx_hal_flash.o
    0x08001180   0x08001180   0x0000017c   Code   RO          628    .text.HAL_GPIO_Init  stm32f0xx_hal_gpio.o
    0x080012fc   0x080012fc   0x00000010   Code   RO          634    .text.HAL_GPIO_WritePin  stm32f0xx_hal_gpio.o
    0x0800130c   0x0800130c   0x00000008   Code   RO          431    .text.HAL_GetTick   stm32f0xx_hal.o
    0x08001314   0x08001314   0x00000058   Code   RO          873    .text.HAL_IWDG_Init  stm32f0xx_hal_iwdg.o
    0x0800136c   0x0800136c   0x00000010   Code   RO          875    .text.HAL_IWDG_Refresh  stm32f0xx_hal_iwdg.o
    0x0800137c   0x0800137c   0x00000010   Code   RO          429    .text.HAL_IncTick   stm32f0xx_hal.o
    0x0800138c   0x0800138c   0x00000020   Code   RO          419    .text.HAL_Init      stm32f0xx_hal.o
    0x080013ac   0x080013ac   0x00000024   Code   RO          421    .text.HAL_InitTick  stm32f0xx_hal.o
    0x080013d0   0x080013d0   0x00000050   Code   RO          191    .text.HAL_MspInit   stm32f0xx_hal_msp.o
    0x08001420   0x08001420   0x00000014   Code   RO          688    .text.HAL_NVIC_DisableIRQ  stm32f0xx_hal_cortex.o
    0x08001434   0x08001434   0x00000014   Code   RO          686    .text.HAL_NVIC_EnableIRQ  stm32f0xx_hal_cortex.o
    0x08001448   0x08001448   0x00000038   Code   RO          684    .text.HAL_NVIC_SetPriority  stm32f0xx_hal_cortex.o
    0x08001480   0x08001480   0x00000038   Code   RO          343    .text.HAL_PCDEx_PMAConfig  stm32f0xx_hal_pcd_ex.o
    0x080014b8   0x080014b8   0x00000018   Code   RO           56    .text.HAL_PCD_DataInStageCallback  usbd_conf.o
    0x080014d0   0x080014d0   0x0000001c   Code   RO           54    .text.HAL_PCD_DataOutStageCallback  usbd_conf.o
    0x080014ec   0x080014ec   0x000000b4   Code   RO          311    .text.HAL_PCD_EP_Close  stm32f0xx_hal_pcd.o
    0x080015a0   0x080015a0   0x00000090   Code   RO          323    .text.HAL_PCD_EP_ClrStall  stm32f0xx_hal_pcd.o
    0x08001630   0x08001630   0x00000012   Code   RO          315    .text.HAL_PCD_EP_GetRxCount  stm32f0xx_hal_pcd.o
    0x08001642   0x08001642   0x00000002   PAD
    0x08001644   0x08001644   0x000001f8   Code   RO          309    .text.HAL_PCD_EP_Open  stm32f0xx_hal_pcd.o
    0x0800183c   0x0800183c   0x000000c0   Code   RO          313    .text.HAL_PCD_EP_Receive  stm32f0xx_hal_pcd.o
    0x080018fc   0x080018fc   0x0000008c   Code   RO          321    .text.HAL_PCD_EP_SetStall  stm32f0xx_hal_pcd.o
    0x08001988   0x08001988   0x00000208   Code   RO          317    .text.HAL_PCD_EP_Transmit  stm32f0xx_hal_pcd.o
    0x08001b90   0x08001b90   0x00000930   Code   RO          279    .text.HAL_PCD_IRQHandler  stm32f0xx_hal_pcd.o
    0x080024c0   0x080024c0   0x00000270   Code   RO          267    .text.HAL_PCD_Init  stm32f0xx_hal_pcd.o
    0x08002730   0x08002730   0x00000044   Code   RO           48    .text.HAL_PCD_MspInit  usbd_conf.o
    0x08002774   0x08002774   0x00000018   Code   RO           60    .text.HAL_PCD_ResetCallback  usbd_conf.o
    0x0800278c   0x0800278c   0x00000024   Code   RO           64    .text.HAL_PCD_ResumeCallback  usbd_conf.o
    0x080027b0   0x080027b0   0x0000000e   Code   RO           58    .text.HAL_PCD_SOFCallback  usbd_conf.o
    0x080027be   0x080027be   0x00000028   Code   RO          283    .text.HAL_PCD_SetAddress  stm32f0xx_hal_pcd.o
    0x080027e6   0x080027e6   0x00000016   Code   RO           52    .text.HAL_PCD_SetupStageCallback  usbd_conf.o
    0x080027fc   0x080027fc   0x00000012   Code   RO          277    .text.HAL_PCD_Start  stm32f0xx_hal_pcd.o
    0x0800280e   0x0800280e   0x00000002   PAD
    0x08002810   0x08002810   0x00000024   Code   RO           62    .text.HAL_PCD_SuspendCallback  usbd_conf.o
    0x08002834   0x08002834   0x00000128   Code   RO          387    .text.HAL_RCCEx_PeriphCLKConfig  stm32f0xx_hal_rcc_ex.o
    0x0800295c   0x0800295c   0x0000019c   Code   RO          356    .text.HAL_RCC_ClockConfig  stm32f0xx_hal_rcc.o
    0x08002af8   0x08002af8   0x00000008   Code   RO          366    .text.HAL_RCC_GetHCLKFreq  stm32f0xx_hal_rcc.o
    0x08002b00   0x08002b00   0x0000001c   Code   RO          368    .text.HAL_RCC_GetPCLK1Freq  stm32f0xx_hal_rcc.o
    0x08002b1c   0x08002b1c   0x00000058   Code   RO          358    .text.HAL_RCC_GetSysClockFreq  stm32f0xx_hal_rcc.o
    0x08002b74   0x08002b74   0x00000450   Code   RO          354    .text.HAL_RCC_OscConfig  stm32f0xx_hal_rcc.o
    0x08002fc4   0x08002fc4   0x00000018   Code   RO          702    .text.HAL_SYSTICK_CLKSourceConfig  stm32f0xx_hal_cortex.o
    0x08002fdc   0x08002fdc   0x00000002   Code   RO          706    .text.HAL_SYSTICK_Callback  stm32f0xx_hal_cortex.o
    0x08002fde   0x08002fde   0x00000002   PAD
    0x08002fe0   0x08002fe0   0x00000034   Code   RO          692    .text.HAL_SYSTICK_Config  stm32f0xx_hal_cortex.o
    0x08003014   0x08003014   0x00000008   Code   RO          704    .text.HAL_SYSTICK_IRQHandler  stm32f0xx_hal_cortex.o
    0x0800301c   0x0800301c   0x0000006c   Code   RO          887    .text.HAL_UART_Init  stm32f0xx_hal_uart.o
    0x08003088   0x08003088   0x0000004c   Code   RO          197    .text.HAL_UART_MspInit  stm32f0xx_hal_msp.o
    0x080030d4   0x080030d4   0x00000002   Code   RO           19    .text.HAL_UART_RxCpltCallback  main.o
    0x080030d6   0x080030d6   0x00000002   Code   RO          169    .text.HardFault_Handler  stm32f0xx_it.o
    0x080030d8   0x080030d8   0x00000038   Code   RO           39    .text.MX_USB_DEVICE_Init  usb_device.o
    0x08003110   0x08003110   0x00000002   Code   RO          167    .text.NMI_Handler   stm32f0xx_it.o
    0x08003112   0x08003112   0x00000002   Code   RO          173    .text.PendSV_Handler  stm32f0xx_it.o
    0x08003114   0x08003114   0x00000036   Code   RO          256    .text.RebootToBootloader  bootloader.o
    0x0800314a   0x0800314a   0x00000002   Code   RO          171    .text.SVC_Handler   stm32f0xx_it.o
    0x0800314c   0x0800314c   0x0000000c   Code   RO          175    .text.SysTick_Handler  stm32f0xx_it.o
    0x08003158   0x08003158   0x00000070   Code   RO           13    .text.SystemClock_Config  main.o
    0x080031c8   0x080031c8   0x00000058   Code   RO         1027    .text.SystemInit    system_stm32f0xx.o
    0x08003220   0x08003220   0x000000d2   Code   RO          893    .text.UART_AdvFeatureConfig  stm32f0xx_hal_uart.o
    0x080032f2   0x080032f2   0x00000002   PAD
    0x080032f4   0x080032f4   0x0000009c   Code   RO          895    .text.UART_CheckIdleState  stm32f0xx_hal_uart.o
    0x08003390   0x08003390   0x00000072   Code   RO          963    .text.UART_Receive_IT  stm32f0xx_hal_uart.o
    0x08003402   0x08003402   0x00000002   PAD
    0x08003404   0x08003404   0x00000128   Code   RO          891    .text.UART_SetConfig  stm32f0xx_hal_uart.o
    0x0800352c   0x0800352c   0x00000010   Code   RO          181    .text.USART2_IRQHandler  stm32f0xx_it.o
    0x0800353c   0x0800353c   0x00000018   Code   RO         1141    .text.USBD_CDC_DataIn  usbd_cdc.o
    0x08003554   0x08003554   0x00000034   Code   RO         1143    .text.USBD_CDC_DataOut  usbd_cdc.o
    0x08003588   0x08003588   0x0000003a   Code   RO         1135    .text.USBD_CDC_DeInit  usbd_cdc.o
    0x080035c2   0x080035c2   0x0000002a   Code   RO         1139    .text.USBD_CDC_EP0_RxReady  usbd_cdc.o
    0x080035ec   0x080035ec   0x0000000c   Code   RO         1151    .text.USBD_CDC_GetDeviceQualifierDescriptor  usbd_cdc.o
    0x080035f8   0x080035f8   0x0000000c   Code   RO         1147    .text.USBD_CDC_GetFSCfgDesc  usbd_cdc.o
    0x08003604   0x08003604   0x0000000c   Code   RO         1145    .text.USBD_CDC_GetHSCfgDesc  usbd_cdc.o
    0x08003610   0x08003610   0x0000000c   Code   RO         1149    .text.USBD_CDC_GetOtherSpeedCfgDesc  usbd_cdc.o
    0x0800361c   0x0800361c   0x0000007c   Code   RO         1133    .text.USBD_CDC_Init  usbd_cdc.o
    0x08003698   0x08003698   0x0000002c   Code   RO         1161    .text.USBD_CDC_ReceivePacket  usbd_cdc.o
    0x080036c4   0x080036c4   0x00000012   Code   RO         1153    .text.USBD_CDC_RegisterInterface  usbd_cdc.o
    0x080036d6   0x080036d6   0x00000010   Code   RO         1157    .text.USBD_CDC_SetRxBuffer  usbd_cdc.o
    0x080036e6   0x080036e6   0x00000014   Code   RO         1155    .text.USBD_CDC_SetTxBuffer  usbd_cdc.o
    0x080036fa   0x080036fa   0x00000002   PAD
    0x080036fc   0x080036fc   0x00000080   Code   RO         1137    .text.USBD_CDC_Setup  usbd_cdc.o
    0x0800377c   0x0800377c   0x00000032   Code   RO         1159    .text.USBD_CDC_TransmitPacket  usbd_cdc.o
    0x080037ae   0x080037ae   0x00000010   Code   RO         1056    .text.USBD_ClrClassConfig  usbd_core.o
    0x080037be   0x080037be   0x00000012   Code   RO         1117    .text.USBD_CtlContinueRx  usbd_ioreq.o
    0x080037d0   0x080037d0   0x00000012   Code   RO         1113    .text.USBD_CtlContinueSendData  usbd_ioreq.o
    0x080037e2   0x080037e2   0x00000024   Code   RO         1115    .text.USBD_CtlPrepareRx  usbd_ioreq.o
    0x08003806   0x08003806   0x0000001a   Code   RO         1121    .text.USBD_CtlReceiveStatus  usbd_ioreq.o
    0x08003820   0x08003820   0x0000001e   Code   RO         1111    .text.USBD_CtlSendData  usbd_ioreq.o
    0x0800383e   0x0800383e   0x0000001a   Code   RO         1119    .text.USBD_CtlSendStatus  usbd_ioreq.o
    0x08003858   0x08003858   0x00000020   Code   RO          130    .text.USBD_FS_ConfigStrDescriptor  usbd_desc.o
    0x08003878   0x08003878   0x0000000c   Code   RO          120    .text.USBD_FS_DeviceDescriptor  usbd_desc.o
    0x08003884   0x08003884   0x00000024   Code   RO          132    .text.USBD_FS_InterfaceStrDescriptor  usbd_desc.o
    0x080038a8   0x080038a8   0x0000000c   Code   RO          122    .text.USBD_FS_LangIDStrDescriptor  usbd_desc.o
    0x080038b4   0x080038b4   0x00000020   Code   RO          124    .text.USBD_FS_ManufacturerStrDescriptor  usbd_desc.o
    0x080038d4   0x080038d4   0x0000002c   Code   RO          126    .text.USBD_FS_ProductStrDescriptor  usbd_desc.o
    0x08003900   0x08003900   0x00000028   Code   RO          128    .text.USBD_FS_SerialStrDescriptor  usbd_desc.o
    0x08003928   0x08003928   0x000000ae   Code   RO         1100    .text.USBD_GetString  usbd_ctlreq.o
    0x080039d6   0x080039d6   0x0000002e   Code   RO         1042    .text.USBD_Init     usbd_core.o
    0x08003a04   0x08003a04   0x00000020   Code   RO           90    .text.USBD_LL_ClearStallEP  usbd_conf.o
    0x08003a24   0x08003a24   0x00000020   Code   RO           84    .text.USBD_LL_CloseEP  usbd_conf.o
    0x08003a44   0x08003a44   0x000000ac   Code   RO         1062    .text.USBD_LL_DataInStage  usbd_core.o
    0x08003af0   0x08003af0   0x0000006e   Code   RO         1060    .text.USBD_LL_DataOutStage  usbd_core.o
    0x08003b5e   0x08003b5e   0x0000000e   Code   RO          100    .text.USBD_LL_GetRxDataSize  usbd_conf.o
    0x08003b6c   0x08003b6c   0x000000a4   Code   RO           74    .text.USBD_LL_Init  usbd_conf.o
    0x08003c10   0x08003c10   0x00000026   Code   RO           92    .text.USBD_LL_IsStallEP  usbd_conf.o
    0x08003c36   0x08003c36   0x00000002   PAD
    0x08003c38   0x08003c38   0x00000028   Code   RO           82    .text.USBD_LL_OpenEP  usbd_conf.o
    0x08003c60   0x08003c60   0x00000020   Code   RO           98    .text.USBD_LL_PrepareReceive  usbd_conf.o
    0x08003c80   0x08003c80   0x00000044   Code   RO         1064    .text.USBD_LL_Reset  usbd_core.o
    0x08003cc4   0x08003cc4   0x0000000e   Code   RO         1070    .text.USBD_LL_Resume  usbd_core.o
    0x08003cd2   0x08003cd2   0x0000001c   Code   RO         1072    .text.USBD_LL_SOF   usbd_core.o
    0x08003cee   0x08003cee   0x00000006   Code   RO         1066    .text.USBD_LL_SetSpeed  usbd_core.o
    0x08003cf4   0x08003cf4   0x00000020   Code   RO           94    .text.USBD_LL_SetUSBAddress  usbd_conf.o
    0x08003d14   0x08003d14   0x0000005e   Code   RO         1058    .text.USBD_LL_SetupStage  usbd_core.o
    0x08003d72   0x08003d72   0x00000002   PAD
    0x08003d74   0x08003d74   0x00000020   Code   RO           88    .text.USBD_LL_StallEP  usbd_conf.o
    0x08003d94   0x08003d94   0x00000020   Code   RO           78    .text.USBD_LL_Start  usbd_conf.o
    0x08003db4   0x08003db4   0x00000012   Code   RO         1068    .text.USBD_LL_Suspend  usbd_core.o
    0x08003dc6   0x08003dc6   0x00000002   PAD
    0x08003dc8   0x08003dc8   0x00000024   Code   RO           96    .text.USBD_LL_Transmit  usbd_conf.o
    0x08003dec   0x08003dec   0x00000028   Code   RO         1098    .text.USBD_ParseSetupRequest  usbd_ctlreq.o
    0x08003e14   0x08003e14   0x00000012   Code   RO         1046    .text.USBD_RegisterClass  usbd_core.o
    0x08003e26   0x08003e26   0x0000001c   Code   RO         1054    .text.USBD_SetClassConfig  usbd_core.o
    0x08003e42   0x08003e42   0x0000000a   Code   RO         1048    .text.USBD_Start    usbd_core.o
    0x08003e4c   0x08003e4c   0x00000334   Code   RO         1090    .text.USBD_StdDevReq  usbd_ctlreq.o
    0x08004180   0x08004180   0x0000012a   Code   RO         1096    .text.USBD_StdEPReq  usbd_ctlreq.o
    0x080042aa   0x080042aa   0x0000005c   Code   RO         1094    .text.USBD_StdItfReq  usbd_ctlreq.o
    0x08004306   0x08004306   0x00000002   Code   RO          106    .text.USBD_static_free  usbd_conf.o
    0x08004308   0x08004308   0x00000008   Code   RO          104    .text.USBD_static_malloc  usbd_conf.o
    0x08004310   0x08004310   0x00000010   Code   RO          177    .text.USB_IRQHandler  stm32f0xx_it.o
    0x08004320   0x08004320   0x00000002   Code   RO           15    .text._Error_Handler  main.o
    0x08004322   0x08004322   0x0000003a   Code   RO          258    .text.bootloaderSwitcher  bootloader.o
    0x0800435c   0x0800435c   0x00000178   Code   RO           11    .text.main          main.o
    0x080044d4   0x080044d4   0x00000062   Code   RO          217    .text.parseHex      slcan.o
    0x08004536   0x08004536   0x00000002   PAD
    0x08004538   0x08004538   0x00000c30   Code   RO          215    .text.slCanCheckCommand  slcan.o
    0x08005168   0x08005168   0x00000044   Code   RO          213    .text.slCanProccesInput  slcan.o
    0x080051ac   0x080051ac   0x00000030   Code   RO          240    .text.slcanClearAllFilters  slcan_additional.o
    0x080051dc   0x080051dc   0x00000014   Code   RO          209    .text.slcanClose    slcan.o
    0x080051f0   0x080051f0   0x0000003c   Code   RO          244    .text.slcanFillIdRegister16  slcan_additional.o
    0x0800522c   0x0800522c   0x00000030   Code   RO          242    .text.slcanFillIdRegister32  slcan_additional.o
    0x0800525c   0x0800525c   0x0000004c   Code   RO          211    .text.slcanOutputFlush  slcan.o
    0x080052a8   0x080052a8   0x00000294   Code   RO          221    .text.slcanReciveCanFrame  slcan.o
    0x0800553c   0x0800553c   0x00000104   Code   RO          246    .text.slcanSetCANBaudRate  slcan_additional.o
    0x08005640   0x08005640   0x0000000c   Code   RO          219    .text.slcan_getState  slcan.o
    0x0800564c   0x0800564c   0x000001f6   Code   RO         1185    .text_divfast       c_p.l(aeabi_sdivfast.o)
    0x08005842   0x08005842   0x00000010   Data   RO         1032    .rodata.AHBPrescTable  system_stm32f0xx.o
    0x08005852   0x08005852   0x00000008   Data   RO         1033    .rodata.APBPrescTable  system_stm32f0xx.o
    0x0800585a   0x0800585a   0x00000020   Data   RO          378    .rodata.cst16       stm32f0xx_hal_rcc.o
    0x0800587a   0x0800587a   0x00000002   PAD
    0x0800587c   0x0800587c   0x00000020   Data   RO         1370    Region$$Table       anon$$obj.o


    Execution Region RW_IRAM1 (Exec base: 0x20000000, Load base: 0x080058a0, Size: 0x00001348, Max: 0x00001800, ABSOLUTE, COMPRESSED[0x000000c0])

    Exec Addr    Load Addr    Size         Type   Attr      Idx    E Section Name        Object

    0x20000000   COMPRESSED   0x0000001c   Data   RW          134    .data.FS_Desc       usbd_desc.o
    0x2000001c   COMPRESSED   0x00000004   Data   RW         1031    .data.SystemCoreClock  system_stm32f0xx.o
    0x20000020   COMPRESSED   0x00000038   Data   RW         1163    .data.USBD_CDC      usbd_cdc.o
    0x20000058   COMPRESSED   0x00000043   Data   RW         1165    .data.USBD_CDC_CfgFSDesc  usbd_cdc.o
    0x2000009b   COMPRESSED   0x00000001   PAD
    0x2000009c   COMPRESSED   0x00000043   Data   RW         1164    .data.USBD_CDC_CfgHSDesc  usbd_cdc.o
    0x200000df   COMPRESSED   0x00000001   PAD
    0x200000e0   COMPRESSED   0x0000000a   Data   RW         1167    .data.USBD_CDC_DeviceQualifierDesc  usbd_cdc.o
    0x200000ea   COMPRESSED   0x00000002   PAD
    0x200000ec   COMPRESSED   0x00000043   Data   RW         1166    .data.USBD_CDC_OtherSpeedCfgDesc  usbd_cdc.o
    0x2000012f   COMPRESSED   0x00000001   PAD
    0x20000130   COMPRESSED   0x00000012   Data   RW          135    .data.USBD_FS_DeviceDesc  usbd_desc.o
    0x20000142   COMPRESSED   0x00000002   PAD
    0x20000144   COMPRESSED   0x00000010   Data   RW          156    .data.USBD_Interface_fops_FS  usbd_cdc_if.o
    0x20000154   COMPRESSED   0x00000004   Data   RW          136    .data.USBD_LangIDDesc  usbd_desc.o
    0x20000158   COMPRESSED   0x00000004   Data   RW           21    .data.uid           main.o
    0x2000015c   COMPRESSED   0x00000004   PAD
    0x20000160        -       0x00000060   Zero   RW         1234    .bss                c_p.l(libspace.o)
    0x200001c0        -       0x00000024   Zero   RW           25    .bss.CanRxBuffer    main.o
    0x200001e4        -       0x0000001c   Zero   RW           23    .bss.CanTxBuffer    main.o
    0x20000200        -       0x00000001   Zero   RW         1168    .bss.USBD_CDC_Setup.ifalt  usbd_cdc.o
    0x20000201        -       0x00000001   Zero   RW         1102    .bss.USBD_SetConfig.cfgidx  usbd_ctlreq.o
    0x20000202   COMPRESSED   0x00000002   PAD
    0x20000204        -       0x00000200   Zero   RW          137    .bss.USBD_StrDesc   usbd_desc.o
    0x20000404        -       0x00000220   Zero   RW          111    .bss.USBD_static_malloc.mem  usbd_conf.o
    0x20000624        -       0x00000080   Zero   RW          158    .bss.UserRxBufferFS  usbd_cdc_if.o
    0x200006a4        -       0x00000080   Zero   RW          157    .bss.UserTxBufferFS  usbd_cdc_if.o
    0x20000724        -       0x00000002   Zero   RW           26    .bss.canRxFlags     main.o
    0x20000726   COMPRESSED   0x00000002   PAD
    0x20000728        -       0x00000064   Zero   RW          226    .bss.command        slcan.o
    0x2000078c        -       0x00000224   Zero   RW           41    .bss.hUsbDeviceFS   usb_device.o
    0x200009b0        -       0x00000044   Zero   RW           24    .bss.hcan           main.o
    0x200009f4        -       0x00000010   Zero   RW           27    .bss.hiwdg          main.o
    0x20000a04        -       0x00000220   Zero   RW          110    .bss.hpcd_USB_FS    usbd_conf.o
    0x20000c24        -       0x00000070   Zero   RW           28    .bss.huart2         main.o
    0x20000c94   COMPRESSED   0x00000004   PAD
    0x20000c98        -       0x00000020   Zero   RW          798    .bss.pFlash         stm32f0xx_hal_flash.o
    0x20000cb8        -       0x00000004   Zero   RW           22    .bss.serialNumber   main.o
    0x20000cbc        -       0x00000064   Zero   RW          227    .bss.slCanProccesInput.line  slcan.o
    0x20000d20        -       0x00000001   Zero   RW          228    .bss.slCanProccesInput.linepos  slcan.o
    0x20000d21        -       0x00000020   Zero   RW          225    .bss.sl_frame       slcan.o
    0x20000d41        -       0x00000001   Zero   RW          223    .bss.sl_frame_len   slcan.o
    0x20000d42        -       0x00000001   Zero   RW          224    .bss.state          slcan.o
    0x20000d43        -       0x00000001   Zero   RW          229    .bss.terminator     slcan.o
    0x20000d44        -       0x00000004   Zero   RW          459    .bss.uwTick         stm32f0xx_hal.o
    0x20000d48        -       0x00000200   Zero   RW            2    HEAP                startup_stm32f042x6.o
    0x20000f48        -       0x00000400   Zero   RW            1    STACK               startup_stm32f042x6.o


==============================================================================

Image component sizes


      Code (inc. data)   RO Data    RW Data    ZI Data      Debug   Object Name

       112          0          0          0          0       1186   bootloader.o
       508         64          0          4        266       9997   main.o
      4054        600          0          0        236      16575   slcan.o
       456        164          0          0          0       3749   slcan_additional.o
       116         56        192          0       1536        664   startup_stm32f042x6.o
        92          8          0          0          4       4499   stm32f0xx_hal.o
      1834         56          0          0          0      10058   stm32f0xx_hal_can.o
       182         28          0          0          0       5356   stm32f0xx_hal_cortex.o
       308         32          0          0         32       5360   stm32f0xx_hal_flash.o
       652         16          0          0          0       6413   stm32f0xx_hal_flash_ex.o
       396         20          0          0          0       4828   stm32f0xx_hal_gpio.o
       104         12          0          0          0       1768   stm32f0xx_hal_iwdg.o
       236         24          0          0          0       7667   stm32f0xx_hal_msp.o
      4732        160          0          0          0      28332   stm32f0xx_hal_pcd.o
        56          0          0          0          0       3149   stm32f0xx_hal_pcd_ex.o
      1640         52         32          0          0       7601   stm32f0xx_hal_rcc.o
       296         12          0          0          0       6213   stm32f0xx_hal_rcc_ex.o
       884         60          0          0          0      22147   stm32f0xx_hal_uart.o
        68         12          0          0          0       4594   stm32f0xx_it.o
        88         12         24          4          0       1757   system_stm32f0xx.o
        56         16          0          0        548       2735   usb_device.o
       624         20          0        267          1       7531   usbd_cdc.o
       198         16          0         16        256       2756   usbd_cdc_if.o
       746         48          0          0       1088      14416   usbd_conf.o
       628          0          0          0          0       7630   usbd_core.o
      1424         28          0          0          1       9061   usbd_ctlreq.o
       208         92          0         50        512       2894   usbd_desc.o
       154          0          0          0          0       4356   usbd_ioreq.o

    ----------------------------------------------------------------------
     20880       1608        282        348       4492     203292   Object Totals
         0          0         32          0          0          0   (incl. Generated)
        28          0          2          7         12          0   (incl. Padding)

    ----------------------------------------------------------------------

      Code (inc. data)   RO Data    RW Data    ZI Data      Debug   Library Member Name

        86          0          0          0          0          0   __dczerorl2.o
         8          0          0          0          0         68   __main.o
         0          0          0          0          0          0   __rtentry.o
        12          0          0          0          0          0   __rtentry2.o
         6          0          0          0          0          0   __rtentry4.o
        60          8          0          0          0          0   __scatter.o
        28          0          0          0          0          0   __scatter_zi.o
      1006          4          0          0          0        184   aeabi_sdivfast.o
        16          0          0          0          0         68   exit.o
         6          0          0          0          0        136   heapauxi.o
         0          0          0          0          0          0   indicate_semi.o
         2          0          0          0          0          0   libinit.o
         2          0          0          0          0          0   libinit2.o
         2          0          0          0          0          0   libshutdown.o
         2          0          0          0          0          0   libshutdown2.o
         8          4          0          0         96         68   libspace.o
       186          0          0          0          0        144   rt_memcpy.o
         2          0          0          0          0          0   rtexit.o
        10          0          0          0          0          0   rtexit2.o
        12          4          0          0          0         60   sys_exit.o
        62          0          0          0          0         80   sys_stackheap_outer.o
         2          0          0          0          0         68   use_no_semi.o

    ----------------------------------------------------------------------
      1522         20          0          0         96        876   Library Totals
         4          0          0          0          0          0   (incl. Padding)

    ----------------------------------------------------------------------

      Code (inc. data)   RO Data    RW Data    ZI Data      Debug   Library Name

      1518         20          0          0         96        876   c_p.l

    ----------------------------------------------------------------------
      1522         20          0          0         96        876   Library Totals

    ----------------------------------------------------------------------

==============================================================================


      Code (inc. data)   RO Data    RW Data    ZI Data      Debug   

     22402       1628        282        348       4588     203360   Grand Totals
     22402       1628        282        192       4588     203360   ELF Image Totals (compressed)
     22402       1628        282        192          0          0   ROM Totals

==============================================================================

    Total RO  Size (Code + RO Data)                22684 (  22.15kB)
    Total RW  Size (RW Data + ZI Data)              4936 (   4.82kB)
    Total ROM Size (Code + RO Data + RW Data)      22876 (  22.34kB)

==============================================================================

