Component: Arm Compiler for Embedded 6.19 Tool: armlink [5e73cb00]

==============================================================================

Section Cross References

    startup_stm32f042x6.o(RESET) refers to startup_stm32f042x6.o(STACK) for __initial_sp
    startup_stm32f042x6.o(RESET) refers to startup_stm32f042x6.o(.text) for Reset_Handler
    startup_stm32f042x6.o(RESET) refers to stm32f0xx_it.o(.text.NMI_Handler) for NMI_Handler
    startup_stm32f042x6.o(RESET) refers to stm32f0xx_it.o(.text.HardFault_Handler) for HardFault_Handler
    startup_stm32f042x6.o(RESET) refers to stm32f0xx_it.o(.text.SVC_Handler) for SVC_Handler
    startup_stm32f042x6.o(RESET) refers to stm32f0xx_it.o(.text.PendSV_Handler) for PendSV_Handler
    startup_stm32f042x6.o(RESET) refers to stm32f0xx_it.o(.text.SysTick_Handler) for SysTick_Handler
    startup_stm32f042x6.o(RESET) refers to stm32f0xx_it.o(.text.USB_IRQHandler) for USB_IRQHandler
    startup_stm32f042x6.o(.text) refers to startup_stm32f042x6.o(STACK) for __initial_sp
    startup_stm32f042x6.o(.text) refers to system_stm32f0xx.o(.text.SystemInit) for SystemInit
    startup_stm32f042x6.o(.text) refers to entry.o(.ARM.Collect$$$$00000000) for __main
    main.o(.text.main) refers to bootloader.o(.text.bootloaderSwitcher) for bootloaderSwitcher
    main.o(.text.main) refers to stm32f0xx_hal.o(.text.HAL_Init) for HAL_Init
    main.o(.text.main) refers to main.o(.text.SystemClock_Config) for SystemClock_Config
    main.o(.text.main) refers to stm32f0xx_hal_gpio.o(.text.HAL_GPIO_WritePin) for HAL_GPIO_WritePin
    main.o(.text.main) refers to stm32f0xx_hal_gpio.o(.text.HAL_GPIO_Init) for HAL_GPIO_Init
    main.o(.text.main) refers to stm32f0xx_hal_can.o(.text.HAL_CAN_Init) for HAL_CAN_Init
    main.o(.text.main) refers to usb_device.o(.text.MX_USB_DEVICE_Init) for MX_USB_DEVICE_Init
    main.o(.text.main) refers to stm32f0xx_hal_iwdg.o(.text.HAL_IWDG_Init) for HAL_IWDG_Init
    main.o(.text.main) refers to slcan_additional.o(.text.slcanClearAllFilters) for slcanClearAllFilters
    main.o(.text.main) refers to stm32f0xx_hal_cortex.o(.text.HAL_NVIC_SetPriority) for HAL_NVIC_SetPriority
    main.o(.text.main) refers to stm32f0xx_hal_can.o(.text.HAL_CAN_Receive_IT) for HAL_CAN_Receive_IT
    main.o(.text.main) refers to stm32f0xx_hal_iwdg.o(.text.HAL_IWDG_Refresh) for HAL_IWDG_Refresh
    main.o(.text.main) refers to slcan.o(.text.slCanCheckCommand) for slCanCheckCommand
    main.o(.text.main) refers to slcan.o(.text.slcanOutputFlush) for slcanOutputFlush
    main.o(.text.main) refers to slcan.o(.text.slcanReciveCanFrame) for slcanReciveCanFrame
    main.o(.text.main) refers to main.o(.data.uid) for uid
    main.o(.text.main) refers to main.o(.bss..L_MergedGlobals) for [Anonymous Symbol]
    main.o(.text.main) refers to main.o(.bss.hcan) for hcan
    main.o(.text.main) refers to slcan.o(.bss.command) for command
    main.o(.ARM.exidx.text.main) refers to main.o(.text.main) for [Anonymous Symbol]
    main.o(.text.SystemClock_Config) refers to stm32f0xx_hal_rcc.o(.text.HAL_RCC_OscConfig) for HAL_RCC_OscConfig
    main.o(.text.SystemClock_Config) refers to stm32f0xx_hal_rcc.o(.text.HAL_RCC_ClockConfig) for HAL_RCC_ClockConfig
    main.o(.text.SystemClock_Config) refers to stm32f0xx_hal_rcc_ex.o(.text.HAL_RCCEx_PeriphCLKConfig) for HAL_RCCEx_PeriphCLKConfig
    main.o(.text.SystemClock_Config) refers to stm32f0xx_hal_rcc.o(.text.HAL_RCC_GetHCLKFreq) for HAL_RCC_GetHCLKFreq
    main.o(.text.SystemClock_Config) refers to uidiv_div0.o(.text) for __aeabi_uidiv
    main.o(.text.SystemClock_Config) refers to stm32f0xx_hal_cortex.o(.text.HAL_SYSTICK_Config) for HAL_SYSTICK_Config
    main.o(.text.SystemClock_Config) refers to stm32f0xx_hal_cortex.o(.text.HAL_SYSTICK_CLKSourceConfig) for HAL_SYSTICK_CLKSourceConfig
    main.o(.text.SystemClock_Config) refers to stm32f0xx_hal_cortex.o(.text.HAL_NVIC_SetPriority) for HAL_NVIC_SetPriority
    main.o(.ARM.exidx.text.SystemClock_Config) refers to main.o(.text.SystemClock_Config) for [Anonymous Symbol]
    main.o(.text.HAL_CAN_ErrorCallback) refers to stm32f0xx_hal_can.o(.text.HAL_CAN_Receive_IT) for HAL_CAN_Receive_IT
    main.o(.ARM.exidx.text.HAL_CAN_ErrorCallback) refers to main.o(.text.HAL_CAN_ErrorCallback) for [Anonymous Symbol]
    main.o(.ARM.exidx.text._Error_Handler) refers to main.o(.text._Error_Handler) for [Anonymous Symbol]
    main.o(.text.HAL_CAN_RxCpltCallback) refers to main.o(.bss..L_MergedGlobals) for [Anonymous Symbol]
    main.o(.ARM.exidx.text.HAL_CAN_RxCpltCallback) refers to main.o(.text.HAL_CAN_RxCpltCallback) for [Anonymous Symbol]
    main.o(.ARM.exidx.text.HAL_UART_RxCpltCallback) refers to main.o(.text.HAL_UART_RxCpltCallback) for [Anonymous Symbol]
    usb_device.o(.text.MX_USB_DEVICE_Init) refers to usbd_core.o(.text.USBD_Init) for USBD_Init
    usb_device.o(.text.MX_USB_DEVICE_Init) refers to usbd_core.o(.text.USBD_RegisterClass) for USBD_RegisterClass
[...]

Image Symbol Table

    Local Symbols

    Symbol Name                              Value     Ov Type        Size  Object(Section)

    ../clib/../cmprslib/zerorunl2.c          0x00000000   Number         0  __dczerorl2.o ABSOLUTE
    ../clib/division.s                       0x00000000   Number         0  aeabi_sdivfast.o ABSOLUTE
    ../clib/division.s                       0x00000000   Number         0  aeabi_sdivfast_div0.o ABSOLUTE
    ../clib/microlib/division.c              0x00000000   Number         0  uidiv.o ABSOLUTE
    ../clib/microlib/division.c              0x00000000   Number         0  uidiv_div0.o ABSOLUTE
    ../clib/microlib/division.c              0x00000000   Number         0  idiv_div0.o ABSOLUTE
    ../clib/microlib/division.c              0x00000000   Number         0  idiv0.o ABSOLUTE
    ../clib/microlib/init/entry.s            0x00000000   Number         0  entry.o ABSOLUTE
    ../clib/microlib/init/entry.s            0x00000000   Number         0  entry2.o ABSOLUTE
    ../clib/microlib/init/entry.s            0x00000000   Number         0  entry5.o ABSOLUTE
    ../clib/microlib/init/entry.s            0x00000000   Number         0  entry7a.o ABSOLUTE
    ../clib/microlib/init/entry.s            0x00000000   Number         0  entry7b.o ABSOLUTE
    ../clib/microlib/init/entry.s            0x00000000   Number         0  entry8a.o ABSOLUTE
    ../clib/microlib/init/entry.s            0x00000000   Number         0  entry8b.o ABSOLUTE
    ../clib/microlib/init/entry.s            0x00000000   Number         0  entry9a.o ABSOLUTE
    ../clib/microlib/init/entry.s            0x00000000   Number         0  entry9b.o ABSOLUTE
    ../clib/microlib/init/entry.s            0x00000000   Number         0  entry10a.o ABSOLUTE
    ../clib/microlib/init/entry.s            0x00000000   Number         0  entry10b.o ABSOLUTE
    ../clib/microlib/init/entry.s            0x00000000   Number         0  entry11a.o ABSOLUTE
    ../clib/microlib/init/entry.s            0x00000000   Number         0  entry11b.o ABSOLUTE
    ../clib/microlib/longlong.c              0x00000000   Number         0  llushr.o ABSOLUTE
    ../clib/microlib/string/memcpy.c         0x00000000   Number         0  memcpya.o ABSOLUTE
    ../clib/microlib/string/memcpy.c         0x00000000   Number         0  memcpyb.o ABSOLUTE
    bootloader.c                             0x00000000   Number         0  bootloader.o ABSOLUTE
    dc.s                                     0x00000000   Number         0  dc.o ABSOLUTE
    handlers.s                               0x00000000   Number         0  handlers.o ABSOLUTE
    init.s                                   0x00000000   Number         0  init.o ABSOLUTE
    main.c                                   0x00000000   Number         0  main.o ABSOLUTE
    slcan.c                                  0x00000000   Number         0  slcan.o ABSOLUTE
    slcan_additional.c                       0x00000000   Number         0  slcan_additional.o ABSOLUTE
    startup_stm32f042x6.s                    0x00000000   Number         0  startup_stm32f042x6.o ABSOLUTE
    stm32f0xx_hal.c                          0x00000000   Number         0  stm32f0xx_hal.o ABSOLUTE
    stm32f0xx_hal_can.c                      0x00000000   Number         0  stm32f0xx_hal_can.o ABSOLUTE
    stm32f0xx_hal_cortex.c                   0x00000000   Number         0  stm32f0xx_hal_cortex.o ABSOLUTE
    stm32f0xx_hal_dma.c                      0x00000000   Number         0  stm32f0xx_hal_dma.o ABSOLUTE
    stm32f0xx_hal_flash.c                    0x00000000   Number         0  stm32f0xx_hal_flash.o ABSOLUTE
    stm32f0xx_hal_flash_ex.c                 0x00000000   Number         0  stm32f0xx_hal_flash_ex.o ABSOLUTE
    stm32f0xx_hal_gpio.c                     0x00000000   Number         0  stm32f0xx_hal_gpio.o ABSOLUTE
    stm32f0xx_hal_i2c.c                      0x00000000   Number         0  stm32f0xx_hal_i2c.o ABSOLUTE
    stm32f0xx_hal_i2c_ex.c                   0x00000000   Number         0  stm32f0xx_hal_i2c_ex.o ABSOLUTE
    stm32f0xx_hal_iwdg.c                     0x00000000   Number         0  stm32f0xx_hal_iwdg.o ABSOLUTE
    stm32f0xx_hal_msp.c                      0x00000000   Number         0  stm32f0xx_hal_msp.o ABSOLUTE
    stm32f0xx_hal_pcd.c                      0x00000000   Number         0  stm32f0xx_hal_pcd.o ABSOLUTE
    stm32f0xx_hal_pcd_ex.c                   0x00000000   Number         0  stm32f0xx_hal_pcd_ex.o ABSOLUTE
    stm32f0xx_hal_pwr.c                      0x00000000   Number         0  stm32f0xx_hal_pwr.o ABSOLUTE
    stm32f0xx_hal_pwr_ex.c                   0x00000000   Number         0  stm32f0xx_hal_pwr_ex.o ABSOLUTE
    stm32f0xx_hal_rcc.c                      0x00000000   Number         0  stm32f0xx_hal_rcc.o ABSOLUTE
    stm32f0xx_hal_rcc_ex.c                   0x00000000   Number         0  stm32f0xx_hal_rcc_ex.o ABSOLUTE
    stm32f0xx_hal_tim.c                      0x00000000   Number         0  stm32f0xx_hal_tim.o ABSOLUTE
    stm32f0xx_hal_tim_ex.c                   0x00000000   Number         0  stm32f0xx_hal_tim_ex.o ABSOLUTE
    stm32f0xx_hal_uart.c                     0x00000000   Number         0  stm32f0xx_hal_uart.o ABSOLUTE
    stm32f0xx_hal_uart_ex.c                  0x00000000   Number         0  stm32f0xx_hal_uart_ex.o ABSOLUTE
    stm32f0xx_it.c                           0x00000000   Number         0  stm32f0xx_it.o ABSOLUTE
    system_stm32f0xx.c                       0x00000000   Number         0  system_stm32f0xx.o ABSOLUTE
    usb_device.c                             0x00000000   Number         0  usb_device.o ABSOLUTE
    usbd_cdc.c                               0x00000000   Number         0  usbd_cdc.o ABSOLUTE
    usbd_cdc_if.c                            0x00000000   Number         0  usbd_cdc_if.o ABSOLUTE
    usbd_conf.c                              0x00000000   Number         0  usbd_conf.o ABSOLUTE
    usbd_core.c                              0x00000000   Number         0  usbd_core.o ABSOLUTE
    usbd_ctlreq.c                            0x00000000   Number         0  usbd_ctlreq.o ABSOLUTE
    usbd_desc.c                              0x00000000   Number         0  usbd_desc.o ABSOLUTE
    usbd_ioreq.c                             0x00000000   Number         0  usbd_ioreq.o ABSOLUTE
    RESET                                    0x08000000   Section      192  startup_stm32f042x6.o(RESET)
    .ARM.Collect$$$$00000000                 0x080000c0   Section        0  entry.o(.ARM.Collect$$$$00000000)
    .ARM.Collect$$$$00000001                 0x080000c0   Section        4  entry2.o(.ARM.Collect$$$$00000001)
    .ARM.Collect$$$$00000004                 0x080000c4   Section        4  entry5.o(.ARM.Collect$$$$00000004)
    .ARM.Collect$$$$00000008                 0x080000c8   Section        0  entry7b.o(.ARM.Collect$$$$00000008)
    .ARM.Collect$$$$0000000A                 0x080000c8   Section        0  entry8b.o(.ARM.Collect$$$$0000000A)
    .ARM.Collect$$$$0000000B                 0x080000c8   Section        8  entry9a.o(.ARM.Collect$$$$0000000B)
    __lit__00000000                          0x080000d0   Data           4  entry2.o(.ARM.Collect$$$$00002712)
    .ARM.Collect$$$$0000000D                 0x080000d0   Section        0  entry10a.o(.ARM.Collect$$$$0000000D)
    .ARM.Collect$$$$0000000F                 0x080000d0   Section        0  entry11a.o(.ARM.Collect$$$$0000000F)
    .ARM.Collect$$$$00002712                 0x080000d0   Section        4  entry2.o(.ARM.Collect$$$$00002712)
    .text                                    0x080000d4   Section       88  startup_stm32f042x6.o(.text)
    .text                                    0x0800012c   Section        0  uidiv_div0.o(.text)
    .text                                    0x0800016c   Section       36  init.o(.text)
    .text                                    0x08000190   Section        0  __dczerorl2.o(.text)
    [Anonymous Symbol]                       0x080001e8   Section        0  slcan_additional.o(.text.CANInit)
    __arm_cp.0_0                             0x0800020c   Number         4  slcan_additional.o(.text.CANInit)
    __arm_cp.0_1                             0x08000210   Number         4  slcan_additional.o(.text.CANInit)
    CDC_Control_FS                           0x08000215   Thumb Code     4  usbd_cdc_if.o(.text.CDC_Control_FS)
    [Anonymous Symbol]                       0x08000214   Section        0  usbd_cdc_if.o(.text.CDC_Control_FS)
    CDC_DeInit_FS                            0x08000219   Thumb Code     4  usbd_cdc_if.o(.text.CDC_DeInit_FS)
    [Anonymous Symbol]                       0x08000218   Section        0  usbd_cdc_if.o(.text.CDC_DeInit_FS)
    CDC_Init_FS                              0x0800021d   Thumb Code    28  usbd_cdc_if.o(.text.CDC_Init_FS)
    [Anonymous Symbol]                       0x0800021c   Section        0  usbd_cdc_if.o(.text.CDC_Init_FS)
    __arm_cp.0_1                             0x08000238   Number         4  usbd_cdc_if.o(.text.CDC_Init_FS)
    __arm_cp.0_2                             0x0800023c   Number         4  usbd_cdc_if.o(.text.CDC_Init_FS)
    CDC_Receive_FS                           0x08000241   Thumb Code    24  usbd_cdc_if.o(.text.CDC_Receive_FS)
    [Anonymous Symbol]                       0x08000240   Section        0  usbd_cdc_if.o(.text.CDC_Receive_FS)
    [Anonymous Symbol]                       0x08000258   Section        0  usbd_cdc_if.o(.text.CDC_Transmit_FS)
    __arm_cp.4_0                             0x08000284   Number         4  usbd_cdc_if.o(.text.CDC_Transmit_FS)
    [Anonymous Symbol]                       0x08000288   Section        0  stm32f0xx_hal_flash.o(.text.FLASH_WaitForLastOperation)
    __arm_cp.1_0                             0x0800032c   Number         4  stm32f0xx_hal_flash.o(.text.FLASH_WaitForLastOperation)
    __arm_cp.1_1                             0x08000330   Number         4  stm32f0xx_hal_flash.o(.text.FLASH_WaitForLastOperation)
    [Anonymous Symbol]                       0x08000334   Section        0  stm32f0xx_hal_can.o(.text.HAL_CAN_ConfigFilter)
    __arm_cp.2_0                             0x08000410   Number         4  stm32f0xx_hal_can.o(.text.HAL_CAN_ConfigFilter)
    [Anonymous Symbol]                       0x08000414   Section        0  stm32f0xx_hal_can.o(.text.HAL_CAN_GetError)
    [Anonymous Symbol]                       0x08000418   Section        0  stm32f0xx_hal_can.o(.text.HAL_CAN_Init)
    [Anonymous Symbol]                       0x0800054c   Section        0  stm32f0xx_hal_msp.o(.text.HAL_CAN_MspInit)
    __arm_cp.1_0                             0x08000590   Number         4  stm32f0xx_hal_msp.o(.text.HAL_CAN_MspInit)
    __arm_cp.1_1                             0x08000594   Number         4  stm32f0xx_hal_msp.o(.text.HAL_CAN_MspInit)
    __arm_cp.1_2                             0x08000598   Number         4  stm32f0xx_hal_msp.o(.text.HAL_CAN_MspInit)
    [Anonymous Symbol]                       0x0800059c   Section        0  stm32f0xx_hal_can.o(.text.HAL_CAN_Receive_IT)
    [Anonymous Symbol]                       0x0800066c   Section        0  stm32f0xx_hal_can.o(.text.HAL_CAN_Transmit)
    __arm_cp.5_0                             0x080008a8   Number         4  stm32f0xx_hal_can.o(.text.HAL_CAN_Transmit)
    __arm_cp.5_1                             0x080008ac   Number         4  stm32f0xx_hal_can.o(.text.HAL_CAN_Transmit)
    __arm_cp.5_2                             0x080008b0   Number         4  stm32f0xx_hal_can.o(.text.HAL_CAN_Transmit)
    [Anonymous Symbol]                       0x080008b4   Section        0  stm32f0xx_hal_flash_ex.o(.text.HAL_FLASHEx_OBErase)
    __arm_cp.3_3                             0x08000954   Number         4  stm32f0xx_hal_flash_ex.o(.text.HAL_FLASHEx_OBErase)
    [Anonymous Symbol]                       0x08000958   Section        0  stm32f0xx_hal_flash_ex.o(.text.HAL_FLASHEx_OBGetConfig)
    __arm_cp.5_0                             0x0800098c   Number         4  stm32f0xx_hal_flash_ex.o(.text.HAL_FLASHEx_OBGetConfig)
    [Anonymous Symbol]                       0x08000990   Section        0  stm32f0xx_hal_flash_ex.o(.text.HAL_FLASHEx_OBProgram)
    __arm_cp.4_3                             0x08000b3c   Number         4  stm32f0xx_hal_flash_ex.o(.text.HAL_FLASHEx_OBProgram)
    [Anonymous Symbol]                       0x08000b40   Section        0  stm32f0xx_hal_flash.o(.text.HAL_FLASH_Lock)
    [Anonymous Symbol]                       0x08000b50   Section        0  stm32f0xx_hal_flash.o(.text.HAL_FLASH_OB_Launch)
    __arm_cp.10_0                            0x08000bdc   Number         4  stm32f0xx_hal_flash.o(.text.HAL_FLASH_OB_Launch)
    __arm_cp.10_1                            0x08000be0   Number         4  stm32f0xx_hal_flash.o(.text.HAL_FLASH_OB_Launch)
    __arm_cp.10_2                            0x08000be4   Number         4  stm32f0xx_hal_flash.o(.text.HAL_FLASH_OB_Launch)
    [Anonymous Symbol]                       0x08000be8   Section        0  stm32f0xx_hal_flash.o(.text.HAL_FLASH_OB_Lock)
    __arm_cp.9_0                             0x08000bf8   Number         4  stm32f0xx_hal_flash.o(.text.HAL_FLASH_OB_Lock)
    [Anonymous Symbol]                       0x08000bfc   Section        0  stm32f0xx_hal_flash.o(.text.HAL_FLASH_OB_Unlock)
    __arm_cp.8_0                             0x08000c14   Number         4  stm32f0xx_hal_flash.o(.text.HAL_FLASH_OB_Unlock)
    [Anonymous Symbol]                       0x08000c18   Section        0  stm32f0xx_hal_flash.o(.text.HAL_FLASH_Unlock)
    __arm_cp.6_0                             0x08000c30   Number         4  stm32f0xx_hal_flash.o(.text.HAL_FLASH_Unlock)
    __arm_cp.6_1                             0x08000c34   Number         4  stm32f0xx_hal_flash.o(.text.HAL_FLASH_Unlock)
    __arm_cp.6_2                             0x08000c38   Number         4  stm32f0xx_hal_flash.o(.text.HAL_FLASH_Unlock)
    [Anonymous Symbol]                       0x08000c3c   Section        0  stm32f0xx_hal_gpio.o(.text.HAL_GPIO_Init)
    __arm_cp.0_0                             0x08000db0   Number         4  stm32f0xx_hal_gpio.o(.text.HAL_GPIO_Init)
    __arm_cp.0_1                             0x08000db4   Number         4  stm32f0xx_hal_gpio.o(.text.HAL_GPIO_Init)
    __arm_cp.0_3                             0x08000db8   Number         4  stm32f0xx_hal_gpio.o(.text.HAL_GPIO_Init)
    __arm_cp.0_4                             0x08000dbc   Number         4  stm32f0xx_hal_gpio.o(.text.HAL_GPIO_Init)
    __arm_cp.0_5                             0x08000dc0   Number         4  stm32f0xx_hal_gpio.o(.text.HAL_GPIO_Init)
    [Anonymous Symbol]                       0x08000dc4   Section        0  stm32f0xx_hal_gpio.o(.text.HAL_GPIO_WritePin)
    [Anonymous Symbol]                       0x08000dd4   Section        0  stm32f0xx_hal.o(.text.HAL_GetTick)
    [Anonymous Symbol]                       0x08000ddc   Section        0  stm32f0xx_hal_iwdg.o(.text.HAL_IWDG_Init)
    __arm_cp.0_0                             0x08000e2c   Number         4  stm32f0xx_hal_iwdg.o(.text.HAL_IWDG_Init)
    __arm_cp.0_1                             0x08000e30   Number         4  stm32f0xx_hal_iwdg.o(.text.HAL_IWDG_Init)
    [Anonymous Symbol]                       0x08000e34   Section        0  stm32f0xx_hal_iwdg.o(.text.HAL_IWDG_Refresh)
    __arm_cp.1_0                             0x08000e40   Number         4  stm32f0xx_hal_iwdg.o(.text.HAL_IWDG_Refresh)
    [Anonymous Symbol]                       0x08000e44   Section        0  stm32f0xx_hal.o(.text.HAL_IncTick)
    __arm_cp.5_0                             0x08000e50   Number         4  stm32f0xx_hal.o(.text.HAL_IncTick)
    [Anonymous Symbol]                       0x08000e54   Section        0  stm32f0xx_hal.o(.text.HAL_Init)
    __arm_cp.0_0                             0x08000e70   Number         4  stm32f0xx_hal.o(.text.HAL_Init)
    [Anonymous Symbol]                       0x08000e74   Section        0  stm32f0xx_hal.o(.text.HAL_InitTick)
    [Anonymous Symbol]                       0x08000e98   Section        0  stm32f0xx_hal_msp.o(.text.HAL_MspInit)
    __arm_cp.0_0                             0x08000ee4   Number         4  stm32f0xx_hal_msp.o(.text.HAL_MspInit)
    [Anonymous Symbol]                       0x08000ee8   Section        0  stm32f0xx_hal_cortex.o(.text.HAL_NVIC_DisableIRQ)
    __arm_cp.2_0                             0x08000ef8   Number         4  stm32f0xx_hal_cortex.o(.text.HAL_NVIC_DisableIRQ)
    [Anonymous Symbol]                       0x08000efc   Section        0  stm32f0xx_hal_cortex.o(.text.HAL_NVIC_EnableIRQ)
    __arm_cp.1_0                             0x08000f0c   Number         4  stm32f0xx_hal_cortex.o(.text.HAL_NVIC_EnableIRQ)
    [Anonymous Symbol]                       0x08000f10   Section        0  stm32f0xx_hal_cortex.o(.text.HAL_NVIC_SetPriority)
    __arm_cp.0_0                             0x08000f40   Number         4  stm32f0xx_hal_cortex.o(.text.HAL_NVIC_SetPriority)
    __arm_cp.0_1                             0x08000f44   Number         4  stm32f0xx_hal_cortex.o(.text.HAL_NVIC_SetPriority)
    [Anonymous Symbol]                       0x08000f48   Section        0  stm32f0xx_hal_pcd_ex.o(.text.HAL_PCDEx_PMAConfig)
    [Anonymous Symbol]                       0x08000f84   Section        0  usbd_conf.o(.text.HAL_PCD_DataInStageCallback)
    [Anonymous Symbol]                       0x08000f9c   Section        0  usbd_conf.o(.text.HAL_PCD_DataOutStageCallback)
    [Anonymous Symbol]                       0x08000fb8   Section        0  stm32f0xx_hal_pcd.o(.text.HAL_PCD_EP_Close)
    __arm_cp.22_0                            0x08001078   Number         4  stm32f0xx_hal_pcd.o(.text.HAL_PCD_EP_Close)
    [Anonymous Symbol]                       0x0800107c   Section        0  stm32f0xx_hal_pcd.o(.text.HAL_PCD_EP_ClrStall)
    __arm_cp.28_1                            0x0800110c   Number         4  stm32f0xx_hal_pcd.o(.text.HAL_PCD_EP_ClrStall)
    [Anonymous Symbol]                       0x08001110   Section        0  stm32f0xx_hal_pcd.o(.text.HAL_PCD_EP_GetRxCount)
    [Anonymous Symbol]                       0x08001124   Section        0  stm32f0xx_hal_pcd.o(.text.HAL_PCD_EP_Open)
    __arm_cp.21_0                            0x08001300   Number         4  stm32f0xx_hal_pcd.o(.text.HAL_PCD_EP_Open)
    __arm_cp.21_1                            0x08001304   Number         4  stm32f0xx_hal_pcd.o(.text.HAL_PCD_EP_Open)
    __arm_cp.21_2                            0x08001308   Number         4  stm32f0xx_hal_pcd.o(.text.HAL_PCD_EP_Open)
    __arm_cp.21_3                            0x0800130c   Number         4  stm32f0xx_hal_pcd.o(.text.HAL_PCD_EP_Open)
    __arm_cp.21_4                            0x08001310   Number         4  stm32f0xx_hal_pcd.o(.text.HAL_PCD_EP_Open)
    __arm_cp.21_5                            0x08001314   Number         4  stm32f0xx_hal_pcd.o(.text.HAL_PCD_EP_Open)
    __arm_cp.21_6                            0x08001318   Number         4  stm32f0xx_hal_pcd.o(.text.HAL_PCD_EP_Open)
    [Anonymous Symbol]                       0x0800131c   Section        0  stm32f0xx_hal_pcd.o(.text.HAL_PCD_EP_Receive)
    __arm_cp.23_0                            0x080013d0   Number         4  stm32f0xx_hal_pcd.o(.text.HAL_PCD_EP_Receive)
    __arm_cp.23_1                            0x080013d4   Number         4  stm32f0xx_hal_pcd.o(.text.HAL_PCD_EP_Receive)
    __arm_cp.23_3                            0x080013d8   Number         4  stm32f0xx_hal_pcd.o(.text.HAL_PCD_EP_Receive)
    [Anonymous Symbol]                       0x080013dc   Section        0  stm32f0xx_hal_pcd.o(.text.HAL_PCD_EP_SetStall)
    __arm_cp.27_0                            0x0800145c   Number         4  stm32f0xx_hal_pcd.o(.text.HAL_PCD_EP_SetStall)
    __arm_cp.27_1                            0x08001460   Number         4  stm32f0xx_hal_pcd.o(.text.HAL_PCD_EP_SetStall)
    __arm_cp.27_2                            0x08001464   Number         4  stm32f0xx_hal_pcd.o(.text.HAL_PCD_EP_SetStall)
    __arm_cp.27_3                            0x08001468   Number         4  stm32f0xx_hal_pcd.o(.text.HAL_PCD_EP_SetStall)
    [Anonymous Symbol]                       0x0800146c   Section        0  stm32f0xx_hal_pcd.o(.text.HAL_PCD_EP_Transmit)
    __arm_cp.25_0                            0x0800166c   Number         4  stm32f0xx_hal_pcd.o(.text.HAL_PCD_EP_Transmit)
    __arm_cp.25_1                            0x08001670   Number         4  stm32f0xx_hal_pcd.o(.text.HAL_PCD_EP_Transmit)
    __arm_cp.25_2                            0x08001674   Number         4  stm32f0xx_hal_pcd.o(.text.HAL_PCD_EP_Transmit)
    [Anonymous Symbol]                       0x08001678   Section        0  stm32f0xx_hal_pcd.o(.text.HAL_PCD_IRQHandler)
    __arm_cp.6_24                            0x08001a6c   Number         4  stm32f0xx_hal_pcd.o(.text.HAL_PCD_IRQHandler)
    __arm_cp.6_15                            0x08001adc   Number         4  stm32f0xx_hal_pcd.o(.text.HAL_PCD_IRQHandler)
    __arm_cp.6_16                            0x08001ae0   Number         4  stm32f0xx_hal_pcd.o(.text.HAL_PCD_IRQHandler)
    __arm_cp.6_18                            0x08001ae8   Number         4  stm32f0xx_hal_pcd.o(.text.HAL_PCD_IRQHandler)
    __arm_cp.6_19                            0x08001aec   Number         4  stm32f0xx_hal_pcd.o(.text.HAL_PCD_IRQHandler)
    __arm_cp.6_20                            0x08001af0   Number         4  stm32f0xx_hal_pcd.o(.text.HAL_PCD_IRQHandler)
    __arm_cp.6_21                            0x08001af4   Number         4  stm32f0xx_hal_pcd.o(.text.HAL_PCD_IRQHandler)
    __arm_cp.6_0                             0x08001fd8   Number         4  stm32f0xx_hal_pcd.o(.text.HAL_PCD_IRQHandler)
    __arm_cp.6_1                             0x08001fdc   Number         4  stm32f0xx_hal_pcd.o(.text.HAL_PCD_IRQHandler)
    __arm_cp.6_2                             0x08001fe0   Number         4  stm32f0xx_hal_pcd.o(.text.HAL_PCD_IRQHandler)
    __arm_cp.6_3                             0x08001fe4   Number         4  stm32f0xx_hal_pcd.o(.text.HAL_PCD_IRQHandler)
    __arm_cp.6_4                             0x08001fe8   Number         4  stm32f0xx_hal_pcd.o(.text.HAL_PCD_IRQHandler)
    __arm_cp.6_5                             0x08001fec   Number         4  stm32f0xx_hal_pcd.o(.text.HAL_PCD_IRQHandler)
    [Anonymous Symbol]                       0x08001ff0   Section        0  stm32f0xx_hal_pcd.o(.text.HAL_PCD_Init)
    [Anonymous Symbol]                       0x0800226c   Section        0  usbd_conf.o(.text.HAL_PCD_MspInit)
    __arm_cp.0_0                             0x080022a8   Number         4  usbd_conf.o(.text.HAL_PCD_MspInit)
    __arm_cp.0_1                             0x080022ac   Number         4  usbd_conf.o(.text.HAL_PCD_MspInit)
    [Anonymous Symbol]                       0x080022b0   Section        0  usbd_conf.o(.text.HAL_PCD_ResetCallback)
    [Anonymous Symbol]                       0x080022c8   Section        0  usbd_conf.o(.text.HAL_PCD_ResumeCallback)
    [Anonymous Symbol]                       0x080022ec   Section        0  usbd_conf.o(.text.HAL_PCD_SOFCallback)
    [Anonymous Symbol]                       0x080022fa   Section        0  stm32f0xx_hal_pcd.o(.text.HAL_PCD_SetAddress)
    [Anonymous Symbol]                       0x08002326   Section        0  usbd_conf.o(.text.HAL_PCD_SetupStageCallback)
    [Anonymous Symbol]                       0x0800233c   Section        0  stm32f0xx_hal_pcd.o(.text.HAL_PCD_Start)
    [Anonymous Symbol]                       0x08002350   Section        0  usbd_conf.o(.text.HAL_PCD_SuspendCallback)
    __arm_cp.7_0                             0x08002370   Number         4  usbd_conf.o(.text.HAL_PCD_SuspendCallback)
    [Anonymous Symbol]                       0x08002374   Section        0  stm32f0xx_hal_rcc_ex.o(.text.HAL_RCCEx_PeriphCLKConfig)
    __arm_cp.0_0                             0x08002498   Number         4  stm32f0xx_hal_rcc_ex.o(.text.HAL_RCCEx_PeriphCLKConfig)
    __arm_cp.0_1                             0x0800249c   Number         4  stm32f0xx_hal_rcc_ex.o(.text.HAL_RCCEx_PeriphCLKConfig)
    __arm_cp.0_2                             0x080024a0   Number         4  stm32f0xx_hal_rcc_ex.o(.text.HAL_RCCEx_PeriphCLKConfig)
    [Anonymous Symbol]                       0x080024a4   Section        0  stm32f0xx_hal_rcc.o(.text.HAL_RCC_ClockConfig)
    __arm_cp.2_0                             0x08002634   Number         4  stm32f0xx_hal_rcc.o(.text.HAL_RCC_ClockConfig)
    __arm_cp.2_1                             0x08002638   Number         4  stm32f0xx_hal_rcc.o(.text.HAL_RCC_ClockConfig)
    __arm_cp.2_2                             0x0800263c   Number         4  stm32f0xx_hal_rcc.o(.text.HAL_RCC_ClockConfig)
    __arm_cp.2_3                             0x08002640   Number         4  stm32f0xx_hal_rcc.o(.text.HAL_RCC_ClockConfig)
    __arm_cp.2_4                             0x08002644   Number         4  stm32f0xx_hal_rcc.o(.text.HAL_RCC_ClockConfig)
    __arm_cp.2_5                             0x08002648   Number         4  stm32f0xx_hal_rcc.o(.text.HAL_RCC_ClockConfig)
    __arm_cp.2_6                             0x0800264c   Number         4  stm32f0xx_hal_rcc.o(.text.HAL_RCC_ClockConfig)
    __arm_cp.2_7                             0x08002650   Number         4  stm32f0xx_hal_rcc.o(.text.HAL_RCC_ClockConfig)
    [Anonymous Symbol]                       0x08002654   Section        0  stm32f0xx_hal_rcc.o(.text.HAL_RCC_GetHCLKFreq)
    __arm_cp.7_0                             0x0800265c   Number         4  stm32f0xx_hal_rcc.o(.text.HAL_RCC_GetHCLKFreq)
    [Anonymous Symbol]                       0x08002660   Section        0  stm32f0xx_hal_rcc.o(.text.HAL_RCC_OscConfig)
    __arm_cp.1_4                             0x08002a50   Number         4  stm32f0xx_hal_rcc.o(.text.HAL_RCC_OscConfig)
    __arm_cp.1_1                             0x08002ac0   Number         4  stm32f0xx_hal_rcc.o(.text.HAL_RCC_OscConfig)
    __arm_cp.1_2                             0x08002ac4   Number         4  stm32f0xx_hal_rcc.o(.text.HAL_RCC_OscConfig)
    [Anonymous Symbol]                       0x08002ac8   Section        0  stm32f0xx_hal_cortex.o(.text.HAL_SYSTICK_CLKSourceConfig)
    [Anonymous Symbol]                       0x08002ae0   Section        0  stm32f0xx_hal_cortex.o(.text.HAL_SYSTICK_Callback)
    [Anonymous Symbol]                       0x08002ae4   Section        0  stm32f0xx_hal_cortex.o(.text.HAL_SYSTICK_Config)
    __arm_cp.4_0                             0x08002b0c   Number         4  stm32f0xx_hal_cortex.o(.text.HAL_SYSTICK_Config)
    __arm_cp.4_1                             0x08002b10   Number         4  stm32f0xx_hal_cortex.o(.text.HAL_SYSTICK_Config)
    __arm_cp.4_2                             0x08002b14   Number         4  stm32f0xx_hal_cortex.o(.text.HAL_SYSTICK_Config)
    [Anonymous Symbol]                       0x08002b18   Section        0  stm32f0xx_hal_cortex.o(.text.HAL_SYSTICK_IRQHandler)
    [Anonymous Symbol]                       0x08002b20   Section        0  stm32f0xx_it.o(.text.HardFault_Handler)
    [Anonymous Symbol]                       0x08002b24   Section        0  usb_device.o(.text.MX_USB_DEVICE_Init)
    __arm_cp.0_0                             0x08002b4c   Number         4  usb_device.o(.text.MX_USB_DEVICE_Init)
    __arm_cp.0_1                             0x08002b50   Number         4  usb_device.o(.text.MX_USB_DEVICE_Init)
    __arm_cp.0_2                             0x08002b54   Number         4  usb_device.o(.text.MX_USB_DEVICE_Init)
    __arm_cp.0_3                             0x08002b58   Number         4  usb_device.o(.text.MX_USB_DEVICE_Init)
    [Anonymous Symbol]                       0x08002b5c   Section        0  stm32f0xx_it.o(.text.NMI_Handler)
    [Anonymous Symbol]                       0x08002b5e   Section        0  stm32f0xx_it.o(.text.PendSV_Handler)
    [Anonymous Symbol]                       0x08002b60   Section        0  bootloader.o(.text.RebootToBootloader)
    [Anonymous Symbol]                       0x08002b96   Section        0  stm32f0xx_it.o(.text.SVC_Handler)
    [Anonymous Symbol]                       0x08002b98   Section        0  stm32f0xx_it.o(.text.SysTick_Handler)
    [Anonymous Symbol]                       0x08002ba4   Section        0  main.o(.text.SystemClock_Config)
    [Anonymous Symbol]                       0x08002c14   Section        0  system_stm32f0xx.o(.text.SystemInit)
    __arm_cp.0_0                             0x08002c60   Number         4  system_stm32f0xx.o(.text.SystemInit)
    __arm_cp.0_1                             0x08002c64   Number         4  system_stm32f0xx.o(.text.SystemInit)
    __arm_cp.0_2                             0x08002c68   Number         4  system_stm32f0xx.o(.text.SystemInit)
    USBD_CDC_DataIn                          0x08002c6d   Thumb Code    24  usbd_cdc.o(.text.USBD_CDC_DataIn)
    [Anonymous Symbol]                       0x08002c6c   Section        0  usbd_cdc.o(.text.USBD_CDC_DataIn)
    USBD_CDC_DataOut                         0x08002c85   Thumb Code    52  usbd_cdc.o(.text.USBD_CDC_DataOut)
    [Anonymous Symbol]                       0x08002c84   Section        0  usbd_cdc.o(.text.USBD_CDC_DataOut)
    USBD_CDC_DeInit                          0x08002cb9   Thumb Code    58  usbd_cdc.o(.text.USBD_CDC_DeInit)
    [Anonymous Symbol]                       0x08002cb8   Section        0  usbd_cdc.o(.text.USBD_CDC_DeInit)
    USBD_CDC_EP0_RxReady                     0x08002cf3   Thumb Code    42  usbd_cdc.o(.text.USBD_CDC_EP0_RxReady)
    [Anonymous Symbol]                       0x08002cf2   Section        0  usbd_cdc.o(.text.USBD_CDC_EP0_RxReady)
    [Anonymous Symbol]                       0x08002d1c   Section        0  usbd_cdc.o(.text.USBD_CDC_GetDeviceQualifierDescriptor)
    __arm_cp.9_0                             0x08002d24   Number         4  usbd_cdc.o(.text.USBD_CDC_GetDeviceQualifierDescriptor)
    USBD_CDC_GetFSCfgDesc                    0x08002d29   Thumb Code     8  usbd_cdc.o(.text.USBD_CDC_GetFSCfgDesc)
    [Anonymous Symbol]                       0x08002d28   Section        0  usbd_cdc.o(.text.USBD_CDC_GetFSCfgDesc)
    __arm_cp.7_0                             0x08002d30   Number         4  usbd_cdc.o(.text.USBD_CDC_GetFSCfgDesc)
    USBD_CDC_GetHSCfgDesc                    0x08002d35   Thumb Code     8  usbd_cdc.o(.text.USBD_CDC_GetHSCfgDesc)
    [Anonymous Symbol]                       0x08002d34   Section        0  usbd_cdc.o(.text.USBD_CDC_GetHSCfgDesc)
    __arm_cp.6_0                             0x08002d3c   Number         4  usbd_cdc.o(.text.USBD_CDC_GetHSCfgDesc)
    USBD_CDC_GetOtherSpeedCfgDesc            0x08002d41   Thumb Code     8  usbd_cdc.o(.text.USBD_CDC_GetOtherSpeedCfgDesc)
    [Anonymous Symbol]                       0x08002d40   Section        0  usbd_cdc.o(.text.USBD_CDC_GetOtherSpeedCfgDesc)
    __arm_cp.8_0                             0x08002d48   Number         4  usbd_cdc.o(.text.USBD_CDC_GetOtherSpeedCfgDesc)
    USBD_CDC_Init                            0x08002d4d   Thumb Code   124  usbd_cdc.o(.text.USBD_CDC_Init)
    [Anonymous Symbol]                       0x08002d4c   Section        0  usbd_cdc.o(.text.USBD_CDC_Init)
    [Anonymous Symbol]                       0x08002dc8   Section        0  usbd_cdc.o(.text.USBD_CDC_ReceivePacket)
    [Anonymous Symbol]                       0x08002df4   Section        0  usbd_cdc.o(.text.USBD_CDC_RegisterInterface)
    [Anonymous Symbol]                       0x08002e06   Section        0  usbd_cdc.o(.text.USBD_CDC_SetRxBuffer)
    [Anonymous Symbol]                       0x08002e16   Section        0  usbd_cdc.o(.text.USBD_CDC_SetTxBuffer)
    USBD_CDC_Setup                           0x08002e2d   Thumb Code   124  usbd_cdc.o(.text.USBD_CDC_Setup)
    [Anonymous Symbol]                       0x08002e2c   Section        0  usbd_cdc.o(.text.USBD_CDC_Setup)
    __arm_cp.2_0                             0x08002ea8   Number         4  usbd_cdc.o(.text.USBD_CDC_Setup)
    [Anonymous Symbol]                       0x08002eac   Section        0  usbd_cdc.o(.text.USBD_CDC_TransmitPacket)
    [Anonymous Symbol]                       0x08002ede   Section        0  usbd_core.o(.text.USBD_ClrClassConfig)
    [Anonymous Symbol]                       0x08002eee   Section        0  usbd_ioreq.o(.text.USBD_CtlContinueRx)
    [Anonymous Symbol]                       0x08002f00   Section        0  usbd_ioreq.o(.text.USBD_CtlContinueSendData)
    [Anonymous Symbol]                       0x08002f12   Section        0  usbd_ioreq.o(.text.USBD_CtlPrepareRx)
    [Anonymous Symbol]                       0x08002f36   Section        0  usbd_ioreq.o(.text.USBD_CtlReceiveStatus)
    [Anonymous Symbol]                       0x08002f50   Section        0  usbd_ioreq.o(.text.USBD_CtlSendData)
    [Anonymous Symbol]                       0x08002f6e   Section        0  usbd_ioreq.o(.text.USBD_CtlSendStatus)
    [Anonymous Symbol]                       0x08002f88   Section        0  usbd_desc.o(.text.USBD_FS_ConfigStrDescriptor)
    [Anonymous Symbol]                       0x08002fa8   Section        0  usbd_desc.o(.text.USBD_FS_DeviceDescriptor)
    __arm_cp.0_0                             0x08002fb0   Number         4  usbd_desc.o(.text.USBD_FS_DeviceDescriptor)
    [Anonymous Symbol]                       0x08002fb4   Section        0  usbd_desc.o(.text.USBD_FS_InterfaceStrDescriptor)
    [Anonymous Symbol]                       0x08002fd8   Section        0  usbd_desc.o(.text.USBD_FS_LangIDStrDescriptor)
    __arm_cp.1_0                             0x08002fe0   Number         4  usbd_desc.o(.text.USBD_FS_LangIDStrDescriptor)
    [Anonymous Symbol]                       0x08002fe4   Section        0  usbd_desc.o(.text.USBD_FS_ManufacturerStrDescriptor)
    [Anonymous Symbol]                       0x08003004   Section        0  usbd_desc.o(.text.USBD_FS_ProductStrDescriptor)
    [Anonymous Symbol]                       0x08003030   Section        0  usbd_desc.o(.text.USBD_FS_SerialStrDescriptor)
    __arm_cp.4_1                             0x08003054   Number         4  usbd_desc.o(.text.USBD_FS_SerialStrDescriptor)
    [Anonymous Symbol]                       0x08003058   Section        0  usbd_ctlreq.o(.text.USBD_GetString)
    [Anonymous Symbol]                       0x08003106   Section        0  usbd_core.o(.text.USBD_Init)
    [Anonymous Symbol]                       0x08003134   Section        0  usbd_conf.o(.text.USBD_LL_ClearStallEP)
    [Anonymous Symbol]                       0x08003154   Section        0  usbd_conf.o(.text.USBD_LL_CloseEP)
    [Anonymous Symbol]                       0x08003174   Section        0  usbd_core.o(.text.USBD_LL_DataInStage)
    [Anonymous Symbol]                       0x08003224   Section        0  usbd_core.o(.text.USBD_LL_DataOutStage)
    [Anonymous Symbol]                       0x08003292   Section        0  usbd_conf.o(.text.USBD_LL_GetRxDataSize)
    [Anonymous Symbol]                       0x080032a0   Section        0  usbd_conf.o(.text.USBD_LL_Init)
    __arm_cp.13_0                            0x08003328   Number         4  usbd_conf.o(.text.USBD_LL_Init)
    __arm_cp.13_1                            0x0800332c   Number         4  usbd_conf.o(.text.USBD_LL_Init)
    [Anonymous Symbol]                       0x08003344   Section        0  usbd_conf.o(.text.USBD_LL_IsStallEP)
    [Anonymous Symbol]                       0x0800336c   Section        0  usbd_conf.o(.text.USBD_LL_OpenEP)
    [Anonymous Symbol]                       0x08003394   Section        0  usbd_conf.o(.text.USBD_LL_PrepareReceive)
    [Anonymous Symbol]                       0x080033b4   Section        0  usbd_core.o(.text.USBD_LL_Reset)
    [Anonymous Symbol]                       0x080033f8   Section        0  usbd_core.o(.text.USBD_LL_Resume)
    [Anonymous Symbol]                       0x08003406   Section        0  usbd_core.o(.text.USBD_LL_SOF)
    [Anonymous Symbol]                       0x08003422   Section        0  usbd_core.o(.text.USBD_LL_SetSpeed)
    [Anonymous Symbol]                       0x08003428   Section        0  usbd_conf.o(.text.USBD_LL_SetUSBAddress)
    [Anonymous Symbol]                       0x08003448   Section        0  usbd_core.o(.text.USBD_LL_SetupStage)
    [Anonymous Symbol]                       0x080034b4   Section        0  usbd_conf.o(.text.USBD_LL_StallEP)
    [Anonymous Symbol]                       0x080034d4   Section        0  usbd_conf.o(.text.USBD_LL_Start)
    [Anonymous Symbol]                       0x080034f4   Section        0  usbd_core.o(.text.USBD_LL_Suspend)
    [Anonymous Symbol]                       0x08003508   Section        0  usbd_conf.o(.text.USBD_LL_Transmit)
    __arm_cp.24_0                            0x08003528   Number         4  usbd_conf.o(.text.USBD_LL_Transmit)
    [Anonymous Symbol]                       0x0800352c   Section        0  usbd_ctlreq.o(.text.USBD_ParseSetupRequest)
    [Anonymous Symbol]                       0x08003554   Section        0  usbd_core.o(.text.USBD_RegisterClass)
    [Anonymous Symbol]                       0x08003566   Section        0  usbd_core.o(.text.USBD_SetClassConfig)
    [Anonymous Symbol]                       0x08003582   Section        0  usbd_core.o(.text.USBD_Start)
    [Anonymous Symbol]                       0x0800358c   Section        0  usbd_ctlreq.o(.text.USBD_StdDevReq)
    __arm_cp.0_0                             0x080037d8   Number         4  usbd_ctlreq.o(.text.USBD_StdDevReq)
    [Anonymous Symbol]                       0x080037dc   Section        0  usbd_ctlreq.o(.text.USBD_StdEPReq)
    [Anonymous Symbol]                       0x080038c4   Section        0  usbd_ctlreq.o(.text.USBD_StdItfReq)
    [Anonymous Symbol]                       0x08003920   Section        0  usbd_conf.o(.text.USBD_static_free)
    [Anonymous Symbol]                       0x08003924   Section        0  usbd_conf.o(.text.USBD_static_malloc)
    __arm_cp.28_0                            0x08003928   Number         4  usbd_conf.o(.text.USBD_static_malloc)
    [Anonymous Symbol]                       0x0800392c   Section        0  stm32f0xx_it.o(.text.USB_IRQHandler)
    __arm_cp.5_0                             0x08003938   Number         4  stm32f0xx_it.o(.text.USB_IRQHandler)
    [Anonymous Symbol]                       0x0800393c   Section        0  main.o(.text._Error_Handler)
    [Anonymous Symbol]                       0x0800393e   Section        0  bootloader.o(.text.bootloaderSwitcher)
    [Anonymous Symbol]                       0x08003978   Section        0  main.o(.text.main)
    __arm_cp.0_0                             0x08003a94   Number         4  main.o(.text.main)
    __arm_cp.0_1                             0x08003a98   Number         4  main.o(.text.main)
    __arm_cp.0_2                             0x08003a9c   Number         4  main.o(.text.main)
    __arm_cp.0_3                             0x08003aa0   Number         4  main.o(.text.main)
    __arm_cp.0_4                             0x08003aa4   Number         4  main.o(.text.main)
    __arm_cp.0_5                             0x08003aa8   Number         4  main.o(.text.main)
    __arm_cp.0_6                             0x08003aac   Number         4  main.o(.text.main)
    __arm_cp.0_7                             0x08003ab0   Number         4  main.o(.text.main)
    __arm_cp.0_8                             0x08003ab4   Number         4  main.o(.text.main)
    parseHex                                 0x08003ab9   Thumb Code    98  slcan.o(.text.parseHex)
    [Anonymous Symbol]                       0x08003ab8   Section        0  slcan.o(.text.parseHex)
    [Anonymous Symbol]                       0x08003b1c   Section        0  slcan.o(.text.slCanCheckCommand)
    __arm_cp.3_13                            0x080042dc   Number         4  slcan.o(.text.slCanCheckCommand)
    __arm_cp.3_0                             0x08004b54   Number         4  slcan.o(.text.slCanCheckCommand)
    [Anonymous Symbol]                       0x08004b58   Section        0  slcan_additional.o(.text.slcanClearAllFilters)
    __arm_cp.1_0                             0x08004b84   Number         4  slcan_additional.o(.text.slcanClearAllFilters)
    [Anonymous Symbol]                       0x08004b88   Section        0  slcan_additional.o(.text.slcanFillIdRegister16)
    [Anonymous Symbol]                       0x08004bc4   Section        0  slcan_additional.o(.text.slcanFillIdRegister32)
    [Anonymous Symbol]                       0x08004bf4   Section        0  slcan.o(.text.slcanOutputFlush)
    [Anonymous Symbol]                       0x08004c38   Section        0  slcan.o(.text.slcanReciveCanFrame)
    __arm_cp.6_0                             0x08004f20   Number         4  slcan.o(.text.slcanReciveCanFrame)
    __arm_cp.6_1                             0x08004f24   Number         4  slcan.o(.text.slcanReciveCanFrame)
    [Anonymous Symbol]                       0x08004f28   Section        0  slcan_additional.o(.text.slcanSetCANBaudRate)
    __arm_cp.4_0                             0x08005024   Number         4  slcan_additional.o(.text.slcanSetCANBaudRate)
    __arm_cp.4_1                             0x08005028   Number         4  slcan_additional.o(.text.slcanSetCANBaudRate)
    i.__scatterload_copy                     0x0800502c   Section       14  handlers.o(i.__scatterload_copy)
    i.__scatterload_null                     0x0800503a   Section        2  handlers.o(i.__scatterload_null)
    i.__scatterload_zeroinit                 0x0800503c   Section       14  handlers.o(i.__scatterload_zeroinit)
    [Anonymous Symbol]                       0x0800505a   Section        0  stm32f0xx_hal_rcc.o(.rodata.cst16)
    USBD_CDC_DeviceQualifierDesc             0x200000e0   Data          10  usbd_cdc.o(.data.USBD_CDC_DeviceQualifierDesc)
    [Anonymous Symbol]                       0x200000e0   Section        0  usbd_cdc.o(.data.USBD_CDC_DeviceQualifierDesc)
    [Anonymous Symbol]                       0x20000160   Section        0  main.o(.bss..L_MergedGlobals)
    [Anonymous Symbol]                       0x200001b8   Section        0  slcan.o(.bss..L_MergedGlobals)
    state                                    0x200001b9   Data           1  slcan.o(.bss..L_MergedGlobals)
    slCanProccesInput.linepos                0x200001ba   Data           1  slcan.o(.bss..L_MergedGlobals)
    terminator                               0x200001bb   Data           1  slcan.o(.bss..L_MergedGlobals)
    USBD_CDC_Setup.ifalt                     0x200001dc   Data           1  usbd_cdc.o(.bss.USBD_CDC_Setup.ifalt)
    [Anonymous Symbol]                       0x200001dc   Section        0  usbd_cdc.o(.bss.USBD_CDC_Setup.ifalt)
    USBD_SetConfig.cfgidx                    0x200001dd   Data           1  usbd_ctlreq.o(.bss.USBD_SetConfig.cfgidx)
    [Anonymous Symbol]                       0x200001dd   Section        0  usbd_ctlreq.o(.bss.USBD_SetConfig.cfgidx)
    USBD_static_malloc.mem                   0x200003e0   Data         544  usbd_conf.o(.bss.USBD_static_malloc.mem)
    [Anonymous Symbol]                       0x200003e0   Section        0  usbd_conf.o(.bss.USBD_static_malloc.mem)
    STACK                                    0x200012e8   Section     1024  startup_stm32f042x6.o(STACK)

    Global Symbols

    Symbol Name                              Value     Ov Type        Size  Object(Section)

    BuildAttributes$$THM_ISAv3M$S$PE$A:L22$X:L11$S22$IEEE1$IW$~IW$USESV6$~STKCKD$USESV7$~SHL$OTIME$EBA8$MICROLIB$REQ8$PRES8$EABIv2 0x00000000   Number         0  anon$$obj.o ABSOLUTE
    __cpp_initialize__aeabi_                  - Undefined Weak Reference
    __cxa_finalize                            - Undefined Weak Reference
    _clock_init                               - Undefined Weak Reference
    _microlib_exit                            - Undefined Weak Reference
    __Vectors_Size                           0x000000c0   Number         0  startup_stm32f042x6.o ABSOLUTE
    __Vectors                                0x08000000   Data           4  startup_stm32f042x6.o(RESET)
    __Vectors_End                            0x080000c0   Data           0  startup_stm32f042x6.o(RESET)
    __main                                   0x080000c1   Thumb Code     0  entry.o(.ARM.Collect$$$$00000000)
    _main_stk                                0x080000c1   Thumb Code     0  entry2.o(.ARM.Collect$$$$00000001)
    _main_scatterload                        0x080000c5   Thumb Code     0  entry5.o(.ARM.Collect$$$$00000004)
    __main_after_scatterload                 0x080000c9   Thumb Code     0  entry5.o(.ARM.Collect$$$$00000004)
    _main_clock                              0x080000c9   Thumb Code     0  entry7b.o(.ARM.Collect$$$$00000008)
    _main_cpp_init                           0x080000c9   Thumb Code     0  entry8b.o(.ARM.Collect$$$$0000000A)
    _main_init                               0x080000c9   Thumb Code     0  entry9a.o(.ARM.Collect$$$$0000000B)
    __rt_final_cpp                           0x080000d1   Thumb Code     0  entry10a.o(.ARM.Collect$$$$0000000D)
    __rt_final_exit                          0x080000d1   Thumb Code     0  entry11a.o(.ARM.Collect$$$$0000000F)
    Reset_Handler                            0x080000d5   Thumb Code    38  startup_stm32f042x6.o(.text)
    ADC1_IRQHandler                          0x08000105   Thumb Code     0  startup_stm32f042x6.o(.text)
    CEC_CAN_IRQHandler                       0x08000105   Thumb Code     0  startup_stm32f042x6.o(.text)
    DMA1_Channel1_IRQHandler                 0x08000105   Thumb Code     0  startup_stm32f042x6.o(.text)
    DMA1_Channel2_3_IRQHandler               0x08000105   Thumb Code     0  startup_stm32f042x6.o(.text)
    DMA1_Channel4_5_IRQHandler               0x08000105   Thumb Code     0  startup_stm32f042x6.o(.text)
    EXTI0_1_IRQHandler                       0x08000105   Thumb Code     0  startup_stm32f042x6.o(.text)
    EXTI2_3_IRQHandler                       0x08000105   Thumb Code     0  startup_stm32f042x6.o(.text)
    EXTI4_15_IRQHandler                      0x08000105   Thumb Code     0  startup_stm32f042x6.o(.text)
    FLASH_IRQHandler                         0x08000105   Thumb Code     0  startup_stm32f042x6.o(.text)
    I2C1_IRQHandler                          0x08000105   Thumb Code     0  startup_stm32f042x6.o(.text)
    PVD_VDDIO2_IRQHandler                    0x08000105   Thumb Code     0  startup_stm32f042x6.o(.text)
    RCC_CRS_IRQHandler                       0x08000105   Thumb Code     0  startup_stm32f042x6.o(.text)
    RTC_IRQHandler                           0x08000105   Thumb Code     0  startup_stm32f042x6.o(.text)
    SPI1_IRQHandler                          0x08000105   Thumb Code     0  startup_stm32f042x6.o(.text)
    SPI2_IRQHandler                          0x08000105   Thumb Code     0  startup_stm32f042x6.o(.text)
    TIM14_IRQHandler                         0x08000105   Thumb Code     0  startup_stm32f042x6.o(.text)
    TIM16_IRQHandler                         0x08000105   Thumb Code     0  startup_stm32f042x6.o(.text)
    TIM17_IRQHandler                         0x08000105   Thumb Code     0  startup_stm32f042x6.o(.text)
    TIM1_BRK_UP_TRG_COM_IRQHandler           0x08000105   Thumb Code     0  startup_stm32f042x6.o(.text)
    TIM1_CC_IRQHandler                       0x08000105   Thumb Code     0  startup_stm32f042x6.o(.text)
    TIM2_IRQHandler                          0x08000105   Thumb Code     0  startup_stm32f042x6.o(.text)
    TIM3_IRQHandler                          0x08000105   Thumb Code     0  startup_stm32f042x6.o(.text)
    TSC_IRQHandler                           0x08000105   Thumb Code     0  startup_stm32f042x6.o(.text)
    USART1_IRQHandler                        0x08000105   Thumb Code     0  startup_stm32f042x6.o(.text)
    USART2_IRQHandler                        0x08000105   Thumb Code     0  startup_stm32f042x6.o(.text)
    WWDG_IRQHandler                          0x08000105   Thumb Code     0  startup_stm32f042x6.o(.text)
    __aeabi_uidiv                            0x0800012d   Thumb Code     0  uidiv_div0.o(.text)
    __aeabi_uidivmod                         0x0800012d   Thumb Code    62  uidiv_div0.o(.text)
    __scatterload                            0x0800016d   Thumb Code    28  init.o(.text)
    __scatterload_rt2                        0x0800016d   Thumb Code     0  init.o(.text)
    __decompress                             0x08000191   Thumb Code     0  __dczerorl2.o(.text)
    __decompress1                            0x08000191   Thumb Code    86  __dczerorl2.o(.text)
    CANInit                                  0x080001e9   Thumb Code    36  slcan_additional.o(.text.CANInit)
    CDC_Transmit_FS                          0x08000259   Thumb Code    44  usbd_cdc_if.o(.text.CDC_Transmit_FS)
    FLASH_WaitForLastOperation               0x08000289   Thumb Code   164  stm32f0xx_hal_flash.o(.text.FLASH_WaitForLastOperation)
    HAL_CAN_ConfigFilter                     0x08000335   Thumb Code   220  stm32f0xx_hal_can.o(.text.HAL_CAN_ConfigFilter)
    HAL_CAN_GetError                         0x08000415   Thumb Code     4  stm32f0xx_hal_can.o(.text.HAL_CAN_GetError)
    HAL_CAN_Init                             0x08000419   Thumb Code   306  stm32f0xx_hal_can.o(.text.HAL_CAN_Init)
    HAL_CAN_MspInit                          0x0800054d   Thumb Code    68  stm32f0xx_hal_msp.o(.text.HAL_CAN_MspInit)
    HAL_CAN_Receive_IT                       0x0800059d   Thumb Code   208  stm32f0xx_hal_can.o(.text.HAL_CAN_Receive_IT)
    HAL_CAN_Transmit                         0x0800066d   Thumb Code   572  stm32f0xx_hal_can.o(.text.HAL_CAN_Transmit)
    HAL_FLASHEx_OBErase                      0x080008b5   Thumb Code   160  stm32f0xx_hal_flash_ex.o(.text.HAL_FLASHEx_OBErase)
    HAL_FLASHEx_OBGetConfig                  0x08000959   Thumb Code    52  stm32f0xx_hal_flash_ex.o(.text.HAL_FLASHEx_OBGetConfig)
    HAL_FLASHEx_OBProgram                    0x08000991   Thumb Code   428  stm32f0xx_hal_flash_ex.o(.text.HAL_FLASHEx_OBProgram)
    HAL_FLASH_Lock                           0x08000b41   Thumb Code    16  stm32f0xx_hal_flash.o(.text.HAL_FLASH_Lock)
    HAL_FLASH_OB_Launch                      0x08000b51   Thumb Code   140  stm32f0xx_hal_flash.o(.text.HAL_FLASH_OB_Launch)
    HAL_FLASH_OB_Lock                        0x08000be9   Thumb Code    16  stm32f0xx_hal_flash.o(.text.HAL_FLASH_OB_Lock)
    HAL_FLASH_OB_Unlock                      0x08000bfd   Thumb Code    24  stm32f0xx_hal_flash.o(.text.HAL_FLASH_OB_Unlock)
    HAL_FLASH_Unlock                         0x08000c19   Thumb Code    24  stm32f0xx_hal_flash.o(.text.HAL_FLASH_Unlock)
    HAL_GPIO_Init                            0x08000c3d   Thumb Code   372  stm32f0xx_hal_gpio.o(.text.HAL_GPIO_Init)
    HAL_GPIO_WritePin                        0x08000dc5   Thumb Code    16  stm32f0xx_hal_gpio.o(.text.HAL_GPIO_WritePin)
    HAL_GetTick                              0x08000dd5   Thumb Code     8  stm32f0xx_hal.o(.text.HAL_GetTick)
    HAL_IWDG_Init                            0x08000ddd   Thumb Code    80  stm32f0xx_hal_iwdg.o(.text.HAL_IWDG_Init)
    HAL_IWDG_Refresh                         0x08000e35   Thumb Code    12  stm32f0xx_hal_iwdg.o(.text.HAL_IWDG_Refresh)
    HAL_IncTick                              0x08000e45   Thumb Code    12  stm32f0xx_hal.o(.text.HAL_IncTick)
    HAL_Init                                 0x08000e55   Thumb Code    28  stm32f0xx_hal.o(.text.HAL_Init)
    HAL_InitTick                             0x08000e75   Thumb Code    36  stm32f0xx_hal.o(.text.HAL_InitTick)
    HAL_MspInit                              0x08000e99   Thumb Code    76  stm32f0xx_hal_msp.o(.text.HAL_MspInit)
    HAL_NVIC_DisableIRQ                      0x08000ee9   Thumb Code    16  stm32f0xx_hal_cortex.o(.text.HAL_NVIC_DisableIRQ)
    HAL_NVIC_EnableIRQ                       0x08000efd   Thumb Code    16  stm32f0xx_hal_cortex.o(.text.HAL_NVIC_EnableIRQ)
    HAL_NVIC_SetPriority                     0x08000f11   Thumb Code    48  stm32f0xx_hal_cortex.o(.text.HAL_NVIC_SetPriority)
    HAL_PCDEx_PMAConfig                      0x08000f49   Thumb Code    60  stm32f0xx_hal_pcd_ex.o(.text.HAL_PCDEx_PMAConfig)
    HAL_PCD_DataInStageCallback              0x08000f85   Thumb Code    24  usbd_conf.o(.text.HAL_PCD_DataInStageCallback)
    HAL_PCD_DataOutStageCallback             0x08000f9d   Thumb Code    28  usbd_conf.o(.text.HAL_PCD_DataOutStageCallback)
    HAL_PCD_EP_Close                         0x08000fb9   Thumb Code   192  stm32f0xx_hal_pcd.o(.text.HAL_PCD_EP_Close)
    HAL_PCD_EP_ClrStall                      0x0800107d   Thumb Code   144  stm32f0xx_hal_pcd.o(.text.HAL_PCD_EP_ClrStall)
    HAL_PCD_EP_GetRxCount                    0x08001111   Thumb Code    18  stm32f0xx_hal_pcd.o(.text.HAL_PCD_EP_GetRxCount)
    HAL_PCD_EP_Open                          0x08001125   Thumb Code   476  stm32f0xx_hal_pcd.o(.text.HAL_PCD_EP_Open)
    HAL_PCD_EP_Receive                       0x0800131d   Thumb Code   180  stm32f0xx_hal_pcd.o(.text.HAL_PCD_EP_Receive)
    HAL_PCD_EP_SetStall                      0x080013dd   Thumb Code   128  stm32f0xx_hal_pcd.o(.text.HAL_PCD_EP_SetStall)
    HAL_PCD_EP_Transmit                      0x0800146d   Thumb Code   512  stm32f0xx_hal_pcd.o(.text.HAL_PCD_EP_Transmit)
    HAL_PCD_IRQHandler                       0x08001679   Thumb Code  2400  stm32f0xx_hal_pcd.o(.text.HAL_PCD_IRQHandler)
    HAL_PCD_Init                             0x08001ff1   Thumb Code   636  stm32f0xx_hal_pcd.o(.text.HAL_PCD_Init)
    HAL_PCD_MspInit                          0x0800226d   Thumb Code    60  usbd_conf.o(.text.HAL_PCD_MspInit)
    HAL_PCD_ResetCallback                    0x080022b1   Thumb Code    24  usbd_conf.o(.text.HAL_PCD_ResetCallback)
    HAL_PCD_ResumeCallback                   0x080022c9   Thumb Code    36  usbd_conf.o(.text.HAL_PCD_ResumeCallback)
    HAL_PCD_SOFCallback                      0x080022ed   Thumb Code    14  usbd_conf.o(.text.HAL_PCD_SOFCallback)
    HAL_PCD_SetAddress                       0x080022fb   Thumb Code    44  stm32f0xx_hal_pcd.o(.text.HAL_PCD_SetAddress)
    HAL_PCD_SetupStageCallback               0x08002327   Thumb Code    22  usbd_conf.o(.text.HAL_PCD_SetupStageCallback)
    HAL_PCD_Start                            0x0800233d   Thumb Code    18  stm32f0xx_hal_pcd.o(.text.HAL_PCD_Start)
    HAL_PCD_SuspendCallback                  0x08002351   Thumb Code    32  usbd_conf.o(.text.HAL_PCD_SuspendCallback)
    HAL_RCCEx_PeriphCLKConfig                0x08002375   Thumb Code   292  stm32f0xx_hal_rcc_ex.o(.text.HAL_RCCEx_PeriphCLKConfig)
    HAL_RCC_ClockConfig                      0x080024a5   Thumb Code   400  stm32f0xx_hal_rcc.o(.text.HAL_RCC_ClockConfig)
    HAL_RCC_GetHCLKFreq                      0x08002655   Thumb Code     8  stm32f0xx_hal_rcc.o(.text.HAL_RCC_GetHCLKFreq)
    HAL_RCC_OscConfig                        0x08002661   Thumb Code  1120  stm32f0xx_hal_rcc.o(.text.HAL_RCC_OscConfig)
    HAL_SYSTICK_CLKSourceConfig              0x08002ac9   Thumb Code    24  stm32f0xx_hal_cortex.o(.text.HAL_SYSTICK_CLKSourceConfig)
    HAL_SYSTICK_Callback                     0x08002ae1   Thumb Code     2  stm32f0xx_hal_cortex.o(.text.HAL_SYSTICK_Callback)
    HAL_SYSTICK_Config                       0x08002ae5   Thumb Code    40  stm32f0xx_hal_cortex.o(.text.HAL_SYSTICK_Config)
    HAL_SYSTICK_IRQHandler                   0x08002b19   Thumb Code     8  stm32f0xx_hal_cortex.o(.text.HAL_SYSTICK_IRQHandler)
    HardFault_Handler                        0x08002b21   Thumb Code     2  stm32f0xx_it.o(.text.HardFault_Handler)
    MX_USB_DEVICE_Init                       0x08002b25   Thumb Code    40  usb_device.o(.text.MX_USB_DEVICE_Init)
    NMI_Handler                              0x08002b5d   Thumb Code     2  stm32f0xx_it.o(.text.NMI_Handler)
    PendSV_Handler                           0x08002b5f   Thumb Code     2  stm32f0xx_it.o(.text.PendSV_Handler)
    RebootToBootloader                       0x08002b61   Thumb Code    54  bootloader.o(.text.RebootToBootloader)
    SVC_Handler                              0x08002b97   Thumb Code     2  stm32f0xx_it.o(.text.SVC_Handler)
    SysTick_Handler                          0x08002b99   Thumb Code    12  stm32f0xx_it.o(.text.SysTick_Handler)
    SystemClock_Config                       0x08002ba5   Thumb Code   112  main.o(.text.SystemClock_Config)
    SystemInit                               0x08002c15   Thumb Code    76  system_stm32f0xx.o(.text.SystemInit)
    USBD_CDC_GetDeviceQualifierDescriptor    0x08002d1d   Thumb Code     8  usbd_cdc.o(.text.USBD_CDC_GetDeviceQualifierDescriptor)
    USBD_CDC_ReceivePacket                   0x08002dc9   Thumb Code    44  usbd_cdc.o(.text.USBD_CDC_ReceivePacket)
    USBD_CDC_RegisterInterface               0x08002df5   Thumb Code    18  usbd_cdc.o(.text.USBD_CDC_RegisterInterface)
    USBD_CDC_SetRxBuffer                     0x08002e07   Thumb Code    16  usbd_cdc.o(.text.USBD_CDC_SetRxBuffer)
    USBD_CDC_SetTxBuffer                     0x08002e17   Thumb Code    20  usbd_cdc.o(.text.USBD_CDC_SetTxBuffer)
    USBD_CDC_TransmitPacket                  0x08002ead   Thumb Code    50  usbd_cdc.o(.text.USBD_CDC_TransmitPacket)
    USBD_ClrClassConfig                      0x08002edf   Thumb Code    16  usbd_core.o(.text.USBD_ClrClassConfig)
    USBD_CtlContinueRx                       0x08002eef   Thumb Code    18  usbd_ioreq.o(.text.USBD_CtlContinueRx)
    USBD_CtlContinueSendData                 0x08002f01   Thumb Code    18  usbd_ioreq.o(.text.USBD_CtlContinueSendData)
    USBD_CtlPrepareRx                        0x08002f13   Thumb Code    36  usbd_ioreq.o(.text.USBD_CtlPrepareRx)
    USBD_CtlReceiveStatus                    0x08002f37   Thumb Code    26  usbd_ioreq.o(.text.USBD_CtlReceiveStatus)
    USBD_CtlSendData                         0x08002f51   Thumb Code    30  usbd_ioreq.o(.text.USBD_CtlSendData)
    USBD_CtlSendStatus                       0x08002f6f   Thumb Code    26  usbd_ioreq.o(.text.USBD_CtlSendStatus)
    USBD_FS_ConfigStrDescriptor              0x08002f89   Thumb Code    20  usbd_desc.o(.text.USBD_FS_ConfigStrDescriptor)
    USBD_FS_DeviceDescriptor                 0x08002fa9   Thumb Code     8  usbd_desc.o(.text.USBD_FS_DeviceDescriptor)
    USBD_FS_InterfaceStrDescriptor           0x08002fb5   Thumb Code    20  usbd_desc.o(.text.USBD_FS_InterfaceStrDescriptor)
    USBD_FS_LangIDStrDescriptor              0x08002fd9   Thumb Code     8  usbd_desc.o(.text.USBD_FS_LangIDStrDescriptor)
    USBD_FS_ManufacturerStrDescriptor        0x08002fe5   Thumb Code    20  usbd_desc.o(.text.USBD_FS_ManufacturerStrDescriptor)
    USBD_FS_ProductStrDescriptor             0x08003005   Thumb Code    20  usbd_desc.o(.text.USBD_FS_ProductStrDescriptor)
    USBD_FS_SerialStrDescriptor              0x08003031   Thumb Code    20  usbd_desc.o(.text.USBD_FS_SerialStrDescriptor)
    USBD_GetString                           0x08003059   Thumb Code   174  usbd_ctlreq.o(.text.USBD_GetString)
    USBD_Init                                0x08003107   Thumb Code    46  usbd_core.o(.text.USBD_Init)
    USBD_LL_ClearStallEP                     0x08003135   Thumb Code    32  usbd_conf.o(.text.USBD_LL_ClearStallEP)
    USBD_LL_CloseEP                          0x08003155   Thumb Code    32  usbd_conf.o(.text.USBD_LL_CloseEP)
    USBD_LL_DataInStage                      0x08003175   Thumb Code   176  usbd_core.o(.text.USBD_LL_DataInStage)
    USBD_LL_DataOutStage                     0x08003225   Thumb Code   110  usbd_core.o(.text.USBD_LL_DataOutStage)
    USBD_LL_GetRxDataSize                    0x08003293   Thumb Code    14  usbd_conf.o(.text.USBD_LL_GetRxDataSize)
    USBD_LL_Init                             0x080032a1   Thumb Code   136  usbd_conf.o(.text.USBD_LL_Init)
    USBD_LL_IsStallEP                        0x08003345   Thumb Code    38  usbd_conf.o(.text.USBD_LL_IsStallEP)
    USBD_LL_OpenEP                           0x0800336d   Thumb Code    40  usbd_conf.o(.text.USBD_LL_OpenEP)
    USBD_LL_PrepareReceive                   0x08003395   Thumb Code    32  usbd_conf.o(.text.USBD_LL_PrepareReceive)
    USBD_LL_Reset                            0x080033b5   Thumb Code    68  usbd_core.o(.text.USBD_LL_Reset)
    USBD_LL_Resume                           0x080033f9   Thumb Code    14  usbd_core.o(.text.USBD_LL_Resume)
    USBD_LL_SOF                              0x08003407   Thumb Code    28  usbd_core.o(.text.USBD_LL_SOF)
    USBD_LL_SetSpeed                         0x08003423   Thumb Code     6  usbd_core.o(.text.USBD_LL_SetSpeed)
    USBD_LL_SetUSBAddress                    0x08003429   Thumb Code    32  usbd_conf.o(.text.USBD_LL_SetUSBAddress)
    USBD_LL_SetupStage                       0x08003449   Thumb Code   106  usbd_core.o(.text.USBD_LL_SetupStage)
    USBD_LL_StallEP                          0x080034b5   Thumb Code    32  usbd_conf.o(.text.USBD_LL_StallEP)
    USBD_LL_Start                            0x080034d5   Thumb Code    32  usbd_conf.o(.text.USBD_LL_Start)
    USBD_LL_Suspend                          0x080034f5   Thumb Code    18  usbd_core.o(.text.USBD_LL_Suspend)
    USBD_LL_Transmit                         0x08003509   Thumb Code    32  usbd_conf.o(.text.USBD_LL_Transmit)
    USBD_ParseSetupRequest                   0x0800352d   Thumb Code    40  usbd_ctlreq.o(.text.USBD_ParseSetupRequest)
    USBD_RegisterClass                       0x08003555   Thumb Code    18  usbd_core.o(.text.USBD_RegisterClass)
    USBD_SetClassConfig                      0x08003567   Thumb Code    28  usbd_core.o(.text.USBD_SetClassConfig)
    USBD_Start                               0x08003583   Thumb Code    10  usbd_core.o(.text.USBD_Start)
    USBD_StdDevReq                           0x0800358d   Thumb Code   588  usbd_ctlreq.o(.text.USBD_StdDevReq)
    USBD_StdEPReq                            0x080037dd   Thumb Code   232  usbd_ctlreq.o(.text.USBD_StdEPReq)
    USBD_StdItfReq                           0x080038c5   Thumb Code    92  usbd_ctlreq.o(.text.USBD_StdItfReq)
    USBD_static_free                         0x08003921   Thumb Code     2  usbd_conf.o(.text.USBD_static_free)
    USBD_static_malloc                       0x08003925   Thumb Code     4  usbd_conf.o(.text.USBD_static_malloc)
    USB_IRQHandler                           0x0800392d   Thumb Code    12  stm32f0xx_it.o(.text.USB_IRQHandler)
    _Error_Handler                           0x0800393d   Thumb Code     2  main.o(.text._Error_Handler)
    bootloaderSwitcher                       0x0800393f   Thumb Code    58  bootloader.o(.text.bootloaderSwitcher)
    main                                     0x08003979   Thumb Code   284  main.o(.text.main)
    slCanCheckCommand                        0x08003b1d   Thumb Code  4152  slcan.o(.text.slCanCheckCommand)
    slcanClearAllFilters                     0x08004b59   Thumb Code    44  slcan_additional.o(.text.slcanClearAllFilters)
    slcanFillIdRegister16                    0x08004b89   Thumb Code    60  slcan_additional.o(.text.slcanFillIdRegister16)
    slcanFillIdRegister32                    0x08004bc5   Thumb Code    48  slcan_additional.o(.text.slcanFillIdRegister32)
    slcanOutputFlush                         0x08004bf5   Thumb Code    68  slcan.o(.text.slcanOutputFlush)
    slcanReciveCanFrame                      0x08004c39   Thumb Code   744  slcan.o(.text.slcanReciveCanFrame)
    slcanSetCANBaudRate                      0x08004f29   Thumb Code   252  slcan_additional.o(.text.slcanSetCANBaudRate)
    __scatterload_copy                       0x0800502d   Thumb Code    14  handlers.o(i.__scatterload_copy)
    __scatterload_null                       0x0800503b   Thumb Code     2  handlers.o(i.__scatterload_null)
    __scatterload_zeroinit                   0x0800503d   Thumb Code    14  handlers.o(i.__scatterload_zeroinit)
    AHBPrescTable                            0x0800504a   Data          16  system_stm32f0xx.o(.rodata.AHBPrescTable)
    Region$$Table$$Base                      0x0800507c   Number         0  anon$$obj.o(Region$$Table)
    Region$$Table$$Limit                     0x0800509c   Number         0  anon$$obj.o(Region$$Table)
    FS_Desc                                  0x20000000   Data          28  usbd_desc.o(.data.FS_Desc)
    SystemCoreClock                          0x2000001c   Data           4  system_stm32f0xx.o(.data.SystemCoreClock)
    USBD_CDC                                 0x20000020   Data          56  usbd_cdc.o(.data.USBD_CDC)
    USBD_CDC_CfgFSDesc                       0x20000058   Data          67  usbd_cdc.o(.data.USBD_CDC_CfgFSDesc)
    USBD_CDC_CfgHSDesc                       0x2000009c   Data          67  usbd_cdc.o(.data.USBD_CDC_CfgHSDesc)
    USBD_CDC_OtherSpeedCfgDesc               0x200000ec   Data          67  usbd_cdc.o(.data.USBD_CDC_OtherSpeedCfgDesc)
    USBD_FS_DeviceDesc                       0x20000130   Data          18  usbd_desc.o(.data.USBD_FS_DeviceDesc)
    USBD_Interface_fops_FS                   0x20000144   Data          16  usbd_cdc_if.o(.data.USBD_Interface_fops_FS)
    USBD_LangIDDesc                          0x20000154   Data           4  usbd_desc.o(.data.USBD_LangIDDesc)
    uid                                      0x20000158   Data           4  main.o(.data.uid)
    canRxFlags                               0x20000160   Data           2  main.o(.bss..L_MergedGlobals)
    serialNumber                             0x20000164   Data           4  main.o(.bss..L_MergedGlobals)
    hiwdg                                    0x20000168   Data          16  main.o(.bss..L_MergedGlobals)
    CanTxBuffer                              0x20000178   Data          28  main.o(.bss..L_MergedGlobals)
    CanRxBuffer                              0x20000194   Data          36  main.o(.bss..L_MergedGlobals)
    sl_frame_len                             0x200001b8   Data           1  slcan.o(.bss..L_MergedGlobals)
    sl_frame                                 0x200001bc   Data          32  slcan.o(.bss..L_MergedGlobals)
    USBD_StrDesc                             0x200001e0   Data         512  usbd_desc.o(.bss.USBD_StrDesc)
    UserRxBufferFS                           0x20000600   Data        1000  usbd_cdc_if.o(.bss.UserRxBufferFS)
    UserTxBufferFS                           0x200009e8   Data        1000  usbd_cdc_if.o(.bss.UserTxBufferFS)
    command                                  0x20000dd0   Data         100  slcan.o(.bss.command)
    hUsbDeviceFS                             0x20000e34   Data         548  usb_device.o(.bss.hUsbDeviceFS)
    hcan                                     0x20001058   Data          68  main.o(.bss.hcan)
    hpcd_USB_FS                              0x2000109c   Data         544  usbd_conf.o(.bss.hpcd_USB_FS)
    pFlash                                   0x200012c0   Data          32  stm32f0xx_hal_flash.o(.bss.pFlash)
    uwTick                                   0x200012e0   Data           4  stm32f0xx_hal.o(.bss.uwTick)
    __initial_sp                             0x200016e8   Data           0  startup_stm32f042x6.o(STACK)



==============================================================================

Memory Map of the image

  Image Entry point : 0x080000c1

  Load Region LR_IROM1 (Base: 0x08000000, Size: 0x00005200, Max: 0x00008000, ABSOLUTE, COMPRESSED[0x00005168])

    Execution Region ER_IROM1 (Exec base: 0x08000000, Load base: 0x08000000, Size: 0x0000509c, Max: 0x00008000, ABSOLUTE)

    Exec Addr    Load Addr    Size         Type   Attr      Idx    E Section Name        Object

    0x08000000   0x08000000   0x000000c0   Data   RO            3    RESET               startup_stm32f042x6.o
    0x080000c0   0x080000c0   0x00000000   Code   RO         1165  * .ARM.Collect$$$$00000000  mc_p.l(entry.o)
    0x080000c0   0x080000c0   0x00000004   Code   RO         1180    .ARM.Collect$$$$00000001  mc_p.l(entry2.o)
    0x080000c4   0x080000c4   0x00000004   Code   RO         1183    .ARM.Collect$$$$00000004  mc_p.l(entry5.o)
    0x080000c8   0x080000c8   0x00000000   Code   RO         1185    .ARM.Collect$$$$00000008  mc_p.l(entry7b.o)
    0x080000c8   0x080000c8   0x00000000   Code   RO         1187    .ARM.Collect$$$$0000000A  mc_p.l(entry8b.o)
    0x080000c8   0x080000c8   0x00000008   Code   RO         1188    .ARM.Collect$$$$0000000B  mc_p.l(entry9a.o)
    0x080000d0   0x080000d0   0x00000000   Code   RO         1190    .ARM.Collect$$$$0000000D  mc_p.l(entry10a.o)
    0x080000d0   0x080000d0   0x00000000   Code   RO         1192    .ARM.Collect$$$$0000000F  mc_p.l(entry11a.o)
    0x080000d0   0x080000d0   0x00000004   Code   RO         1181    .ARM.Collect$$$$00002712  mc_p.l(entry2.o)
    0x080000d4   0x080000d4   0x00000058   Code   RO            4    .text               startup_stm32f042x6.o
    0x0800012c   0x0800012c   0x0000003e   Code   RO         1198    .text               mc_p.l(uidiv_div0.o)
    0x0800016a   0x0800016a   0x00000002   PAD
    0x0800016c   0x0800016c   0x00000024   Code   RO         1204    .text               mc_p.l(init.o)
    0x08000190   0x08000190   0x00000056   Code   RO         1214    .text               mc_p.l(__dczerorl2.o)
    0x080001e6   0x080001e6   0x00000002   PAD
    0x080001e8   0x080001e8   0x0000002c   Code   RO          227    .text.CANInit       slcan_additional.o
    0x08000214   0x08000214   0x00000004   Code   RO          148    .text.CDC_Control_FS  usbd_cdc_if.o
    0x08000218   0x08000218   0x00000004   Code   RO          146    .text.CDC_DeInit_FS  usbd_cdc_if.o
    0x0800021c   0x0800021c   0x00000024   Code   RO          144    .text.CDC_Init_FS   usbd_cdc_if.o
    0x08000240   0x08000240   0x00000018   Code   RO          150    .text.CDC_Receive_FS  usbd_cdc_if.o
    0x08000258   0x08000258   0x00000030   Code   RO          152    .text.CDC_Transmit_FS  usbd_cdc_if.o
    0x08000288   0x08000288   0x000000ac   Code   RO          765    .text.FLASH_WaitForLastOperation  stm32f0xx_hal_flash.o
    0x08000334   0x08000334   0x000000e0   Code   RO          822    .text.HAL_CAN_ConfigFilter  stm32f0xx_hal_can.o
    0x08000414   0x08000414   0x00000004   Code   RO          852    .text.HAL_CAN_GetError  stm32f0xx_hal_can.o
    0x08000418   0x08000418   0x00000132   Code   RO          818    .text.HAL_CAN_Init  stm32f0xx_hal_can.o
    0x0800054a   0x0800054a   0x00000002   PAD
    0x0800054c   0x0800054c   0x00000050   Code   RO          186    .text.HAL_CAN_MspInit  stm32f0xx_hal_msp.o
    0x0800059c   0x0800059c   0x000000d0   Code   RO          834    .text.HAL_CAN_Receive_IT  stm32f0xx_hal_can.o
    0x0800066c   0x0800066c   0x00000248   Code   RO          828    .text.HAL_CAN_Transmit  stm32f0xx_hal_can.o
    0x080008b4   0x080008b4   0x000000a4   Code   RO          802    .text.HAL_FLASHEx_OBErase  stm32f0xx_hal_flash_ex.o
    0x08000958   0x08000958   0x00000038   Code   RO          806    .text.HAL_FLASHEx_OBGetConfig  stm32f0xx_hal_flash_ex.o
    0x08000990   0x08000990   0x000001b0   Code   RO          804    .text.HAL_FLASHEx_OBProgram  stm32f0xx_hal_flash_ex.o
    0x08000b40   0x08000b40   0x00000010   Code   RO          777    .text.HAL_FLASH_Lock  stm32f0xx_hal_flash.o
    0x08000b50   0x08000b50   0x00000098   Code   RO          783    .text.HAL_FLASH_OB_Launch  stm32f0xx_hal_flash.o
    0x08000be8   0x08000be8   0x00000014   Code   RO          781    .text.HAL_FLASH_OB_Lock  stm32f0xx_hal_flash.o
    0x08000bfc   0x08000bfc   0x0000001c   Code   RO          779    .text.HAL_FLASH_OB_Unlock  stm32f0xx_hal_flash.o
    0x08000c18   0x08000c18   0x00000024   Code   RO          775    .text.HAL_FLASH_Unlock  stm32f0xx_hal_flash.o
    0x08000c3c   0x08000c3c   0x00000188   Code   RO          617    .text.HAL_GPIO_Init  stm32f0xx_hal_gpio.o
    0x08000dc4   0x08000dc4   0x00000010   Code   RO          623    .text.HAL_GPIO_WritePin  stm32f0xx_hal_gpio.o
    0x08000dd4   0x08000dd4   0x00000008   Code   RO          420    .text.HAL_GetTick   stm32f0xx_hal.o
    0x08000ddc   0x08000ddc   0x00000058   Code   RO          862    .text.HAL_IWDG_Init  stm32f0xx_hal_iwdg.o
    0x08000e34   0x08000e34   0x00000010   Code   RO          864    .text.HAL_IWDG_Refresh  stm32f0xx_hal_iwdg.o
    0x08000e44   0x08000e44   0x00000010   Code   RO          418    .text.HAL_IncTick   stm32f0xx_hal.o
    0x08000e54   0x08000e54   0x00000020   Code   RO          408    .text.HAL_Init      stm32f0xx_hal.o
    0x08000e74   0x08000e74   0x00000024   Code   RO          410    .text.HAL_InitTick  stm32f0xx_hal.o
    0x08000e98   0x08000e98   0x00000050   Code   RO          184    .text.HAL_MspInit   stm32f0xx_hal_msp.o
    0x08000ee8   0x08000ee8   0x00000014   Code   RO          677    .text.HAL_NVIC_DisableIRQ  stm32f0xx_hal_cortex.o
    0x08000efc   0x08000efc   0x00000014   Code   RO          675    .text.HAL_NVIC_EnableIRQ  stm32f0xx_hal_cortex.o
    0x08000f10   0x08000f10   0x00000038   Code   RO          673    .text.HAL_NVIC_SetPriority  stm32f0xx_hal_cortex.o
    0x08000f48   0x08000f48   0x0000003c   Code   RO          332    .text.HAL_PCDEx_PMAConfig  stm32f0xx_hal_pcd_ex.o
    0x08000f84   0x08000f84   0x00000018   Code   RO           54    .text.HAL_PCD_DataInStageCallback  usbd_conf.o
    0x08000f9c   0x08000f9c   0x0000001c   Code   RO           52    .text.HAL_PCD_DataOutStageCallback  usbd_conf.o
    0x08000fb8   0x08000fb8   0x000000c4   Code   RO          300    .text.HAL_PCD_EP_Close  stm32f0xx_hal_pcd.o
    0x0800107c   0x0800107c   0x00000094   Code   RO          312    .text.HAL_PCD_EP_ClrStall  stm32f0xx_hal_pcd.o
    0x08001110   0x08001110   0x00000012   Code   RO          304    .text.HAL_PCD_EP_GetRxCount  stm32f0xx_hal_pcd.o
    0x08001122   0x08001122   0x00000002   PAD
    0x08001124   0x08001124   0x000001f8   Code   RO          298    .text.HAL_PCD_EP_Open  stm32f0xx_hal_pcd.o
    0x0800131c   0x0800131c   0x000000c0   Code   RO          302    .text.HAL_PCD_EP_Receive  stm32f0xx_hal_pcd.o
    0x080013dc   0x080013dc   0x00000090   Code   RO          310    .text.HAL_PCD_EP_SetStall  stm32f0xx_hal_pcd.o
    0x0800146c   0x0800146c   0x0000020c   Code   RO          306    .text.HAL_PCD_EP_Transmit  stm32f0xx_hal_pcd.o
    0x08001678   0x08001678   0x00000978   Code   RO          268    .text.HAL_PCD_IRQHandler  stm32f0xx_hal_pcd.o
    0x08001ff0   0x08001ff0   0x0000027c   Code   RO          256    .text.HAL_PCD_Init  stm32f0xx_hal_pcd.o
    0x0800226c   0x0800226c   0x00000044   Code   RO           46    .text.HAL_PCD_MspInit  usbd_conf.o
    0x080022b0   0x080022b0   0x00000018   Code   RO           58    .text.HAL_PCD_ResetCallback  usbd_conf.o
    0x080022c8   0x080022c8   0x00000024   Code   RO           62    .text.HAL_PCD_ResumeCallback  usbd_conf.o
    0x080022ec   0x080022ec   0x0000000e   Code   RO           56    .text.HAL_PCD_SOFCallback  usbd_conf.o
    0x080022fa   0x080022fa   0x0000002c   Code   RO          272    .text.HAL_PCD_SetAddress  stm32f0xx_hal_pcd.o
    0x08002326   0x08002326   0x00000016   Code   RO           50    .text.HAL_PCD_SetupStageCallback  usbd_conf.o
    0x0800233c   0x0800233c   0x00000012   Code   RO          266    .text.HAL_PCD_Start  stm32f0xx_hal_pcd.o
    0x0800234e   0x0800234e   0x00000002   PAD
    0x08002350   0x08002350   0x00000024   Code   RO           60    .text.HAL_PCD_SuspendCallback  usbd_conf.o
    0x08002374   0x08002374   0x00000130   Code   RO          376    .text.HAL_RCCEx_PeriphCLKConfig  stm32f0xx_hal_rcc_ex.o
    0x080024a4   0x080024a4   0x000001b0   Code   RO          345    .text.HAL_RCC_ClockConfig  stm32f0xx_hal_rcc.o
    0x08002654   0x08002654   0x0000000c   Code   RO          355    .text.HAL_RCC_GetHCLKFreq  stm32f0xx_hal_rcc.o
    0x08002660   0x08002660   0x00000468   Code   RO          343    .text.HAL_RCC_OscConfig  stm32f0xx_hal_rcc.o
    0x08002ac8   0x08002ac8   0x00000018   Code   RO          691    .text.HAL_SYSTICK_CLKSourceConfig  stm32f0xx_hal_cortex.o
    0x08002ae0   0x08002ae0   0x00000002   Code   RO          695    .text.HAL_SYSTICK_Callback  stm32f0xx_hal_cortex.o
    0x08002ae2   0x08002ae2   0x00000002   PAD
    0x08002ae4   0x08002ae4   0x00000034   Code   RO          681    .text.HAL_SYSTICK_Config  stm32f0xx_hal_cortex.o
    0x08002b18   0x08002b18   0x00000008   Code   RO          693    .text.HAL_SYSTICK_IRQHandler  stm32f0xx_hal_cortex.o
    0x08002b20   0x08002b20   0x00000002   Code   RO          167    .text.HardFault_Handler  stm32f0xx_it.o
    0x08002b22   0x08002b22   0x00000002   PAD
    0x08002b24   0x08002b24   0x00000038   Code   RO           37    .text.MX_USB_DEVICE_Init  usb_device.o
    0x08002b5c   0x08002b5c   0x00000002   Code   RO          165    .text.NMI_Handler   stm32f0xx_it.o
    0x08002b5e   0x08002b5e   0x00000002   Code   RO          171    .text.PendSV_Handler  stm32f0xx_it.o
    0x08002b60   0x08002b60   0x00000036   Code   RO          245    .text.RebootToBootloader  bootloader.o
    0x08002b96   0x08002b96   0x00000002   Code   RO          169    .text.SVC_Handler   stm32f0xx_it.o
    0x08002b98   0x08002b98   0x0000000c   Code   RO          173    .text.SysTick_Handler  stm32f0xx_it.o
    0x08002ba4   0x08002ba4   0x00000070   Code   RO           13    .text.SystemClock_Config  main.o
    0x08002c14   0x08002c14   0x00000058   Code   RO         1016    .text.SystemInit    system_stm32f0xx.o
    0x08002c6c   0x08002c6c   0x00000018   Code   RO         1130    .text.USBD_CDC_DataIn  usbd_cdc.o
    0x08002c84   0x08002c84   0x00000034   Code   RO         1132    .text.USBD_CDC_DataOut  usbd_cdc.o
    0x08002cb8   0x08002cb8   0x0000003a   Code   RO         1124    .text.USBD_CDC_DeInit  usbd_cdc.o
    0x08002cf2   0x08002cf2   0x0000002a   Code   RO         1128    .text.USBD_CDC_EP0_RxReady  usbd_cdc.o
    0x08002d1c   0x08002d1c   0x0000000c   Code   RO         1140    .text.USBD_CDC_GetDeviceQualifierDescriptor  usbd_cdc.o
    0x08002d28   0x08002d28   0x0000000c   Code   RO         1136    .text.USBD_CDC_GetFSCfgDesc  usbd_cdc.o
    0x08002d34   0x08002d34   0x0000000c   Code   RO         1134    .text.USBD_CDC_GetHSCfgDesc  usbd_cdc.o
    0x08002d40   0x08002d40   0x0000000c   Code   RO         1138    .text.USBD_CDC_GetOtherSpeedCfgDesc  usbd_cdc.o
    0x08002d4c   0x08002d4c   0x0000007c   Code   RO         1122    .text.USBD_CDC_Init  usbd_cdc.o
    0x08002dc8   0x08002dc8   0x0000002c   Code   RO         1150    .text.USBD_CDC_ReceivePacket  usbd_cdc.o
    0x08002df4   0x08002df4   0x00000012   Code   RO         1142    .text.USBD_CDC_RegisterInterface  usbd_cdc.o
    0x08002e06   0x08002e06   0x00000010   Code   RO         1146    .text.USBD_CDC_SetRxBuffer  usbd_cdc.o
    0x08002e16   0x08002e16   0x00000014   Code   RO         1144    .text.USBD_CDC_SetTxBuffer  usbd_cdc.o
    0x08002e2a   0x08002e2a   0x00000002   PAD
    0x08002e2c   0x08002e2c   0x00000080   Code   RO         1126    .text.USBD_CDC_Setup  usbd_cdc.o
    0x08002eac   0x08002eac   0x00000032   Code   RO         1148    .text.USBD_CDC_TransmitPacket  usbd_cdc.o
    0x08002ede   0x08002ede   0x00000010   Code   RO         1045    .text.USBD_ClrClassConfig  usbd_core.o
    0x08002eee   0x08002eee   0x00000012   Code   RO         1106    .text.USBD_CtlContinueRx  usbd_ioreq.o
    0x08002f00   0x08002f00   0x00000012   Code   RO         1102    .text.USBD_CtlContinueSendData  usbd_ioreq.o
    0x08002f12   0x08002f12   0x00000024   Code   RO         1104    .text.USBD_CtlPrepareRx  usbd_ioreq.o
    0x08002f36   0x08002f36   0x0000001a   Code   RO         1110    .text.USBD_CtlReceiveStatus  usbd_ioreq.o
    0x08002f50   0x08002f50   0x0000001e   Code   RO         1100    .text.USBD_CtlSendData  usbd_ioreq.o
    0x08002f6e   0x08002f6e   0x0000001a   Code   RO         1108    .text.USBD_CtlSendStatus  usbd_ioreq.o
    0x08002f88   0x08002f88   0x00000020   Code   RO          128    .text.USBD_FS_ConfigStrDescriptor  usbd_desc.o
    0x08002fa8   0x08002fa8   0x0000000c   Code   RO          118    .text.USBD_FS_DeviceDescriptor  usbd_desc.o
    0x08002fb4   0x08002fb4   0x00000024   Code   RO          130    .text.USBD_FS_InterfaceStrDescriptor  usbd_desc.o
    0x08002fd8   0x08002fd8   0x0000000c   Code   RO          120    .text.USBD_FS_LangIDStrDescriptor  usbd_desc.o
    0x08002fe4   0x08002fe4   0x00000020   Code   RO          122    .text.USBD_FS_ManufacturerStrDescriptor  usbd_desc.o
    0x08003004   0x08003004   0x0000002c   Code   RO          124    .text.USBD_FS_ProductStrDescriptor  usbd_desc.o
    0x08003030   0x08003030   0x00000028   Code   RO          126    .text.USBD_FS_SerialStrDescriptor  usbd_desc.o
    0x08003058   0x08003058   0x000000ae   Code   RO         1089    .text.USBD_GetString  usbd_ctlreq.o
    0x08003106   0x08003106   0x0000002e   Code   RO         1031    .text.USBD_Init     usbd_core.o
    0x08003134   0x08003134   0x00000020   Code   RO           88    .text.USBD_LL_ClearStallEP  usbd_conf.o
    0x08003154   0x08003154   0x00000020   Code   RO           82    .text.USBD_LL_CloseEP  usbd_conf.o
    0x08003174   0x08003174   0x000000b0   Code   RO         1051    .text.USBD_LL_DataInStage  usbd_core.o
    0x08003224   0x08003224   0x0000006e   Code   RO         1049    .text.USBD_LL_DataOutStage  usbd_core.o
    0x08003292   0x08003292   0x0000000e   Code   RO           98    .text.USBD_LL_GetRxDataSize  usbd_conf.o
    0x080032a0   0x080032a0   0x000000a4   Code   RO           72    .text.USBD_LL_Init  usbd_conf.o
    0x08003344   0x08003344   0x00000026   Code   RO           90    .text.USBD_LL_IsStallEP  usbd_conf.o
    0x0800336a   0x0800336a   0x00000002   PAD
    0x0800336c   0x0800336c   0x00000028   Code   RO           80    .text.USBD_LL_OpenEP  usbd_conf.o
    0x08003394   0x08003394   0x00000020   Code   RO           96    .text.USBD_LL_PrepareReceive  usbd_conf.o
    0x080033b4   0x080033b4   0x00000044   Code   RO         1053    .text.USBD_LL_Reset  usbd_core.o
    0x080033f8   0x080033f8   0x0000000e   Code   RO         1059    .text.USBD_LL_Resume  usbd_core.o
    0x08003406   0x08003406   0x0000001c   Code   RO         1061    .text.USBD_LL_SOF   usbd_core.o
    0x08003422   0x08003422   0x00000006   Code   RO         1055    .text.USBD_LL_SetSpeed  usbd_core.o
    0x08003428   0x08003428   0x00000020   Code   RO           92    .text.USBD_LL_SetUSBAddress  usbd_conf.o
    0x08003448   0x08003448   0x0000006a   Code   RO         1047    .text.USBD_LL_SetupStage  usbd_core.o
    0x080034b2   0x080034b2   0x00000002   PAD
    0x080034b4   0x080034b4   0x00000020   Code   RO           86    .text.USBD_LL_StallEP  usbd_conf.o
    0x080034d4   0x080034d4   0x00000020   Code   RO           76    .text.USBD_LL_Start  usbd_conf.o
    0x080034f4   0x080034f4   0x00000012   Code   RO         1057    .text.USBD_LL_Suspend  usbd_core.o
    0x08003506   0x08003506   0x00000002   PAD
    0x08003508   0x08003508   0x00000024   Code   RO           94    .text.USBD_LL_Transmit  usbd_conf.o
    0x0800352c   0x0800352c   0x00000028   Code   RO         1087    .text.USBD_ParseSetupRequest  usbd_ctlreq.o
    0x08003554   0x08003554   0x00000012   Code   RO         1035    .text.USBD_RegisterClass  usbd_core.o
    0x08003566   0x08003566   0x0000001c   Code   RO         1043    .text.USBD_SetClassConfig  usbd_core.o
    0x08003582   0x08003582   0x0000000a   Code   RO         1037    .text.USBD_Start    usbd_core.o
    0x0800358c   0x0800358c   0x00000250   Code   RO         1079    .text.USBD_StdDevReq  usbd_ctlreq.o
    0x080037dc   0x080037dc   0x000000e8   Code   RO         1085    .text.USBD_StdEPReq  usbd_ctlreq.o
    0x080038c4   0x080038c4   0x0000005c   Code   RO         1083    .text.USBD_StdItfReq  usbd_ctlreq.o
    0x08003920   0x08003920   0x00000002   Code   RO          104    .text.USBD_static_free  usbd_conf.o
    0x08003922   0x08003922   0x00000002   PAD
    0x08003924   0x08003924   0x00000008   Code   RO          102    .text.USBD_static_malloc  usbd_conf.o
    0x0800392c   0x0800392c   0x00000010   Code   RO          175    .text.USB_IRQHandler  stm32f0xx_it.o
    0x0800393c   0x0800393c   0x00000002   Code   RO           17    .text._Error_Handler  main.o
    0x0800393e   0x0800393e   0x0000003a   Code   RO          247    .text.bootloaderSwitcher  bootloader.o
    0x08003978   0x08003978   0x00000140   Code   RO           11    .text.main          main.o
    0x08003ab8   0x08003ab8   0x00000062   Code   RO          210    .text.parseHex      slcan.o
    0x08003b1a   0x08003b1a   0x00000002   PAD
    0x08003b1c   0x08003b1c   0x0000103c   Code   RO          208    .text.slCanCheckCommand  slcan.o
    0x08004b58   0x08004b58   0x00000030   Code   RO          229    .text.slcanClearAllFilters  slcan_additional.o
    0x08004b88   0x08004b88   0x0000003c   Code   RO          233    .text.slcanFillIdRegister16  slcan_additional.o
    0x08004bc4   0x08004bc4   0x00000030   Code   RO          231    .text.slcanFillIdRegister32  slcan_additional.o
    0x08004bf4   0x08004bf4   0x00000044   Code   RO          204    .text.slcanOutputFlush  slcan.o
    0x08004c38   0x08004c38   0x000002f0   Code   RO          214    .text.slcanReciveCanFrame  slcan.o
    0x08004f28   0x08004f28   0x00000104   Code   RO          235    .text.slcanSetCANBaudRate  slcan_additional.o
    0x0800502c   0x0800502c   0x0000000e   Code   RO         1208    i.__scatterload_copy  mc_p.l(handlers.o)
    0x0800503a   0x0800503a   0x00000002   Code   RO         1209    i.__scatterload_null  mc_p.l(handlers.o)
    0x0800503c   0x0800503c   0x0000000e   Code   RO         1210    i.__scatterload_zeroinit  mc_p.l(handlers.o)
    0x0800504a   0x0800504a   0x00000010   Data   RO         1021    .rodata.AHBPrescTable  system_stm32f0xx.o
    0x0800505a   0x0800505a   0x00000020   Data   RO          367    .rodata.cst16       stm32f0xx_hal_rcc.o
    0x0800507a   0x0800507a   0x00000002   PAD
    0x0800507c   0x0800507c   0x00000020   Data   RO         1207    Region$$Table       anon$$obj.o


    Execution Region RW_IRAM1 (Exec base: 0x20000000, Load base: 0x080050a0, Size: 0x000016e8, Max: 0x00008000, ABSOLUTE, COMPRESSED[0x000000c8])

    Exec Addr    Load Addr    Size         Type   Attr      Idx    E Section Name        Object

    0x20000000   COMPRESSED   0x0000001c   Data   RW          132    .data.FS_Desc       usbd_desc.o
    0x2000001c   COMPRESSED   0x00000004   Data   RW         1020    .data.SystemCoreClock  system_stm32f0xx.o
    0x20000020   COMPRESSED   0x00000038   Data   RW         1152    .data.USBD_CDC      usbd_cdc.o
    0x20000058   COMPRESSED   0x00000043   Data   RW         1154    .data.USBD_CDC_CfgFSDesc  usbd_cdc.o
    0x2000009b   COMPRESSED   0x00000001   PAD
    0x2000009c   COMPRESSED   0x00000043   Data   RW         1153    .data.USBD_CDC_CfgHSDesc  usbd_cdc.o
    0x200000df   COMPRESSED   0x00000001   PAD
    0x200000e0   COMPRESSED   0x0000000a   Data   RW         1156    .data.USBD_CDC_DeviceQualifierDesc  usbd_cdc.o
    0x200000ea   COMPRESSED   0x00000002   PAD
    0x200000ec   COMPRESSED   0x00000043   Data   RW         1155    .data.USBD_CDC_OtherSpeedCfgDesc  usbd_cdc.o
    0x2000012f   COMPRESSED   0x00000001   PAD
    0x20000130   COMPRESSED   0x00000012   Data   RW          133    .data.USBD_FS_DeviceDesc  usbd_desc.o
    0x20000142   COMPRESSED   0x00000002   PAD
    0x20000144   COMPRESSED   0x00000010   Data   RW          154    .data.USBD_Interface_fops_FS  usbd_cdc_if.o
    0x20000154   COMPRESSED   0x00000004   Data   RW          134    .data.USBD_LangIDDesc  usbd_desc.o
    0x20000158   COMPRESSED   0x00000004   Data   RW           23    .data.uid           main.o
    0x2000015c   COMPRESSED   0x00000004   PAD
    0x20000160        -       0x00000058   Zero   RW           28    .bss..L_MergedGlobals  main.o
    0x200001b8        -       0x00000024   Zero   RW          218    .bss..L_MergedGlobals  slcan.o
    0x200001dc        -       0x00000001   Zero   RW         1157    .bss.USBD_CDC_Setup.ifalt  usbd_cdc.o
    0x200001dd        -       0x00000001   Zero   RW         1091    .bss.USBD_SetConfig.cfgidx  usbd_ctlreq.o
    0x200001de   COMPRESSED   0x00000002   PAD
    0x200001e0        -       0x00000200   Zero   RW          135    .bss.USBD_StrDesc   usbd_desc.o
    0x200003e0        -       0x00000220   Zero   RW          109    .bss.USBD_static_malloc.mem  usbd_conf.o
    0x20000600        -       0x000003e8   Zero   RW          155    .bss.UserRxBufferFS  usbd_cdc_if.o
    0x200009e8        -       0x000003e8   Zero   RW          156    .bss.UserTxBufferFS  usbd_cdc_if.o
    0x20000dd0        -       0x00000064   Zero   RW          216    .bss.command        slcan.o
    0x20000e34        -       0x00000224   Zero   RW           39    .bss.hUsbDeviceFS   usb_device.o
    0x20001058        -       0x00000044   Zero   RW           24    .bss.hcan           main.o
    0x2000109c        -       0x00000220   Zero   RW          108    .bss.hpcd_USB_FS    usbd_conf.o
    0x200012bc   COMPRESSED   0x00000004   PAD
    0x200012c0        -       0x00000020   Zero   RW          787    .bss.pFlash         stm32f0xx_hal_flash.o
    0x200012e0        -       0x00000004   Zero   RW          448    .bss.uwTick         stm32f0xx_hal.o
    0x200012e4   COMPRESSED   0x00000004   PAD
    0x200012e8        -       0x00000400   Zero   RW            1    STACK               startup_stm32f042x6.o


==============================================================================

Image component sizes


      Code (inc. data)   RO Data    RW Data    ZI Data      Debug   Object Name

       112          0          0          0          0       1182   bootloader.o
       434         36          0          4        156      10069   main.o
      5074        540          0          0        136      19298   slcan.o
       460        168          0          0          0       3745   slcan_additional.o
        88         38        192          0       1024        640   startup_stm32f042x6.o
        92          8          0          0          4       4495   stm32f0xx_hal.o
      1326         16          0          0          0      10814   stm32f0xx_hal_can.o
       182         28          0          0          0       5352   stm32f0xx_hal_cortex.o
       424         40          0          0         32       6454   stm32f0xx_hal_flash.o
       652         12          0          0          0       6431   stm32f0xx_hal_flash_ex.o
       408         20          0          0          0       4893   stm32f0xx_hal_gpio.o
       104         12          0          0          0       1764   stm32f0xx_hal_iwdg.o
       160         16          0          0          0       7663   stm32f0xx_hal_msp.o
      4848        160          0          0          0      28780   stm32f0xx_hal_pcd.o
        60          0          0          0          0       3159   stm32f0xx_hal_pcd_ex.o
      1572         48         32          0          0       7678   stm32f0xx_hal_rcc.o
       304         12          0          0          0       6444   stm32f0xx_hal_rcc_ex.o
        36          4          0          0          0       1131   stm32f0xx_it.o
        88         12         16          4          0       1761   system_stm32f0xx.o
        56         16          0          0        548       2731   usb_device.o
       624         20          0        267          1       7527   usbd_cdc.o
       116         12          0         16       2000       2541   usbd_cdc_if.o
       746         48          0          0       1088      14412   usbd_conf.o
       644          0          0          0          0       7651   usbd_core.o
      1130         28          0          0          1       7955   usbd_ctlreq.o
       208         92          0         50        512       2890   usbd_desc.o
       154          0          0          0          0       4352   usbd_ioreq.o

    ----------------------------------------------------------------------
     20124       1386        274        348       5516     181812   Object Totals
         0          0         32          0          0          0   (incl. Generated)
        22          0          2          7         14          0   (incl. Padding)

    ----------------------------------------------------------------------

      Code (inc. data)   RO Data    RW Data    ZI Data      Debug   Library Member Name

        86          0          0          0          0          0   __dczerorl2.o
         0          0          0          0          0          0   entry.o
         0          0          0          0          0          0   entry10a.o
         0          0          0          0          0          0   entry11a.o
         8          4          0          0          0          0   entry2.o
         4          0          0          0          0          0   entry5.o
         0          0          0          0          0          0   entry7b.o
         0          0          0          0          0          0   entry8b.o
         8          4          0          0          0          0   entry9a.o
        30          0          0          0          0          0   handlers.o
        36          8          0          0          0         68   init.o
        62          0          0          0          0         72   uidiv_div0.o

    ----------------------------------------------------------------------
       238         16          0          0          0        140   Library Totals
         4          0          0          0          0          0   (incl. Padding)

    ----------------------------------------------------------------------

      Code (inc. data)   RO Data    RW Data    ZI Data      Debug   Library Name

       234         16          0          0          0        140   mc_p.l

    ----------------------------------------------------------------------
       238         16          0          0          0        140   Library Totals

    ----------------------------------------------------------------------

==============================================================================


      Code (inc. data)   RO Data    RW Data    ZI Data      Debug   

     20362       1402        274        348       5516     181676   Grand Totals
     20362       1402        274        200       5516     181676   ELF Image Totals (compressed)
     20362       1402        274        200          0          0   ROM Totals

==============================================================================

    Total RO  Size (Code + RO Data)                20636 (  20.15kB)
    Total RW  Size (RW Data + ZI Data)              5864 (   5.73kB)
    Total ROM Size (Code + RO Data + RW Data)      20836 (  20.35kB)

==============================================================================

