<html>
<body>
<pre>
<h1>µVision Build Log</h1>
<h2>Tool Versions:</h2>
IDE-Version: ¦ÌVision V5.38.0.0
Copyright (C) 2022 ARM Ltd and ARM Germany GmbH. All rights reserved.
License Information: a Administrator, b, LIC=MPPLD-86TPQ-X7ARZ-JVSDA-RT75K-7N3B7
 
Tool Versions:
Toolchain:       MDK-ARM Plus  Version: 5.38.0.0
Toolchain Path:  d:\Keil_v5\ARM\ARMC\Bin
C Compiler:      Armcc.exe V5.06 update 7 (build 960)
Assembler:       Armasm.exe V5.06 update 7 (build 960)
Linker/Locator:  ArmLink.exe V5.06 update 7 (build 960)
Library Manager: ArmAr.exe V5.06 update 7 (build 960)
Hex Converter:   FromElf.exe V5.06 update 7 (build 960)
CPU DLL:         SARMCM3.DLL V5.38.0.0
Dialog DLL:      DARMCM1.DLL V1.19.6.0
Target DLL:      STLink\ST-LINKIII-KEIL_SWO.dll V3.1.0.0
Dialog DLL:      TARMCM1.DLL V1.14.6.0
 
<h2>Project:</h2>
E:\git-category\Git-interface\UCCBEmbedded-103\MDK-ARM-contine\MDK-ARM\UCCBEmbedded.uvprojx
Project File Date:  02/16/2023

<h2>Output:</h2>
*** Using Compiler 'V5.06 update 7 (build 960)', folder: 'd:\Keil_v5\ARM\ARMC\Bin'
Rebuild target 'UCCBEmbedded'
assembling startup_stm32f042x6.s...
compiling usb_device.c...
compiling main.c...
../Src/slcan/slcan.h(40): warning:  #1295-D: Deprecated declaration slcanClose - give arg types
  void slcanClose();
../Src/main.c(105): warning:  #1295-D: Deprecated declaration bootloaderSwitcher - give arg types
  void bootloaderSwitcher();
../Src/main.c: 2 warnings, 0 errors
compiling usbd_conf.c...
compiling stm32f0xx_it.c...
compiling usbd_desc.c...
compiling usbd_cdc_if.c...
../Src/slcan/slcan.h(40): warning:  #1295-D: Deprecated declaration slcanClose - give arg types
  void slcanClose();
../Src/usbd_cdc_if.c: 1 warning, 0 errors
compiling stm32f0xx_hal_msp.c...
compiling slcan_additional.c...
..\Src\slcan\slcan.h(40): warning:  #1295-D: Deprecated declaration slcanClose - give arg types
  void slcanClose();
..\Src\slcan\slcan_additional.c: 1 warning, 0 errors
compiling slcan.c...
..\Src\slcan\slcan.h(40): warning:  #1295-D: Deprecated declaration slcanClose - give arg types
  void slcanClose();
..\Src\slcan\slcan.c(207): warning:  #1295-D: Deprecated declaration RebootToBootloader - give arg types
  void RebootToBootloader();
..\Src\slcan\slcan.c(372): warning:  #167-D: argument of type "unsigned long *" is incompatible with parameter of type "uint32_t *"
                  if (parseHex(&line[1], 1, &stamping)) {
..\Src\slcan\slcan.c(22): warning:  #550-D: variable "timestamping"  was set but never used
  static uint8_t timestamping = 0;
..\Src\slcan\slcan.c: 4 warnings, 0 errors
compiling bootloader.c...
compiling stm32f0xx_hal_pcd_ex.c...
compiling stm32f0xx_hal_pcd.c...
compiling stm32f0xx_hal.c...
compiling stm32f0xx_hal_rcc_ex.c...
compiling stm32f0xx_hal_rcc.c...
compiling stm32f0xx_hal_i2c_ex.c...
compiling stm32f0xx_hal_gpio.c...
compiling stm32f0xx_hal_i2c.c...
compiling stm32f0xx_hal_dma.c...
compiling stm32f0xx_hal_cortex.c...
compiling stm32f0xx_hal_pwr.c...
compiling stm32f0xx_hal_pwr_ex.c...
compiling stm32f0xx_hal_flash.c...
compiling stm32f0xx_hal_flash_ex.c...
compiling stm32f0xx_hal_iwdg.c...
compiling stm32f0xx_hal_can.c...
compiling stm32f0xx_hal_tim.c...
compiling stm32f0xx_hal_tim_ex.c...
compiling stm32f0xx_hal_uart.c...
compiling stm32f0xx_hal_uart_ex.c...
compiling system_stm32f0xx.c...
compiling usbd_core.c...
compiling usbd_ctlreq.c...
compiling usbd_ioreq.c...
compiling usbd_cdc.c...
linking...
Program Size: Code=17196 RO-data=248 RW-data=376 ZI-data=4560  
FromELF: creating hex file...
"UCCBEmbedded\UCCBEmbedded.axf" - 0 Error(s), 8 Warning(s).

<h2>Software Packages used:</h2>

Package Vendor: ARM
                http://www.keil.com/pack/ARM.CMSIS.5.9.0.pack
                ARM.CMSIS.5.9.0
                CMSIS (Common Microcontroller Software Interface Standard)
   * Component: CORE Version: 5.6.0

Package Vendor: Keil
                https://www.keil.com/pack/Keil.STM32F0xx_DFP.2.1.1.pack
                Keil.STM32F0xx_DFP.2.1.1
                STMicroelectronics STM32F0 Series Device Support, Drivers and Examples

<h2>Collection of Component include folders:</h2>
  ./RTE/_UCCBEmbedded
  D:/Users/Administrator/AppData/Local/Arm/Packs/ARM/CMSIS/5.9.0/CMSIS/Core/Include
  D:/Users/Administrator/AppData/Local/Arm/Packs/Keil/STM32F0xx_DFP/2.1.1/Drivers/CMSIS/Device/ST/STM32F0xx/Include

<h2>Collection of Component Files used:</h2>

   * Component: ARM::CMSIS:CORE:5.6.0
      Include file:  CMSIS/Core/Include/tz_context.h
Build Time Elapsed:  00:00:33
</pre>
</body>
</html>
