<html>
<body>
<pre>
<h1>µVision Build Log</h1>
<h2>Tool Versions:</h2>
IDE-Version: ¦ÌVision V5.38.0.0
Copyright (C) 2022 ARM Ltd and ARM Germany GmbH. All rights reserved.
License Information: c Administrator, c, LIC=TIVNB-2I6E9-Z9SG9-4WRNY-JGC9X-PV7UK
 
Tool Versions:
Toolchain:       MDK-ARM Plus  Version: 5.38.0.0
Toolchain Path:  d:\Keil_v5\ARM\ARMCLANG\Bin
C Compiler:      ArmClang.exe V6.19
Assembler:       Armasm.exe V6.19
Linker/Locator:  ArmLink.exe V6.19
Library Manager: ArmAr.exe V6.19
Hex Converter:   FromElf.exe V6.19
CPU DLL:         SARMCM3.DLL V5.38.0.0
Dialog DLL:      DARMCM1.DLL V1.19.6.0
Target DLL:      UL2CM3.DLL V1.164.8.0
Dialog DLL:      TARMCM1.DLL V1.14.6.0
 
<h2>Project:</h2>
F:\Git-category\Git-Interface\UCCBEmbedded-re\MDK-ARM-F050\MDK-ARM\UCCBEmbedded.uvprojx
Project File Date:  02/17/2023

<h2>Output:</h2>
*** Using Compiler 'V6.19', folder: 'd:\Keil_v5\ARM\ARMCLANG\Bin'
Rebuild target 'UCCBEmbedded'
assembling startup_stm32f042x6.s...
compiling main.c...
compiling usb_device.c...
compiling usbd_cdc_if.c...
compiling usbd_desc.c...
compiling usbd_conf.c...
compiling stm32f0xx_it.c...
compiling stm32f0xx_hal_msp.c...
compiling slcan_additional.c...
compiling bootloader.c...
../Src/slcan/slcan.c(372): warning: incompatible pointer types passing 'unsigned long *' to parameter of type 'uint32_t *' (aka 'unsigned int *') [-Wincompatible-pointer-types]
                if (parseHex(&line[1], 1, &stamping)) {
                                          ^~~~~~~~~
../Src/slcan/slcan.c(138): note: passing argument to parameter 'value' here
static uint8_t parseHex(uint8_t* line, uint8_t len, uint32_t* value) {
                                                              ^
1 warning generated.
compiling slcan.c...
compiling stm32f0xx_hal_pcd_ex.c...
compiling stm32f0xx_hal_rcc.c...
compiling stm32f0xx_hal_rcc_ex.c...
compiling stm32f0xx_hal.c...
compiling stm32f0xx_hal_i2c_ex.c...
compiling stm32f0xx_hal_gpio.c...
compiling stm32f0xx_hal_dma.c...
compiling stm32f0xx_hal_i2c.c...
compiling stm32f0xx_hal_cortex.c...
compiling stm32f0xx_hal_pwr.c...
compiling stm32f0xx_hal_pwr_ex.c...
compiling stm32f0xx_hal_flash.c...
compiling stm32f0xx_hal_flash_ex.c...
compiling stm32f0xx_hal_can.c...
compiling stm32f0xx_hal_iwdg.c...
compiling stm32f0xx_hal_tim.c...
compiling stm32f0xx_hal_tim_ex.c...
compiling stm32f0xx_hal_uart_ex.c...
compiling stm32f0xx_hal_pcd.c...
compiling stm32f0xx_hal_uart.c...
compiling system_stm32f0xx.c...
compiling usbd_core.c...
compiling usbd_ctlreq.c...
compiling usbd_ioreq.c...
compiling usbd_cdc.c...
linking...
Program Size: Code=22402 RO-data=282 RW-data=348 ZI-data=4588  
FromELF: creating hex file...
"UCCBEmbedded\UCCBEmbedded.axf" - 0 Error(s), 1 Warning(s).

<h2>Software Packages used:</h2>

Package Vendor: ARM
                http://www.keil.com/pack/ARM.CMSIS.5.9.0.pack
                ARM.CMSIS.5.9.0
                CMSIS (Common Microcontroller Software Interface Standard)
   * Component: CORE Version: 5.6.0

Package Vendor: Keil
                https://www.keil.com/pack/Keil.STM32F0xx_DFP.2.1.1.pack
                Keil.STM32F0xx_DFP.2.1.1
                STMicroelectronics STM32F0 Series Device Support, Drivers and Examples

<h2>Collection of Component include folders:</h2>
  ./RTE/_UCCBEmbedded
  D:/Users/Administrator/AppData/Local/Arm/Packs/ARM/CMSIS/5.9.0/CMSIS/Core/Include
  D:/Users/Administrator/AppData/Local/Arm/Packs/Keil/STM32F0xx_DFP/2.1.1/Drivers/CMSIS/Device/ST/STM32F0xx/Include

<h2>Collection of Component Files used:</h2>

   * Component: ARM::CMSIS:CORE:5.6.0
Build Time Elapsed:  00:00:18
</pre>
</body>
</html>
