Component: Arm Compiler for Embedded 6.19 Tool: armlink [5e73cb00]

==============================================================================

Section Cross References

    startup_stm32f042x6.o(STACK) refers (Special) to heapauxi.o(.text) for __use_two_region_memory
    startup_stm32f042x6.o(HEAP) refers (Special) to heapauxi.o(.text) for __use_two_region_memory
    startup_stm32f042x6.o(RESET) refers (Special) to heapauxi.o(.text) for __use_two_region_memory
    startup_stm32f042x6.o(RESET) refers to startup_stm32f042x6.o(STACK) for __initial_sp
    startup_stm32f042x6.o(RESET) refers to startup_stm32f042x6.o(.text) for Reset_Handler
    startup_stm32f042x6.o(RESET) refers to stm32f0xx_it.o(.text.NMI_Handler) for NMI_Handler
    startup_stm32f042x6.o(RESET) refers to stm32f0xx_it.o(.text.HardFault_Handler) for HardFault_Handler
    startup_stm32f042x6.o(RESET) refers to stm32f0xx_it.o(.text.SVC_Handler) for SVC_Handler
    startup_stm32f042x6.o(RESET) refers to stm32f0xx_it.o(.text.PendSV_Handler) for PendSV_Handler
    startup_stm32f042x6.o(RESET) refers to stm32f0xx_it.o(.text.SysTick_Handler) for SysTick_Handler
    startup_stm32f042x6.o(RESET) refers to stm32f0xx_it.o(.text.USB_IRQHandler) for USB_IRQHandler
    startup_stm32f042x6.o(.text) refers (Special) to heapauxi.o(.text) for __use_two_region_memory
    startup_stm32f042x6.o(.text) refers to startup_stm32f042x6.o(STACK) for __initial_sp
    startup_stm32f042x6.o(.text) refers to system_stm32f0xx.o(.text.SystemInit) for SystemInit
    startup_stm32f042x6.o(.text) refers to __main.o(!!!main) for __main
    startup_stm32f042x6.o(.text) refers to startup_stm32f042x6.o(HEAP) for Heap_Mem
    main.o(.text.main) refers to stm32f0xx_hal.o(.text.HAL_Init) for HAL_Init
    main.o(.text.main) refers to rt_memclr.o(.text) for __aeabi_memclr4
    main.o(.text.main) refers to stm32f0xx_hal_rcc.o(.text.HAL_RCC_OscConfig) for HAL_RCC_OscConfig
    main.o(.text.main) refers to stm32f0xx_hal_rcc.o(.text.HAL_RCC_ClockConfig) for HAL_RCC_ClockConfig
    main.o(.text.main) refers to stm32f0xx_hal_rcc_ex.o(.text.HAL_RCCEx_PeriphCLKConfig) for HAL_RCCEx_PeriphCLKConfig
    main.o(.text.main) refers to stm32f0xx_hal_gpio.o(.text.HAL_GPIO_WritePin) for HAL_GPIO_WritePin
    main.o(.text.main) refers to stm32f0xx_hal_gpio.o(.text.HAL_GPIO_Init) for HAL_GPIO_Init
    main.o(.text.main) refers to stm32f0xx_hal_can.o(.text.HAL_CAN_Init) for HAL_CAN_Init
    main.o(.text.main) refers to stm32f0xx_hal_uart.o(.text.HAL_UART_Init) for HAL_UART_Init
    main.o(.text.main) refers to usb_device.o(.text.MX_USB_DEVICE_Init) for MX_USB_DEVICE_Init
    main.o(.text.main) refers to stm32f0xx_hal_iwdg.o(.text.HAL_IWDG_Init) for HAL_IWDG_Init
    main.o(.text.main) refers to main.o(.bss.hcan) for hcan
    main.o(.text.main) refers to main.o(.bss.huart2) for huart2
    main.o(.text.main) refers to main.o(.bss.hiwdg) for hiwdg
    main.o(.ARM.exidx.text.main) refers to main.o(.text.main) for [Anonymous Symbol]
    main.o(.text.SystemClock_Config) refers to rt_memclr.o(.text) for __aeabi_memclr4
    main.o(.text.SystemClock_Config) refers to stm32f0xx_hal_rcc.o(.text.HAL_RCC_OscConfig) for HAL_RCC_OscConfig
    main.o(.text.SystemClock_Config) refers to stm32f0xx_hal_rcc.o(.text.HAL_RCC_ClockConfig) for HAL_RCC_ClockConfig
    main.o(.text.SystemClock_Config) refers to stm32f0xx_hal_rcc_ex.o(.text.HAL_RCCEx_PeriphCLKConfig) for HAL_RCCEx_PeriphCLKConfig
    main.o(.ARM.exidx.text.SystemClock_Config) refers to main.o(.text.SystemClock_Config) for [Anonymous Symbol]
    main.o(.ARM.exidx.text.Error_Handler) refers to main.o(.text.Error_Handler) for [Anonymous Symbol]
    usb_device.o(.text.MX_USB_DEVICE_Init) refers to usbd_core.o(.text.USBD_Init) for USBD_Init
    usb_device.o(.text.MX_USB_DEVICE_Init) refers to main.o(.text.Error_Handler) for Error_Handler
    usb_device.o(.text.MX_USB_DEVICE_Init) refers to usbd_core.o(.text.USBD_RegisterClass) for USBD_RegisterClass
    usb_device.o(.text.MX_USB_DEVICE_Init) refers to usbd_cdc.o(.text.USBD_CDC_RegisterInterface) for USBD_CDC_RegisterInterface
    usb_device.o(.text.MX_USB_DEVICE_Init) refers to usbd_core.o(.text.USBD_Start) for USBD_Start
    usb_device.o(.text.MX_USB_DEVICE_Init) refers to usb_device.o(.bss.hUsbDeviceFS) for hUsbDeviceFS
    usb_device.o(.text.MX_USB_DEVICE_Init) refers to usbd_desc.o(.data.FS_Desc) for FS_Desc
    usb_device.o(.text.MX_USB_DEVICE_Init) refers to usbd_cdc.o(.data.USBD_CDC) for USBD_CDC
    usb_device.o(.text.MX_USB_DEVICE_Init) refers to usbd_cdc_if.o(.data.USBD_Interface_fops_FS) for USBD_Interface_fops_FS
    usb_device.o(.ARM.exidx.text.MX_USB_DEVICE_Init) refers to usb_device.o(.text.MX_USB_DEVICE_Init) for [Anonymous Symbol]
    usbd_conf.o(.text.HAL_PCD_MspInit) refers to stm32f0xx_hal_cortex.o(.text.HAL_NVIC_SetPriority) for HAL_NVIC_SetPriority
    usbd_conf.o(.text.HAL_PCD_MspInit) refers to stm32f0xx_hal_cortex.o(.text.HAL_NVIC_EnableIRQ) for HAL_NVIC_EnableIRQ
[...]
    [Anonymous Symbol]                       0x080004fc   Section        0  main.o(.text.Error_Handler)
    [Anonymous Symbol]                       0x08000504   Section        0  stm32f0xx_hal_can.o(.text.HAL_CAN_Init)
    [Anonymous Symbol]                       0x08000610   Section        0  stm32f0xx_hal_msp.o(.text.HAL_CAN_MspInit)
    __arm_cp.1_0                             0x08000664   Number         4  stm32f0xx_hal_msp.o(.text.HAL_CAN_MspInit)
    __arm_cp.1_1                             0x08000668   Number         4  stm32f0xx_hal_msp.o(.text.HAL_CAN_MspInit)
    [Anonymous Symbol]                       0x0800066c   Section        0  stm32f0xx_hal_gpio.o(.text.HAL_GPIO_Init)
    __arm_cp.0_0                             0x080007ec   Number         4  stm32f0xx_hal_gpio.o(.text.HAL_GPIO_Init)
    __arm_cp.0_1                             0x080007f0   Number         4  stm32f0xx_hal_gpio.o(.text.HAL_GPIO_Init)
    __arm_cp.0_3                             0x080007f4   Number         4  stm32f0xx_hal_gpio.o(.text.HAL_GPIO_Init)
    __arm_cp.0_4                             0x080007f8   Number         4  stm32f0xx_hal_gpio.o(.text.HAL_GPIO_Init)
    [Anonymous Symbol]                       0x080007fc   Section        0  stm32f0xx_hal_gpio.o(.text.HAL_GPIO_WritePin)
    [Anonymous Symbol]                       0x0800080c   Section        0  stm32f0xx_hal.o(.text.HAL_GetTick)
    [Anonymous Symbol]                       0x08000814   Section        0  stm32f0xx_hal_iwdg.o(.text.HAL_IWDG_Init)
    __arm_cp.0_0                             0x0800086c   Number         4  stm32f0xx_hal_iwdg.o(.text.HAL_IWDG_Init)
    __arm_cp.0_1                             0x08000870   Number         4  stm32f0xx_hal_iwdg.o(.text.HAL_IWDG_Init)
    __arm_cp.0_2                             0x08000874   Number         4  stm32f0xx_hal_iwdg.o(.text.HAL_IWDG_Init)
    [Anonymous Symbol]                       0x08000878   Section        0  stm32f0xx_hal.o(.text.HAL_IncTick)
    __arm_cp.5_1                             0x08000888   Number         4  stm32f0xx_hal.o(.text.HAL_IncTick)
    [Anonymous Symbol]                       0x0800088c   Section        0  stm32f0xx_hal.o(.text.HAL_Init)
    __arm_cp.0_0                             0x080008a8   Number         4  stm32f0xx_hal.o(.text.HAL_Init)
    [Anonymous Symbol]                       0x080008ac   Section        0  stm32f0xx_hal.o(.text.HAL_InitTick)
    __arm_cp.1_0                             0x080008e8   Number         4  stm32f0xx_hal.o(.text.HAL_InitTick)
    __arm_cp.1_1                             0x080008ec   Number         4  stm32f0xx_hal.o(.text.HAL_InitTick)
    __arm_cp.1_2                             0x080008f0   Number         4  stm32f0xx_hal.o(.text.HAL_InitTick)
    [Anonymous Symbol]                       0x080008f4   Section        0  stm32f0xx_hal_msp.o(.text.HAL_MspInit)
    __arm_cp.0_0                             0x0800091c   Number         4  stm32f0xx_hal_msp.o(.text.HAL_MspInit)
    [Anonymous Symbol]                       0x08000920   Section        0  stm32f0xx_hal_cortex.o(.text.HAL_NVIC_EnableIRQ)
    __arm_cp.1_0                             0x08000934   Number         4  stm32f0xx_hal_cortex.o(.text.HAL_NVIC_EnableIRQ)
    [Anonymous Symbol]                       0x08000938   Section        0  stm32f0xx_hal_cortex.o(.text.HAL_NVIC_SetPriority)
    __arm_cp.0_0                             0x08000968   Number         4  stm32f0xx_hal_cortex.o(.text.HAL_NVIC_SetPriority)
    __arm_cp.0_1                             0x0800096c   Number         4  stm32f0xx_hal_cortex.o(.text.HAL_NVIC_SetPriority)
    [Anonymous Symbol]                       0x08000970   Section        0  stm32f0xx_hal_pcd_ex.o(.text.HAL_PCDEx_ActivateLPM)
    [Anonymous Symbol]                       0x08000996   Section        0  stm32f0xx_hal_pcd_ex.o(.text.HAL_PCDEx_LPM_Callback)
    [Anonymous Symbol]                       0x08000998   Section        0  stm32f0xx_hal_pcd_ex.o(.text.HAL_PCDEx_PMAConfig)
    [Anonymous Symbol]                       0x080009cc   Section        0  usbd_conf.o(.text.HAL_PCD_DataInStageCallback)
    [Anonymous Symbol]                       0x080009e4   Section        0  usbd_conf.o(.text.HAL_PCD_DataOutStageCallback)
    [Anonymous Symbol]                       0x08000a00   Section        0  stm32f0xx_hal_pcd.o(.text.HAL_PCD_EP_Close)
    [Anonymous Symbol]                       0x08000a4a   Section        0  stm32f0xx_hal_pcd.o(.text.HAL_PCD_EP_ClrStall)
    [Anonymous Symbol]                       0x08000aa6   Section        0  stm32f0xx_hal_pcd.o(.text.HAL_PCD_EP_GetRxCount)
    [Anonymous Symbol]                       0x08000ab8   Section        0  stm32f0xx_hal_pcd.o(.text.HAL_PCD_EP_Open)
    [Anonymous Symbol]                       0x08000b16   Section        0  stm32f0xx_hal_pcd.o(.text.HAL_PCD_EP_Receive)
    [Anonymous Symbol]                       0x08000b3e   Section        0  stm32f0xx_hal_pcd.o(.text.HAL_PCD_EP_SetStall)
    [Anonymous Symbol]                       0x08000b94   Section        0  stm32f0xx_hal_pcd.o(.text.HAL_PCD_EP_Transmit)
    [Anonymous Symbol]                       0x08000bc8   Section        0  stm32f0xx_hal_pcd.o(.text.HAL_PCD_IRQHandler)
    __arm_cp.6_30                            0x08000fc4   Number         4  stm32f0xx_hal_pcd.o(.text.HAL_PCD_IRQHandler)
    __arm_cp.6_17                            0x0800101c   Number         4  stm32f0xx_hal_pcd.o(.text.HAL_PCD_IRQHandler)
    __arm_cp.6_18                            0x08001020   Number         4  stm32f0xx_hal_pcd.o(.text.HAL_PCD_IRQHandler)
    __arm_cp.6_19                            0x08001024   Number         4  stm32f0xx_hal_pcd.o(.text.HAL_PCD_IRQHandler)
    __arm_cp.6_20                            0x08001028   Number         4  stm32f0xx_hal_pcd.o(.text.HAL_PCD_IRQHandler)
    __arm_cp.6_21                            0x0800102c   Number         4  stm32f0xx_hal_pcd.o(.text.HAL_PCD_IRQHandler)
    __arm_cp.6_22                            0x08001030   Number         4  stm32f0xx_hal_pcd.o(.text.HAL_PCD_IRQHandler)
    __arm_cp.6_26                            0x08001040   Number         4  stm32f0xx_hal_pcd.o(.text.HAL_PCD_IRQHandler)
    __arm_cp.6_0                             0x08001484   Number         4  stm32f0xx_hal_pcd.o(.text.HAL_PCD_IRQHandler)
    __arm_cp.6_1                             0x08001488   Number         4  stm32f0xx_hal_pcd.o(.text.HAL_PCD_IRQHandler)
    __arm_cp.6_2                             0x0800148c   Number         4  stm32f0xx_hal_pcd.o(.text.HAL_PCD_IRQHandler)
    __arm_cp.6_3                             0x08001490   Number         4  stm32f0xx_hal_pcd.o(.text.HAL_PCD_IRQHandler)
    __arm_cp.6_4                             0x08001494   Number         4  stm32f0xx_hal_pcd.o(.text.HAL_PCD_IRQHandler)
    __arm_cp.6_6                             0x08001498   Number         4  stm32f0xx_hal_pcd.o(.text.HAL_PCD_IRQHandler)
    __arm_cp.6_7                             0x0800149c   Number         4  stm32f0xx_hal_pcd.o(.text.HAL_PCD_IRQHandler)
    [Anonymous Symbol]                       0x080014a0   Section        0  stm32f0xx_hal_pcd.o(.text.HAL_PCD_Init)
    [Anonymous Symbol]                       0x0800156c   Section        0  usbd_conf.o(.text.HAL_PCD_MspInit)
    __arm_cp.0_0                             0x080015a8   Number         4  usbd_conf.o(.text.HAL_PCD_MspInit)
    __arm_cp.0_1                             0x080015ac   Number         4  usbd_conf.o(.text.HAL_PCD_MspInit)
    [Anonymous Symbol]                       0x080015b0   Section        0  usbd_conf.o(.text.HAL_PCD_ResetCallback)
    [Anonymous Symbol]                       0x080015d4   Section        0  usbd_conf.o(.text.HAL_PCD_ResumeCallback)
    [Anonymous Symbol]                       0x080015f8   Section        0  usbd_conf.o(.text.HAL_PCD_SOFCallback)
    [Anonymous Symbol]                       0x08001606   Section        0  stm32f0xx_hal_pcd.o(.text.HAL_PCD_SetAddress)
    [Anonymous Symbol]                       0x0800162e   Section        0  usbd_conf.o(.text.HAL_PCD_SetupStageCallback)
    [Anonymous Symbol]                       0x08001644   Section        0  stm32f0xx_hal_pcd.o(.text.HAL_PCD_Start)
    [Anonymous Symbol]                       0x08001670   Section        0  usbd_conf.o(.text.HAL_PCD_SuspendCallback)
    __arm_cp.7_0                             0x08001690   Number         4  usbd_conf.o(.text.HAL_PCD_SuspendCallback)
    [Anonymous Symbol]                       0x08001694   Section        0  stm32f0xx_hal_rcc_ex.o(.text.HAL_RCCEx_PeriphCLKConfig)
    __arm_cp.0_0                             0x080017b0   Number         4  stm32f0xx_hal_rcc_ex.o(.text.HAL_RCCEx_PeriphCLKConfig)
    __arm_cp.0_1                             0x080017b4   Number         4  stm32f0xx_hal_rcc_ex.o(.text.HAL_RCCEx_PeriphCLKConfig)
    __arm_cp.0_2                             0x080017b8   Number         4  stm32f0xx_hal_rcc_ex.o(.text.HAL_RCCEx_PeriphCLKConfig)
    [Anonymous Symbol]                       0x080017bc   Section        0  stm32f0xx_hal_rcc.o(.text.HAL_RCC_ClockConfig)
    __arm_cp.2_0                             0x08001914   Number         4  stm32f0xx_hal_rcc.o(.text.HAL_RCC_ClockConfig)
    __arm_cp.2_2                             0x08001918   Number         4  stm32f0xx_hal_rcc.o(.text.HAL_RCC_ClockConfig)
    __arm_cp.2_7                             0x0800191c   Number         4  stm32f0xx_hal_rcc.o(.text.HAL_RCC_ClockConfig)
    [Anonymous Symbol]                       0x08001920   Section        0  stm32f0xx_hal_rcc.o(.text.HAL_RCC_GetPCLK1Freq)
    __arm_cp.8_0                             0x08001934   Number         4  stm32f0xx_hal_rcc.o(.text.HAL_RCC_GetPCLK1Freq)
    __arm_cp.8_2                             0x08001938   Number         4  stm32f0xx_hal_rcc.o(.text.HAL_RCC_GetPCLK1Freq)
    [Anonymous Symbol]                       0x0800193c   Section        0  stm32f0xx_hal_rcc.o(.text.HAL_RCC_GetSysClockFreq)
    __arm_cp.3_0                             0x08001988   Number         4  stm32f0xx_hal_rcc.o(.text.HAL_RCC_GetSysClockFreq)
    __arm_cp.3_1                             0x0800198c   Number         4  stm32f0xx_hal_rcc.o(.text.HAL_RCC_GetSysClockFreq)
    __arm_cp.3_2                             0x08001990   Number         4  stm32f0xx_hal_rcc.o(.text.HAL_RCC_GetSysClockFreq)
    __arm_cp.3_3                             0x08001994   Number         4  stm32f0xx_hal_rcc.o(.text.HAL_RCC_GetSysClockFreq)
    __arm_cp.3_4                             0x08001998   Number         4  stm32f0xx_hal_rcc.o(.text.HAL_RCC_GetSysClockFreq)
    [Anonymous Symbol]                       0x0800199c   Section        0  stm32f0xx_hal_rcc.o(.text.HAL_RCC_OscConfig)
    __arm_cp.1_4                             0x08001d80   Number         4  stm32f0xx_hal_rcc.o(.text.HAL_RCC_OscConfig)
    __arm_cp.1_1                             0x08001e20   Number         4  stm32f0xx_hal_rcc.o(.text.HAL_RCC_OscConfig)
    __arm_cp.1_2                             0x08001e24   Number         4  stm32f0xx_hal_rcc.o(.text.HAL_RCC_OscConfig)
    [Anonymous Symbol]                       0x08001e28   Section        0  stm32f0xx_hal_cortex.o(.text.HAL_SYSTICK_Config)
    __arm_cp.4_0                             0x08001e50   Number         4  stm32f0xx_hal_cortex.o(.text.HAL_SYSTICK_Config)
    __arm_cp.4_1                             0x08001e54   Number         4  stm32f0xx_hal_cortex.o(.text.HAL_SYSTICK_Config)
    __arm_cp.4_2                             0x08001e58   Number         4  stm32f0xx_hal_cortex.o(.text.HAL_SYSTICK_Config)
    [Anonymous Symbol]                       0x08001e5c   Section        0  stm32f0xx_hal_uart.o(.text.HAL_UART_Init)
    __arm_cp.0_0                             0x08001f18   Number         4  stm32f0xx_hal_uart.o(.text.HAL_UART_Init)
    [Anonymous Symbol]                       0x08001f1c   Section        0  stm32f0xx_hal_msp.o(.text.HAL_UART_MspInit)
    __arm_cp.3_1                             0x08001f70   Number         4  stm32f0xx_hal_msp.o(.text.HAL_UART_MspInit)
    [Anonymous Symbol]                       0x08001f74   Section        0  stm32f0xx_it.o(.text.HardFault_Handler)
    [Anonymous Symbol]                       0x08001f78   Section        0  usb_device.o(.text.MX_USB_DEVICE_Init)
    __arm_cp.0_0                             0x08001fbc   Number         4  usb_device.o(.text.MX_USB_DEVICE_Init)
    __arm_cp.0_1                             0x08001fc0   Number         4  usb_device.o(.text.MX_USB_DEVICE_Init)
    __arm_cp.0_2                             0x08001fc4   Number         4  usb_device.o(.text.MX_USB_DEVICE_Init)
    __arm_cp.0_3                             0x08001fc8   Number         4  usb_device.o(.text.MX_USB_DEVICE_Init)
    [Anonymous Symbol]                       0x08001fcc   Section        0  stm32f0xx_it.o(.text.NMI_Handler)
    [Anonymous Symbol]                       0x08001fce   Section        0  stm32f0xx_it.o(.text.PendSV_Handler)
    [Anonymous Symbol]                       0x08001fd0   Section        0  stm32f0xx_it.o(.text.SVC_Handler)
    [Anonymous Symbol]                       0x08001fd2   Section        0  stm32f0xx_it.o(.text.SysTick_Handler)
    [Anonymous Symbol]                       0x08001fda   Section        0  main.o(.text.SystemClock_Config)
    [Anonymous Symbol]                       0x0800204e   Section        0  system_stm32f0xx.o(.text.SystemInit)
    [Anonymous Symbol]                       0x08002050   Section        0  stm32f0xx_hal_uart.o(.text.UART_AdvFeatureConfig)
    [Anonymous Symbol]                       0x08002124   Section        0  stm32f0xx_hal_uart.o(.text.UART_SetConfig)
    __arm_cp.2_0                             0x08002224   Number         4  stm32f0xx_hal_uart.o(.text.UART_SetConfig)
    __arm_cp.2_1                             0x08002228   Number         4  stm32f0xx_hal_uart.o(.text.UART_SetConfig)
    __arm_cp.2_2                             0x0800222c   Number         4  stm32f0xx_hal_uart.o(.text.UART_SetConfig)
    __arm_cp.2_3                             0x08002230   Number         4  stm32f0xx_hal_uart.o(.text.UART_SetConfig)
    __arm_cp.2_5                             0x08002244   Number         4  stm32f0xx_hal_uart.o(.text.UART_SetConfig)
    __arm_cp.2_6                             0x08002248   Number         4  stm32f0xx_hal_uart.o(.text.UART_SetConfig)
    [Anonymous Symbol]                       0x0800224c   Section        0  stm32f0xx_hal_uart.o(.text.UART_WaitOnFlagUntilTimeout)
    USBD_CDC_DataIn                          0x0800233f   Thumb Code    90  usbd_cdc.o(.text.USBD_CDC_DataIn)
    [Anonymous Symbol]                       0x0800233e   Section        0  usbd_cdc.o(.text.USBD_CDC_DataIn)
    USBD_CDC_DataOut                         0x08002399   Thumb Code    52  usbd_cdc.o(.text.USBD_CDC_DataOut)
    [Anonymous Symbol]                       0x08002398   Section        0  usbd_cdc.o(.text.USBD_CDC_DataOut)
    USBD_CDC_DeInit                          0x080023cd   Thumb Code    68  usbd_cdc.o(.text.USBD_CDC_DeInit)
    [Anonymous Symbol]                       0x080023cc   Section        0  usbd_cdc.o(.text.USBD_CDC_DeInit)
    USBD_CDC_EP0_RxReady                     0x08002411   Thumb Code    42  usbd_cdc.o(.text.USBD_CDC_EP0_RxReady)
    [Anonymous Symbol]                       0x08002410   Section        0  usbd_cdc.o(.text.USBD_CDC_EP0_RxReady)
    [Anonymous Symbol]                       0x0800243c   Section        0  usbd_cdc.o(.text.USBD_CDC_GetDeviceQualifierDescriptor)
    __arm_cp.9_0                             0x08002444   Number         4  usbd_cdc.o(.text.USBD_CDC_GetDeviceQualifierDescriptor)
    USBD_CDC_GetFSCfgDesc                    0x08002449   Thumb Code     8  usbd_cdc.o(.text.USBD_CDC_GetFSCfgDesc)
    [Anonymous Symbol]                       0x08002448   Section        0  usbd_cdc.o(.text.USBD_CDC_GetFSCfgDesc)
    __arm_cp.7_0                             0x08002450   Number         4  usbd_cdc.o(.text.USBD_CDC_GetFSCfgDesc)
    USBD_CDC_GetHSCfgDesc                    0x08002455   Thumb Code     8  usbd_cdc.o(.text.USBD_CDC_GetHSCfgDesc)
    [Anonymous Symbol]                       0x08002454   Section        0  usbd_cdc.o(.text.USBD_CDC_GetHSCfgDesc)
    __arm_cp.6_0                             0x0800245c   Number         4  usbd_cdc.o(.text.USBD_CDC_GetHSCfgDesc)
    USBD_CDC_GetOtherSpeedCfgDesc            0x08002461   Thumb Code     8  usbd_cdc.o(.text.USBD_CDC_GetOtherSpeedCfgDesc)
    [Anonymous Symbol]                       0x08002460   Section        0  usbd_cdc.o(.text.USBD_CDC_GetOtherSpeedCfgDesc)
    __arm_cp.8_0                             0x08002468   Number         4  usbd_cdc.o(.text.USBD_CDC_GetOtherSpeedCfgDesc)
    USBD_CDC_Init                            0x0800246d   Thumb Code   134  usbd_cdc.o(.text.USBD_CDC_Init)
    [Anonymous Symbol]                       0x0800246c   Section        0  usbd_cdc.o(.text.USBD_CDC_Init)
    [Anonymous Symbol]                       0x080024f2   Section        0  usbd_cdc.o(.text.USBD_CDC_ReceivePacket)
    [Anonymous Symbol]                       0x0800251e   Section        0  usbd_cdc.o(.text.USBD_CDC_RegisterInterface)
    [Anonymous Symbol]                       0x08002530   Section        0  usbd_cdc.o(.text.USBD_CDC_SetRxBuffer)
    [Anonymous Symbol]                       0x08002540   Section        0  usbd_cdc.o(.text.USBD_CDC_SetTxBuffer)
    USBD_CDC_Setup                           0x08002555   Thumb Code   228  usbd_cdc.o(.text.USBD_CDC_Setup)
    [Anonymous Symbol]                       0x08002554   Section        0  usbd_cdc.o(.text.USBD_CDC_Setup)
    [Anonymous Symbol]                       0x08002638   Section        0  usbd_core.o(.text.USBD_ClrClassConfig)
    [Anonymous Symbol]                       0x08002648   Section        0  usbd_ioreq.o(.text.USBD_CtlContinueRx)
    [Anonymous Symbol]                       0x0800265a   Section        0  usbd_ioreq.o(.text.USBD_CtlContinueSendData)
    [Anonymous Symbol]                       0x0800266c   Section        0  usbd_ctlreq.o(.text.USBD_CtlError)
    [Anonymous Symbol]                       0x08002680   Section        0  usbd_ioreq.o(.text.USBD_CtlPrepareRx)
    [Anonymous Symbol]                       0x080026a4   Section        0  usbd_ioreq.o(.text.USBD_CtlReceiveStatus)
    [Anonymous Symbol]                       0x080026be   Section        0  usbd_ioreq.o(.text.USBD_CtlSendData)
    [Anonymous Symbol]                       0x080026dc   Section        0  usbd_ioreq.o(.text.USBD_CtlSendStatus)
    [Anonymous Symbol]                       0x080026f8   Section        0  usbd_desc.o(.text.USBD_FS_ConfigStrDescriptor)
    [Anonymous Symbol]                       0x08002718   Section        0  usbd_desc.o(.text.USBD_FS_DeviceDescriptor)
    __arm_cp.0_0                             0x08002720   Number         4  usbd_desc.o(.text.USBD_FS_DeviceDescriptor)
    [Anonymous Symbol]                       0x08002724   Section        0  usbd_desc.o(.text.USBD_FS_InterfaceStrDescriptor)
    [Anonymous Symbol]                       0x08002748   Section        0  usbd_desc.o(.text.USBD_FS_LangIDStrDescriptor)
    __arm_cp.1_0                             0x08002750   Number         4  usbd_desc.o(.text.USBD_FS_LangIDStrDescriptor)
    [Anonymous Symbol]                       0x08002754   Section        0  usbd_desc.o(.text.USBD_FS_ManufacturerStrDescriptor)
    [Anonymous Symbol]                       0x08002774   Section        0  usbd_desc.o(.text.USBD_FS_ProductStrDescriptor)
    __arm_cp.3_1                             0x080027a0   Number         4  usbd_desc.o(.text.USBD_FS_ProductStrDescriptor)
    [Anonymous Symbol]                       0x080027a4   Section        0  usbd_desc.o(.text.USBD_FS_SerialStrDescriptor)
    __arm_cp.4_0                             0x080028ac   Number         4  usbd_desc.o(.text.USBD_FS_SerialStrDescriptor)
    __arm_cp.4_1                             0x080028b0   Number         4  usbd_desc.o(.text.USBD_FS_SerialStrDescriptor)
    [Anonymous Symbol]                       0x080028b4   Section        0  usbd_ctlreq.o(.text.USBD_GetString)
    [Anonymous Symbol]                       0x08002962   Section        0  usbd_core.o(.text.USBD_Init)
    [Anonymous Symbol]                       0x08002990   Section        0  usbd_conf.o(.text.USBD_LL_ClearStallEP)
    [Anonymous Symbol]                       0x080029b0   Section        0  usbd_conf.o(.text.USBD_LL_CloseEP)
    [Anonymous Symbol]                       0x080029d0   Section        0  usbd_core.o(.text.USBD_LL_DataInStage)
    [Anonymous Symbol]                       0x08002aa0   Section        0  usbd_core.o(.text.USBD_LL_DataOutStage)
    [Anonymous Symbol]                       0x08002b26   Section        0  usbd_conf.o(.text.USBD_LL_GetRxDataSize)
    [Anonymous Symbol]                       0x08002b34   Section        0  usbd_conf.o(.text.USBD_LL_Init)
    __arm_cp.13_0                            0x08002bb0   Number         4  usbd_conf.o(.text.USBD_LL_Init)
    __arm_cp.13_1                            0x08002bb4   Number         4  usbd_conf.o(.text.USBD_LL_Init)
    [Anonymous Symbol]                       0x08002bb8   Section        0  usbd_conf.o(.text.USBD_LL_IsStallEP)
    [Anonymous Symbol]                       0x08002be0   Section        0  usbd_conf.o(.text.USBD_LL_OpenEP)
    [Anonymous Symbol]                       0x08002c08   Section        0  usbd_conf.o(.text.USBD_LL_PrepareReceive)
    [Anonymous Symbol]                       0x08002c28   Section        0  usbd_core.o(.text.USBD_LL_Reset)
    [Anonymous Symbol]                       0x08002c7c   Section        0  usbd_core.o(.text.USBD_LL_Resume)
    [Anonymous Symbol]                       0x08002c90   Section        0  usbd_core.o(.text.USBD_LL_SOF)
    [Anonymous Symbol]                       0x08002cac   Section        0  usbd_core.o(.text.USBD_LL_SetSpeed)
    [Anonymous Symbol]                       0x08002cb4   Section        0  usbd_conf.o(.text.USBD_LL_SetUSBAddress)
    [Anonymous Symbol]                       0x08002cd4   Section        0  usbd_core.o(.text.USBD_LL_SetupStage)
    [Anonymous Symbol]                       0x08002d34   Section        0  usbd_conf.o(.text.USBD_LL_StallEP)
    [Anonymous Symbol]                       0x08002d54   Section        0  usbd_conf.o(.text.USBD_LL_Start)
    __arm_cp.15_0                            0x08002d74   Number         4  usbd_conf.o(.text.USBD_LL_Start)
    [Anonymous Symbol]                       0x08002d78   Section        0  usbd_core.o(.text.USBD_LL_Suspend)
    [Anonymous Symbol]                       0x08002d8c   Section        0  usbd_conf.o(.text.USBD_LL_Transmit)
    __arm_cp.24_0                            0x08002dac   Number         4  usbd_conf.o(.text.USBD_LL_Transmit)
    [Anonymous Symbol]                       0x08002db0   Section        0  usbd_ctlreq.o(.text.USBD_ParseSetupRequest)
    [Anonymous Symbol]                       0x08002dd8   Section        0  usbd_core.o(.text.USBD_RegisterClass)
    [Anonymous Symbol]                       0x08002dea   Section        0  usbd_core.o(.text.USBD_SetClassConfig)
    [Anonymous Symbol]                       0x08002e06   Section        0  usbd_core.o(.text.USBD_Start)
    [Anonymous Symbol]                       0x08002e10   Section        0  usbd_ctlreq.o(.text.USBD_StdDevReq)
    __arm_cp.0_0                             0x08003194   Number         4  usbd_ctlreq.o(.text.USBD_StdDevReq)
    [Anonymous Symbol]                       0x08003198   Section        0  usbd_ctlreq.o(.text.USBD_StdEPReq)
    [Anonymous Symbol]                       0x080032ca   Section        0  usbd_ctlreq.o(.text.USBD_StdItfReq)
    [Anonymous Symbol]                       0x0800333c   Section        0  usbd_conf.o(.text.USBD_static_free)
    [Anonymous Symbol]                       0x08003340   Section        0  usbd_conf.o(.text.USBD_static_malloc)
    __arm_cp.28_0                            0x08003344   Number         4  usbd_conf.o(.text.USBD_static_malloc)
    [Anonymous Symbol]                       0x08003348   Section        0  stm32f0xx_ll_usb.o(.text.USB_ActivateEndpoint)
    __arm_cp.5_0                             0x08003534   Number         4  stm32f0xx_ll_usb.o(.text.USB_ActivateEndpoint)
    __arm_cp.5_1                             0x08003538   Number         4  stm32f0xx_ll_usb.o(.text.USB_ActivateEndpoint)
    __arm_cp.5_3                             0x0800353c   Number         4  stm32f0xx_ll_usb.o(.text.USB_ActivateEndpoint)
    __arm_cp.5_4                             0x08003540   Number         4  stm32f0xx_ll_usb.o(.text.USB_ActivateEndpoint)
    __arm_cp.5_5                             0x08003544   Number         4  stm32f0xx_ll_usb.o(.text.USB_ActivateEndpoint)
    __arm_cp.5_8                             0x08003548   Number         4  stm32f0xx_ll_usb.o(.text.USB_ActivateEndpoint)
    __arm_cp.5_9                             0x0800354c   Number         4  stm32f0xx_ll_usb.o(.text.USB_ActivateEndpoint)
    [Anonymous Symbol]                       0x08003550   Section        0  stm32f0xx_ll_usb.o(.text.USB_DeactivateEndpoint)
    __arm_cp.6_0                             0x080035f8   Number         4  stm32f0xx_ll_usb.o(.text.USB_DeactivateEndpoint)
    __arm_cp.6_4                             0x080035fc   Number         4  stm32f0xx_ll_usb.o(.text.USB_DeactivateEndpoint)
    [Anonymous Symbol]                       0x08003600   Section        0  stm32f0xx_ll_usb.o(.text.USB_DevConnect)
    [Anonymous Symbol]                       0x08003610   Section        0  stm32f0xx_ll_usb.o(.text.USB_DevInit)
    [Anonymous Symbol]                       0x08003624   Section        0  stm32f0xx_ll_usb.o(.text.USB_DisableGlobalInt)
    __arm_cp.2_0                             0x08003634   Number         4  stm32f0xx_ll_usb.o(.text.USB_DisableGlobalInt)
    [Anonymous Symbol]                       0x08003638   Section        0  stm32f0xx_ll_usb.o(.text.USB_EPClearStall)
    __arm_cp.10_0                            0x08003694   Number         4  stm32f0xx_ll_usb.o(.text.USB_EPClearStall)
    __arm_cp.10_1                            0x08003698   Number         4  stm32f0xx_ll_usb.o(.text.USB_EPClearStall)
    __arm_cp.10_3                            0x0800369c   Number         4  stm32f0xx_ll_usb.o(.text.USB_EPClearStall)
    __arm_cp.10_4                            0x080036a0   Number         4  stm32f0xx_ll_usb.o(.text.USB_EPClearStall)
    [Anonymous Symbol]                       0x080036a4   Section        0  stm32f0xx_ll_usb.o(.text.USB_EPSetStall)
    __arm_cp.9_0                             0x080036d0   Number         4  stm32f0xx_ll_usb.o(.text.USB_EPSetStall)
    __arm_cp.9_1                             0x080036d4   Number         4  stm32f0xx_ll_usb.o(.text.USB_EPSetStall)
    __arm_cp.9_2                             0x080036d8   Number         4  stm32f0xx_ll_usb.o(.text.USB_EPSetStall)
    __arm_cp.9_3                             0x080036dc   Number         4  stm32f0xx_ll_usb.o(.text.USB_EPSetStall)
    [Anonymous Symbol]                       0x080036e0   Section        0  stm32f0xx_ll_usb.o(.text.USB_EPStartXfer)
    __arm_cp.7_21                            0x08003ac0   Number         4  stm32f0xx_ll_usb.o(.text.USB_EPStartXfer)
    __arm_cp.7_22                            0x08003ac4   Number         4  stm32f0xx_ll_usb.o(.text.USB_EPStartXfer)
    __arm_cp.7_13                            0x08003b50   Number         4  stm32f0xx_ll_usb.o(.text.USB_EPStartXfer)
    __arm_cp.7_17                            0x08003b60   Number         4  stm32f0xx_ll_usb.o(.text.USB_EPStartXfer)
    __arm_cp.7_18                            0x08003b64   Number         4  stm32f0xx_ll_usb.o(.text.USB_EPStartXfer)
    __arm_cp.7_0                             0x08003fa4   Number         4  stm32f0xx_ll_usb.o(.text.USB_EPStartXfer)
    __arm_cp.7_1                             0x08003fa8   Number         4  stm32f0xx_ll_usb.o(.text.USB_EPStartXfer)
    __arm_cp.7_2                             0x08003fac   Number         4  stm32f0xx_ll_usb.o(.text.USB_EPStartXfer)
    __arm_cp.7_4                             0x08003fb0   Number         4  stm32f0xx_ll_usb.o(.text.USB_EPStartXfer)
    __arm_cp.7_7                             0x08003fb4   Number         4  stm32f0xx_ll_usb.o(.text.USB_EPStartXfer)
    [Anonymous Symbol]                       0x08003fb8   Section        0  stm32f0xx_ll_usb.o(.text.USB_EnableGlobalInt)
    __arm_cp.1_0                             0x08003fcc   Number         4  stm32f0xx_ll_usb.o(.text.USB_EnableGlobalInt)
    [Anonymous Symbol]                       0x08003fd0   Section        0  stm32f0xx_it.o(.text.USB_IRQHandler)
    __arm_cp.5_0                             0x08003fdc   Number         4  stm32f0xx_it.o(.text.USB_IRQHandler)
    [Anonymous Symbol]                       0x08003fe0   Section        0  stm32f0xx_ll_usb.o(.text.USB_ReadInterrupts)
    [Anonymous Symbol]                       0x08003fe6   Section        0  stm32f0xx_ll_usb.o(.text.USB_ReadPMA)
    [Anonymous Symbol]                       0x08004076   Section        0  stm32f0xx_ll_usb.o(.text.USB_SetDevAddress)
    [Anonymous Symbol]                       0x08004088   Section        0  stm32f0xx_ll_usb.o(.text.USB_WritePMA)
    [Anonymous Symbol]                       0x08004120   Section        0  main.o(.text.main)
    __arm_cp.0_0                             0x08004260   Number         4  main.o(.text.main)
    __arm_cp.0_1                             0x08004264   Number         4  main.o(.text.main)
    __arm_cp.0_2                             0x08004268   Number         4  main.o(.text.main)
    __arm_cp.0_3                             0x0800426c   Number         4  main.o(.text.main)
    __arm_cp.0_4                             0x08004270   Number         4  main.o(.text.main)
    __arm_cp.0_5                             0x08004274   Number         4  main.o(.text.main)
    __arm_cp.0_6                             0x08004278   Number         4  main.o(.text.main)
    __arm_cp.0_7                             0x0800427c   Number         4  main.o(.text.main)
    __arm_cp.0_8                             0x08004280   Number         4  main.o(.text.main)
    .text_divfast                            0x08004284   Section      502  aeabi_sdivfast.o(.text_divfast)
    [Anonymous Symbol]                       0x08004492   Section        0  stm32f0xx_hal_rcc.o(.rodata.cst16)
    USBD_CDC_DeviceQualifierDesc             0x200000e0   Data          10  usbd_cdc.o(.data.USBD_CDC_DeviceQualifierDesc)
    [Anonymous Symbol]                       0x200000e0   Section        0  usbd_cdc.o(.data.USBD_CDC_DeviceQualifierDesc)
    .bss                                     0x20000178   Section       96  libspace.o(.bss)
    USBD_SetConfig.cfgidx                    0x200001d8   Data           1  usbd_ctlreq.o(.bss.USBD_SetConfig.cfgidx)
    [Anonymous Symbol]                       0x200001d8   Section        0  usbd_ctlreq.o(.bss.USBD_SetConfig.cfgidx)
    USBD_static_malloc.mem                   0x200003dc   Data         544  usbd_conf.o(.bss.USBD_static_malloc.mem)
    [Anonymous Symbol]                       0x200003dc   Section        0  usbd_conf.o(.bss.USBD_static_malloc.mem)
    Heap_Mem                                 0x20001448   Data         512  startup_stm32f042x6.o(HEAP)
    HEAP                                     0x20001448   Section      512  startup_stm32f042x6.o(HEAP)
    Stack_Mem                                0x20001648   Data        1024  startup_stm32f042x6.o(STACK)
    STACK                                    0x20001648   Section     1024  startup_stm32f042x6.o(STACK)
    __initial_sp                             0x20001a48   Data           0  startup_stm32f042x6.o(STACK)

    Global Symbols

    Symbol Name                              Value     Ov Type        Size  Object(Section)

    BuildAttributes$$THM_ISAv3M$S$PE$A:L22$X:L11$S22$IEEE1$IW$~IW$USESV6$~STKCKD$USESV7$~SHL$OTIME$ROPI$EBA8$UX$STANDARDLIB$REQ8$PRES8$EABIv2 0x00000000   Number         0  anon$$obj.o ABSOLUTE
    __ARM_exceptions_init                     - Undefined Weak Reference
    __alloca_initialize                       - Undefined Weak Reference
    __arm_preinit_                            - Undefined Weak Reference
    __arm_relocate_pie_                       - Undefined Weak Reference
    __cpp_initialize__aeabi_                  - Undefined Weak Reference
    __cxa_finalize                            - Undefined Weak Reference
    __rt_locale                               - Undefined Weak Reference
    __sigvec_lookup                           - Undefined Weak Reference
    _atexit_init                              - Undefined Weak Reference
    _call_atexit_fns                          - Undefined Weak Reference
    _clock_init                               - Undefined Weak Reference
    _fp_trap_init                             - Undefined Weak Reference
    _fp_trap_shutdown                         - Undefined Weak Reference
    _get_lc_collate                           - Undefined Weak Reference
    _get_lc_ctype                             - Undefined Weak Reference
    _get_lc_monetary                          - Undefined Weak Reference
    _get_lc_numeric                           - Undefined Weak Reference
    _get_lc_time                              - Undefined Weak Reference
    _getenv_init                              - Undefined Weak Reference
    _handle_redirection                       - Undefined Weak Reference
    _init_alloc                               - Undefined Weak Reference
    _init_user_alloc                          - Undefined Weak Reference
    _initio                                   - Undefined Weak Reference
    _rand_init                                - Undefined Weak Reference
    _signal_finish                            - Undefined Weak Reference
    _signal_init                              - Undefined Weak Reference
    _terminate_alloc                          - Undefined Weak Reference
    _terminate_user_alloc                     - Undefined Weak Reference
    _terminateio                              - Undefined Weak Reference
    __Vectors_Size                           0x000000c0   Number         0  startup_stm32f042x6.o ABSOLUTE
    __Vectors                                0x08000000   Data           4  startup_stm32f042x6.o(RESET)
    __Vectors_End                            0x080000c0   Data           0  startup_stm32f042x6.o(RESET)
    __main                                   0x080000c1   Thumb Code     8  __main.o(!!!main)
    __scatterload                            0x080000c9   Thumb Code     0  __scatter.o(!!!scatter)
    __scatterload_rt2                        0x080000c9   Thumb Code    52  __scatter.o(!!!scatter)
    __scatterload_rt2_thumb_only             0x080000c9   Thumb Code     0  __scatter.o(!!!scatter)
    __scatterload_null                       0x080000d9   Thumb Code     0  __scatter.o(!!!scatter)
    __scatterload_zeroinit                   0x08000105   Thumb Code    28  __scatter_zi.o(!!handler_zi)
    __rt_lib_init                            0x08000121   Thumb Code     0  libinit.o(.ARM.Collect$$libinit$$00000000)
    __rt_lib_init_alloca_1                   0x08000123   Thumb Code     0  libinit2.o(.ARM.Collect$$libinit$$00000030)
    __rt_lib_init_argv_1                     0x08000123   Thumb Code     0  libinit2.o(.ARM.Collect$$libinit$$0000002E)
    __rt_lib_init_atexit_1                   0x08000123   Thumb Code     0  libinit2.o(.ARM.Collect$$libinit$$0000001D)
    __rt_lib_init_clock_1                    0x08000123   Thumb Code     0  libinit2.o(.ARM.Collect$$libinit$$00000023)
    __rt_lib_init_cpp_1                      0x08000123   Thumb Code     0  libinit2.o(.ARM.Collect$$libinit$$00000034)
    __rt_lib_init_exceptions_1               0x08000123   Thumb Code     0  libinit2.o(.ARM.Collect$$libinit$$00000032)
    __rt_lib_init_fp_1                       0x08000123   Thumb Code     0  libinit2.o(.ARM.Collect$$libinit$$00000002)
    __rt_lib_init_fp_trap_1                  0x08000123   Thumb Code     0  libinit2.o(.ARM.Collect$$libinit$$00000021)
    __rt_lib_init_getenv_1                   0x08000123   Thumb Code     0  libinit2.o(.ARM.Collect$$libinit$$00000025)
    __rt_lib_init_heap_1                     0x08000123   Thumb Code     0  libinit2.o(.ARM.Collect$$libinit$$0000000C)
    __rt_lib_init_lc_collate_1               0x08000123   Thumb Code     0  libinit2.o(.ARM.Collect$$libinit$$00000013)
    __rt_lib_init_lc_ctype_1                 0x08000123   Thumb Code     0  libinit2.o(.ARM.Collect$$libinit$$00000015)
    __rt_lib_init_lc_monetary_1              0x08000123   Thumb Code     0  libinit2.o(.ARM.Collect$$libinit$$00000017)
    __rt_lib_init_lc_numeric_1               0x08000123   Thumb Code     0  libinit2.o(.ARM.Collect$$libinit$$00000019)
    __rt_lib_init_lc_time_1                  0x08000123   Thumb Code     0  libinit2.o(.ARM.Collect$$libinit$$0000001B)
    __rt_lib_init_preinit_1                  0x08000123   Thumb Code     0  libinit2.o(.ARM.Collect$$libinit$$00000006)
    __rt_lib_init_rand_1                     0x08000123   Thumb Code     0  libinit2.o(.ARM.Collect$$libinit$$00000010)
    __rt_lib_init_relocate_pie_1             0x08000123   Thumb Code     0  libinit2.o(.ARM.Collect$$libinit$$00000004)
    __rt_lib_init_return                     0x08000123   Thumb Code     0  libinit2.o(.ARM.Collect$$libinit$$00000035)
    __rt_lib_init_signal_1                   0x08000123   Thumb Code     0  libinit2.o(.ARM.Collect$$libinit$$0000001F)
    __rt_lib_init_stdio_1                    0x08000123   Thumb Code     0  libinit2.o(.ARM.Collect$$libinit$$00000027)
    __rt_lib_init_user_alloc_1               0x08000123   Thumb Code     0  libinit2.o(.ARM.Collect$$libinit$$0000000E)
    __rt_lib_shutdown                        0x08000125   Thumb Code     0  libshutdown.o(.ARM.Collect$$libshutdown$$00000000)
    __rt_lib_shutdown_cpp_1                  0x08000127   Thumb Code     0  libshutdown2.o(.ARM.Collect$$libshutdown$$00000002)
    __rt_lib_shutdown_fp_trap_1              0x08000127   Thumb Code     0  libshutdown2.o(.ARM.Collect$$libshutdown$$00000007)
    __rt_lib_shutdown_heap_1                 0x08000127   Thumb Code     0  libshutdown2.o(.ARM.Collect$$libshutdown$$0000000F)
    __rt_lib_shutdown_return                 0x08000127   Thumb Code     0  libshutdown2.o(.ARM.Collect$$libshutdown$$00000010)
    __rt_lib_shutdown_signal_1               0x08000127   Thumb Code     0  libshutdown2.o(.ARM.Collect$$libshutdown$$0000000A)
    __rt_lib_shutdown_stdio_1                0x08000127   Thumb Code     0  libshutdown2.o(.ARM.Collect$$libshutdown$$00000004)
    __rt_lib_shutdown_user_alloc_1           0x08000127   Thumb Code     0  libshutdown2.o(.ARM.Collect$$libshutdown$$0000000C)
    __rt_entry                               0x08000129   Thumb Code     0  __rtentry.o(.ARM.Collect$$rtentry$$00000000)
    __rt_entry_presh_1                       0x08000129   Thumb Code     0  __rtentry2.o(.ARM.Collect$$rtentry$$00000002)
    __rt_entry_sh                            0x08000129   Thumb Code     0  __rtentry4.o(.ARM.Collect$$rtentry$$00000004)
    __rt_entry_li                            0x0800012f   Thumb Code     0  __rtentry2.o(.ARM.Collect$$rtentry$$0000000A)
    __rt_entry_postsh_1                      0x0800012f   Thumb Code     0  __rtentry2.o(.ARM.Collect$$rtentry$$00000009)
    __rt_entry_main                          0x08000133   Thumb Code     0  __rtentry2.o(.ARM.Collect$$rtentry$$0000000D)
    __rt_entry_postli_1                      0x08000133   Thumb Code     0  __rtentry2.o(.ARM.Collect$$rtentry$$0000000C)
    __rt_exit                                0x0800013b   Thumb Code     0  rtexit.o(.ARM.Collect$$rtexit$$00000000)
    __rt_exit_ls                             0x0800013d   Thumb Code     0  rtexit2.o(.ARM.Collect$$rtexit$$00000003)
    __rt_exit_prels_1                        0x0800013d   Thumb Code     0  rtexit2.o(.ARM.Collect$$rtexit$$00000002)
    __rt_exit_exit                           0x08000141   Thumb Code     0  rtexit2.o(.ARM.Collect$$rtexit$$00000004)
    Reset_Handler                            0x08000149   Thumb Code    38  startup_stm32f042x6.o(.text)
    ADC1_IRQHandler                          0x08000179   Thumb Code     0  startup_stm32f042x6.o(.text)
    CEC_CAN_IRQHandler                       0x08000179   Thumb Code     0  startup_stm32f042x6.o(.text)
    DMA1_Channel1_IRQHandler                 0x08000179   Thumb Code     0  startup_stm32f042x6.o(.text)
    DMA1_Channel2_3_IRQHandler               0x08000179   Thumb Code     0  startup_stm32f042x6.o(.text)
    DMA1_Channel4_5_IRQHandler               0x08000179   Thumb Code     0  startup_stm32f042x6.o(.text)
    EXTI0_1_IRQHandler                       0x08000179   Thumb Code     0  startup_stm32f042x6.o(.text)
    EXTI2_3_IRQHandler                       0x08000179   Thumb Code     0  startup_stm32f042x6.o(.text)
    EXTI4_15_IRQHandler                      0x08000179   Thumb Code     0  startup_stm32f042x6.o(.text)
    FLASH_IRQHandler                         0x08000179   Thumb Code     0  startup_stm32f042x6.o(.text)
    I2C1_IRQHandler                          0x08000179   Thumb Code     0  startup_stm32f042x6.o(.text)
    PVD_VDDIO2_IRQHandler                    0x08000179   Thumb Code     0  startup_stm32f042x6.o(.text)
    RCC_CRS_IRQHandler                       0x08000179   Thumb Code     0  startup_stm32f042x6.o(.text)
    RTC_IRQHandler                           0x08000179   Thumb Code     0  startup_stm32f042x6.o(.text)
    SPI1_IRQHandler                          0x08000179   Thumb Code     0  startup_stm32f042x6.o(.text)
    SPI2_IRQHandler                          0x08000179   Thumb Code     0  startup_stm32f042x6.o(.text)
    TIM14_IRQHandler                         0x08000179   Thumb Code     0  startup_stm32f042x6.o(.text)
    TIM16_IRQHandler                         0x08000179   Thumb Code     0  startup_stm32f042x6.o(.text)
    TIM17_IRQHandler                         0x08000179   Thumb Code     0  startup_stm32f042x6.o(.text)
    TIM1_BRK_UP_TRG_COM_IRQHandler           0x08000179   Thumb Code     0  startup_stm32f042x6.o(.text)
    TIM1_CC_IRQHandler                       0x08000179   Thumb Code     0  startup_stm32f042x6.o(.text)
    TIM2_IRQHandler                          0x08000179   Thumb Code     0  startup_stm32f042x6.o(.text)
    TIM3_IRQHandler                          0x08000179   Thumb Code     0  startup_stm32f042x6.o(.text)
    TSC_IRQHandler                           0x08000179   Thumb Code     0  startup_stm32f042x6.o(.text)
    USART1_IRQHandler                        0x08000179   Thumb Code     0  startup_stm32f042x6.o(.text)
    USART2_IRQHandler                        0x08000179   Thumb Code     0  startup_stm32f042x6.o(.text)
    WWDG_IRQHandler                          0x08000179   Thumb Code     0  startup_stm32f042x6.o(.text)
    __user_initial_stackheap                 0x0800017d   Thumb Code     0  startup_stm32f042x6.o(.text)
    _memset_w                                0x080001bd   Thumb Code    26  rt_memclr.o(.text)
    _memset                                  0x080001d7   Thumb Code    30  rt_memclr.o(.text)
    __aeabi_memclr                           0x080001f5   Thumb Code     4  rt_memclr.o(.text)
    __rt_memclr                              0x080001f5   Thumb Code     0  rt_memclr.o(.text)
    __aeabi_memclr4                          0x080001f9   Thumb Code     0  rt_memclr.o(.text)
    __aeabi_memclr8                          0x080001f9   Thumb Code     0  rt_memclr.o(.text)
    __rt_memclr_w                            0x080001f9   Thumb Code     4  rt_memclr.o(.text)
    __aeabi_uidivmod                         0x080001fd   Thumb Code    28  aeabi_sdivfast.o(.text)
    __aeabi_idivmod                          0x08000219   Thumb Code   472  aeabi_sdivfast.o(.text)
    __use_two_region_memory                  0x080003f5   Thumb Code     2  heapauxi.o(.text)
    __rt_heap_escrow$2region                 0x080003f7   Thumb Code     2  heapauxi.o(.text)
    __rt_heap_expand$2region                 0x080003f9   Thumb Code     2  heapauxi.o(.text)
    __user_setup_stackheap                   0x080003fb   Thumb Code    62  sys_stackheap_outer.o(.text)
    exit                                     0x08000439   Thumb Code    16  exit.o(.text)
    __user_libspace                          0x08000449   Thumb Code     8  libspace.o(.text)
    __user_perproc_libspace                  0x08000449   Thumb Code     0  libspace.o(.text)
    __user_perthread_libspace                0x08000449   Thumb Code     0  libspace.o(.text)
    _sys_exit                                0x08000451   Thumb Code     8  sys_exit.o(.text)
    __I$use$semihosting                      0x0800045d   Thumb Code     0  use_no_semi.o(.text)
    __use_no_semihosting_swi                 0x0800045d   Thumb Code     2  use_no_semi.o(.text)
    __decompress                             0x0800045f   Thumb Code     0  __dczerorl2.o(.text)
    __decompress1                            0x0800045f   Thumb Code    86  __dczerorl2.o(.text)
    __semihosting_library_function           0x0800045f   Thumb Code     0  indicate_semi.o(.text)
    Error_Handler                            0x080004fd   Thumb Code     8  main.o(.text.Error_Handler)
    HAL_CAN_Init                             0x08000505   Thumb Code   266  stm32f0xx_hal_can.o(.text.HAL_CAN_Init)
    HAL_CAN_MspInit                          0x08000611   Thumb Code    84  stm32f0xx_hal_msp.o(.text.HAL_CAN_MspInit)
    HAL_GPIO_Init                            0x0800066d   Thumb Code   384  stm32f0xx_hal_gpio.o(.text.HAL_GPIO_Init)
    HAL_GPIO_WritePin                        0x080007fd   Thumb Code    16  stm32f0xx_hal_gpio.o(.text.HAL_GPIO_WritePin)
    HAL_GetTick                              0x0800080d   Thumb Code     8  stm32f0xx_hal.o(.text.HAL_GetTick)
    HAL_IWDG_Init                            0x08000815   Thumb Code    88  stm32f0xx_hal_iwdg.o(.text.HAL_IWDG_Init)
    HAL_IncTick                              0x08000879   Thumb Code    16  stm32f0xx_hal.o(.text.HAL_IncTick)
    HAL_Init                                 0x0800088d   Thumb Code    28  stm32f0xx_hal.o(.text.HAL_Init)
    HAL_InitTick                             0x080008ad   Thumb Code    60  stm32f0xx_hal.o(.text.HAL_InitTick)
    HAL_MspInit                              0x080008f5   Thumb Code    40  stm32f0xx_hal_msp.o(.text.HAL_MspInit)
    HAL_NVIC_EnableIRQ                       0x08000921   Thumb Code    20  stm32f0xx_hal_cortex.o(.text.HAL_NVIC_EnableIRQ)
    HAL_NVIC_SetPriority                     0x08000939   Thumb Code    48  stm32f0xx_hal_cortex.o(.text.HAL_NVIC_SetPriority)
    HAL_PCDEx_ActivateLPM                    0x08000971   Thumb Code    38  stm32f0xx_hal_pcd_ex.o(.text.HAL_PCDEx_ActivateLPM)
    HAL_PCDEx_LPM_Callback                   0x08000997   Thumb Code     2  stm32f0xx_hal_pcd_ex.o(.text.HAL_PCDEx_LPM_Callback)
    HAL_PCDEx_PMAConfig                      0x08000999   Thumb Code    52  stm32f0xx_hal_pcd_ex.o(.text.HAL_PCDEx_PMAConfig)
    HAL_PCD_DataInStageCallback              0x080009cd   Thumb Code    24  usbd_conf.o(.text.HAL_PCD_DataInStageCallback)
    HAL_PCD_DataOutStageCallback             0x080009e5   Thumb Code    28  usbd_conf.o(.text.HAL_PCD_DataOutStageCallback)
    HAL_PCD_EP_Close                         0x08000a01   Thumb Code    74  stm32f0xx_hal_pcd.o(.text.HAL_PCD_EP_Close)
    HAL_PCD_EP_ClrStall                      0x08000a4b   Thumb Code    92  stm32f0xx_hal_pcd.o(.text.HAL_PCD_EP_ClrStall)
    HAL_PCD_EP_GetRxCount                    0x08000aa7   Thumb Code    18  stm32f0xx_hal_pcd.o(.text.HAL_PCD_EP_GetRxCount)
    HAL_PCD_EP_Open                          0x08000ab9   Thumb Code    94  stm32f0xx_hal_pcd.o(.text.HAL_PCD_EP_Open)
    HAL_PCD_EP_Receive                       0x08000b17   Thumb Code    40  stm32f0xx_hal_pcd.o(.text.HAL_PCD_EP_Receive)
    HAL_PCD_EP_SetStall                      0x08000b3f   Thumb Code    86  stm32f0xx_hal_pcd.o(.text.HAL_PCD_EP_SetStall)
    HAL_PCD_EP_Transmit                      0x08000b95   Thumb Code    50  stm32f0xx_hal_pcd.o(.text.HAL_PCD_EP_Transmit)
    HAL_PCD_IRQHandler                       0x08000bc9   Thumb Code  2236  stm32f0xx_hal_pcd.o(.text.HAL_PCD_IRQHandler)
    HAL_PCD_Init                             0x080014a1   Thumb Code   204  stm32f0xx_hal_pcd.o(.text.HAL_PCD_Init)
    HAL_PCD_MspInit                          0x0800156d   Thumb Code    60  usbd_conf.o(.text.HAL_PCD_MspInit)
    HAL_PCD_ResetCallback                    0x080015b1   Thumb Code    34  usbd_conf.o(.text.HAL_PCD_ResetCallback)
    HAL_PCD_ResumeCallback                   0x080015d5   Thumb Code    36  usbd_conf.o(.text.HAL_PCD_ResumeCallback)
    HAL_PCD_SOFCallback                      0x080015f9   Thumb Code    14  usbd_conf.o(.text.HAL_PCD_SOFCallback)
    HAL_PCD_SetAddress                       0x08001607   Thumb Code    40  stm32f0xx_hal_pcd.o(.text.HAL_PCD_SetAddress)
    HAL_PCD_SetupStageCallback               0x0800162f   Thumb Code    22  usbd_conf.o(.text.HAL_PCD_SetupStageCallback)
    HAL_PCD_Start                            0x08001645   Thumb Code    42  stm32f0xx_hal_pcd.o(.text.HAL_PCD_Start)
    HAL_PCD_SuspendCallback                  0x08001671   Thumb Code    32  usbd_conf.o(.text.HAL_PCD_SuspendCallback)
    HAL_RCCEx_PeriphCLKConfig                0x08001695   Thumb Code   284  stm32f0xx_hal_rcc_ex.o(.text.HAL_RCCEx_PeriphCLKConfig)
    HAL_RCC_ClockConfig                      0x080017bd   Thumb Code   344  stm32f0xx_hal_rcc.o(.text.HAL_RCC_ClockConfig)
    HAL_RCC_GetPCLK1Freq                     0x08001921   Thumb Code    20  stm32f0xx_hal_rcc.o(.text.HAL_RCC_GetPCLK1Freq)
    HAL_RCC_GetSysClockFreq                  0x0800193d   Thumb Code    76  stm32f0xx_hal_rcc.o(.text.HAL_RCC_GetSysClockFreq)
    HAL_RCC_OscConfig                        0x0800199d   Thumb Code  1156  stm32f0xx_hal_rcc.o(.text.HAL_RCC_OscConfig)
    HAL_SYSTICK_Config                       0x08001e29   Thumb Code    40  stm32f0xx_hal_cortex.o(.text.HAL_SYSTICK_Config)
    HAL_UART_Init                            0x08001e5d   Thumb Code   188  stm32f0xx_hal_uart.o(.text.HAL_UART_Init)
    HAL_UART_MspInit                         0x08001f1d   Thumb Code    84  stm32f0xx_hal_msp.o(.text.HAL_UART_MspInit)
    HardFault_Handler                        0x08001f75   Thumb Code     2  stm32f0xx_it.o(.text.HardFault_Handler)
    MX_USB_DEVICE_Init                       0x08001f79   Thumb Code    68  usb_device.o(.text.MX_USB_DEVICE_Init)
    NMI_Handler                              0x08001fcd   Thumb Code     2  stm32f0xx_it.o(.text.NMI_Handler)
    PendSV_Handler                           0x08001fcf   Thumb Code     2  stm32f0xx_it.o(.text.PendSV_Handler)
    SVC_Handler                              0x08001fd1   Thumb Code     2  stm32f0xx_it.o(.text.SVC_Handler)
    SysTick_Handler                          0x08001fd3   Thumb Code     8  stm32f0xx_it.o(.text.SysTick_Handler)
    SystemClock_Config                       0x08001fdb   Thumb Code   116  main.o(.text.SystemClock_Config)
    SystemInit                               0x0800204f   Thumb Code     2  system_stm32f0xx.o(.text.SystemInit)
    UART_AdvFeatureConfig                    0x08002051   Thumb Code   210  stm32f0xx_hal_uart.o(.text.UART_AdvFeatureConfig)
    UART_SetConfig                           0x08002125   Thumb Code   256  stm32f0xx_hal_uart.o(.text.UART_SetConfig)
    UART_WaitOnFlagUntilTimeout              0x0800224d   Thumb Code   242  stm32f0xx_hal_uart.o(.text.UART_WaitOnFlagUntilTimeout)
    USBD_CDC_GetDeviceQualifierDescriptor    0x0800243d   Thumb Code     8  usbd_cdc.o(.text.USBD_CDC_GetDeviceQualifierDescriptor)
    USBD_CDC_ReceivePacket                   0x080024f3   Thumb Code    44  usbd_cdc.o(.text.USBD_CDC_ReceivePacket)
    USBD_CDC_RegisterInterface               0x0800251f   Thumb Code    18  usbd_cdc.o(.text.USBD_CDC_RegisterInterface)
    USBD_CDC_SetRxBuffer                     0x08002531   Thumb Code    16  usbd_cdc.o(.text.USBD_CDC_SetRxBuffer)
    USBD_CDC_SetTxBuffer                     0x08002541   Thumb Code    20  usbd_cdc.o(.text.USBD_CDC_SetTxBuffer)
    USBD_ClrClassConfig                      0x08002639   Thumb Code    16  usbd_core.o(.text.USBD_ClrClassConfig)
    USBD_CtlContinueRx                       0x08002649   Thumb Code    18  usbd_ioreq.o(.text.USBD_CtlContinueRx)
    USBD_CtlContinueSendData                 0x0800265b   Thumb Code    18  usbd_ioreq.o(.text.USBD_CtlContinueSendData)
    USBD_CtlError                            0x0800266d   Thumb Code    20  usbd_ctlreq.o(.text.USBD_CtlError)
    USBD_CtlPrepareRx                        0x08002681   Thumb Code    36  usbd_ioreq.o(.text.USBD_CtlPrepareRx)
    USBD_CtlReceiveStatus                    0x080026a5   Thumb Code    26  usbd_ioreq.o(.text.USBD_CtlReceiveStatus)
    USBD_CtlSendData                         0x080026bf   Thumb Code    30  usbd_ioreq.o(.text.USBD_CtlSendData)
    USBD_CtlSendStatus                       0x080026dd   Thumb Code    26  usbd_ioreq.o(.text.USBD_CtlSendStatus)
    USBD_FS_ConfigStrDescriptor              0x080026f9   Thumb Code    20  usbd_desc.o(.text.USBD_FS_ConfigStrDescriptor)
    USBD_FS_DeviceDescriptor                 0x08002719   Thumb Code     8  usbd_desc.o(.text.USBD_FS_DeviceDescriptor)
    USBD_FS_InterfaceStrDescriptor           0x08002725   Thumb Code    20  usbd_desc.o(.text.USBD_FS_InterfaceStrDescriptor)
    USBD_FS_LangIDStrDescriptor              0x08002749   Thumb Code     8  usbd_desc.o(.text.USBD_FS_LangIDStrDescriptor)
    USBD_FS_ManufacturerStrDescriptor        0x08002755   Thumb Code    20  usbd_desc.o(.text.USBD_FS_ManufacturerStrDescriptor)
    USBD_FS_ProductStrDescriptor             0x08002775   Thumb Code    20  usbd_desc.o(.text.USBD_FS_ProductStrDescriptor)
    USBD_FS_SerialStrDescriptor              0x080027a5   Thumb Code   264  usbd_desc.o(.text.USBD_FS_SerialStrDescriptor)
    USBD_GetString                           0x080028b5   Thumb Code   174  usbd_ctlreq.o(.text.USBD_GetString)
    USBD_Init                                0x08002963   Thumb Code    46  usbd_core.o(.text.USBD_Init)
    USBD_LL_ClearStallEP                     0x08002991   Thumb Code    32  usbd_conf.o(.text.USBD_LL_ClearStallEP)
    USBD_LL_CloseEP                          0x080029b1   Thumb Code    32  usbd_conf.o(.text.USBD_LL_CloseEP)
    USBD_LL_DataInStage                      0x080029d1   Thumb Code   208  usbd_core.o(.text.USBD_LL_DataInStage)
    USBD_LL_DataOutStage                     0x08002aa1   Thumb Code   134  usbd_core.o(.text.USBD_LL_DataOutStage)
    USBD_LL_GetRxDataSize                    0x08002b27   Thumb Code    14  usbd_conf.o(.text.USBD_LL_GetRxDataSize)
    USBD_LL_Init                             0x08002b35   Thumb Code   124  usbd_conf.o(.text.USBD_LL_Init)
    USBD_LL_IsStallEP                        0x08002bb9   Thumb Code    38  usbd_conf.o(.text.USBD_LL_IsStallEP)
    USBD_LL_OpenEP                           0x08002be1   Thumb Code    40  usbd_conf.o(.text.USBD_LL_OpenEP)
    USBD_LL_PrepareReceive                   0x08002c09   Thumb Code    32  usbd_conf.o(.text.USBD_LL_PrepareReceive)
    USBD_LL_Reset                            0x08002c29   Thumb Code    84  usbd_core.o(.text.USBD_LL_Reset)
    USBD_LL_Resume                           0x08002c7d   Thumb Code    20  usbd_core.o(.text.USBD_LL_Resume)
    USBD_LL_SOF                              0x08002c91   Thumb Code    28  usbd_core.o(.text.USBD_LL_SOF)
    USBD_LL_SetSpeed                         0x08002cad   Thumb Code     6  usbd_core.o(.text.USBD_LL_SetSpeed)
    USBD_LL_SetUSBAddress                    0x08002cb5   Thumb Code    32  usbd_conf.o(.text.USBD_LL_SetUSBAddress)
    USBD_LL_SetupStage                       0x08002cd5   Thumb Code    94  usbd_core.o(.text.USBD_LL_SetupStage)
    USBD_LL_StallEP                          0x08002d35   Thumb Code    32  usbd_conf.o(.text.USBD_LL_StallEP)
    USBD_LL_Start                            0x08002d55   Thumb Code    32  usbd_conf.o(.text.USBD_LL_Start)
    USBD_LL_Suspend                          0x08002d79   Thumb Code    18  usbd_core.o(.text.USBD_LL_Suspend)
    USBD_LL_Transmit                         0x08002d8d   Thumb Code    32  usbd_conf.o(.text.USBD_LL_Transmit)
    USBD_ParseSetupRequest                   0x08002db1   Thumb Code    40  usbd_ctlreq.o(.text.USBD_ParseSetupRequest)
    USBD_RegisterClass                       0x08002dd9   Thumb Code    18  usbd_core.o(.text.USBD_RegisterClass)
    USBD_SetClassConfig                      0x08002deb   Thumb Code    28  usbd_core.o(.text.USBD_SetClassConfig)
    USBD_Start                               0x08002e07   Thumb Code    10  usbd_core.o(.text.USBD_Start)
    USBD_StdDevReq                           0x08002e11   Thumb Code   900  usbd_ctlreq.o(.text.USBD_StdDevReq)
    USBD_StdEPReq                            0x08003199   Thumb Code   306  usbd_ctlreq.o(.text.USBD_StdEPReq)
    USBD_StdItfReq                           0x080032cb   Thumb Code   114  usbd_ctlreq.o(.text.USBD_StdItfReq)
    USBD_static_free                         0x0800333d   Thumb Code     2  usbd_conf.o(.text.USBD_static_free)
    USBD_static_malloc                       0x08003341   Thumb Code     4  usbd_conf.o(.text.USBD_static_malloc)
    USB_ActivateEndpoint                     0x08003349   Thumb Code   492  stm32f0xx_ll_usb.o(.text.USB_ActivateEndpoint)
    USB_DeactivateEndpoint                   0x08003551   Thumb Code   168  stm32f0xx_ll_usb.o(.text.USB_DeactivateEndpoint)
    USB_DevConnect                           0x08003601   Thumb Code    16  stm32f0xx_ll_usb.o(.text.USB_DevConnect)
    USB_DevInit                              0x08003611   Thumb Code    20  stm32f0xx_ll_usb.o(.text.USB_DevInit)
    USB_DisableGlobalInt                     0x08003625   Thumb Code    16  stm32f0xx_ll_usb.o(.text.USB_DisableGlobalInt)
    USB_EPClearStall                         0x08003639   Thumb Code    92  stm32f0xx_ll_usb.o(.text.USB_EPClearStall)
    USB_EPSetStall                           0x080036a5   Thumb Code    44  stm32f0xx_ll_usb.o(.text.USB_EPSetStall)
    USB_EPStartXfer                          0x080036e1   Thumb Code  2244  stm32f0xx_ll_usb.o(.text.USB_EPStartXfer)
    USB_EnableGlobalInt                      0x08003fb9   Thumb Code    20  stm32f0xx_ll_usb.o(.text.USB_EnableGlobalInt)
    USB_IRQHandler                           0x08003fd1   Thumb Code    12  stm32f0xx_it.o(.text.USB_IRQHandler)
    USB_ReadInterrupts                       0x08003fe1   Thumb Code     6  stm32f0xx_ll_usb.o(.text.USB_ReadInterrupts)
    USB_ReadPMA                              0x08003fe7   Thumb Code   144  stm32f0xx_ll_usb.o(.text.USB_ReadPMA)
    USB_SetDevAddress                        0x08004077   Thumb Code    18  stm32f0xx_ll_usb.o(.text.USB_SetDevAddress)
    USB_WritePMA                             0x08004089   Thumb Code   152  stm32f0xx_ll_usb.o(.text.USB_WritePMA)
    main                                     0x08004121   Thumb Code   320  main.o(.text.main)
    __aeabi_uidiv                            0x08004285   Thumb Code    68  aeabi_sdivfast.o(.text_divfast)
    __aeabi_idiv                             0x080042c9   Thumb Code   434  aeabi_sdivfast.o(.text_divfast)
    AHBPrescTable                            0x0800447a   Data          16  system_stm32f0xx.o(.rodata.AHBPrescTable)
    APBPrescTable                            0x0800448a   Data           8  system_stm32f0xx.o(.rodata.APBPrescTable)
    Region$$Table$$Base                      0x080044b4   Number         0  anon$$obj.o(Region$$Table)
    Region$$Table$$Limit                     0x080044d4   Number         0  anon$$obj.o(Region$$Table)
    FS_Desc                                  0x20000000   Data          28  usbd_desc.o(.data.FS_Desc)
    SystemCoreClock                          0x2000001c   Data           4  system_stm32f0xx.o(.data.SystemCoreClock)
    USBD_CDC                                 0x20000020   Data          56  usbd_cdc.o(.data.USBD_CDC)
    USBD_CDC_CfgFSDesc                       0x20000058   Data          67  usbd_cdc.o(.data.USBD_CDC_CfgFSDesc)
    USBD_CDC_CfgHSDesc                       0x2000009c   Data          67  usbd_cdc.o(.data.USBD_CDC_CfgHSDesc)
    USBD_CDC_OtherSpeedCfgDesc               0x200000ec   Data          67  usbd_cdc.o(.data.USBD_CDC_OtherSpeedCfgDesc)
    USBD_FS_DeviceDesc                       0x20000130   Data          18  usbd_desc.o(.data.USBD_FS_DeviceDesc)
    USBD_Interface_fops_FS                   0x20000144   Data          16  usbd_cdc_if.o(.data.USBD_Interface_fops_FS)
    USBD_LangIDDesc                          0x20000154   Data           4  usbd_desc.o(.data.USBD_LangIDDesc)
    USBD_StringSerial                        0x20000158   Data          26  usbd_desc.o(.data.USBD_StringSerial)
    uwTickFreq                               0x20000172   Data           1  stm32f0xx_hal.o(.data.uwTickFreq)
    uwTickPrio                               0x20000174   Data           4  stm32f0xx_hal.o(.data.uwTickPrio)
    __libspace_start                         0x20000178   Data          96  libspace.o(.bss)
    __temporary_stack_top$libspace           0x200001d8   Data           0  libspace.o(.bss)
    USBD_StrDesc                             0x200001dc   Data         512  usbd_desc.o(.bss.USBD_StrDesc)
    UserRxBufferFS                           0x200005fc   Data        1000  usbd_cdc_if.o(.bss.UserRxBufferFS)
    UserTxBufferFS                           0x200009e4   Data        1000  usbd_cdc_if.o(.bss.UserTxBufferFS)
    hUsbDeviceFS                             0x20000dcc   Data         708  usb_device.o(.bss.hUsbDeviceFS)
    hcan                                     0x20001090   Data          40  main.o(.bss.hcan)
    hiwdg                                    0x200010b8   Data          16  main.o(.bss.hiwdg)
    hpcd_USB_FS                              0x200010c8   Data         756  usbd_conf.o(.bss.hpcd_USB_FS)
    huart2                                   0x200013bc   Data         132  main.o(.bss.huart2)
    uwTick                                   0x20001440   Data           4  stm32f0xx_hal.o(.bss.uwTick)



==============================================================================

Memory Map of the image

  Image Entry point : 0x080000c1

  Load Region LR_IROM1 (Base: 0x08000000, Size: 0x00004650, Max: 0x00008000, ABSOLUTE, COMPRESSED[0x00004598])

    Execution Region ER_IROM1 (Exec base: 0x08000000, Load base: 0x08000000, Size: 0x000044d4, Max: 0x00008000, ABSOLUTE)

    Exec Addr    Load Addr    Size         Type   Attr      Idx    E Section Name        Object

    0x08000000   0x08000000   0x000000c0   Data   RO            3    RESET               startup_stm32f042x6.o
    0x080000c0   0x080000c0   0x00000008   Code   RO         1271  * !!!main             c_p.l(__main.o)
    0x080000c8   0x080000c8   0x0000003c   Code   RO         1450    !!!scatter          c_p.l(__scatter.o)
    0x08000104   0x08000104   0x0000001c   Code   RO         1452    !!handler_zi        c_p.l(__scatter_zi.o)
    0x08000120   0x08000120   0x00000002   Code   RO         1309    .ARM.Collect$$libinit$$00000000  c_p.l(libinit.o)
    0x08000122   0x08000122   0x00000000   Code   RO         1323    .ARM.Collect$$libinit$$00000002  c_p.l(libinit2.o)
    0x08000122   0x08000122   0x00000000   Code   RO         1325    .ARM.Collect$$libinit$$00000004  c_p.l(libinit2.o)
    0x08000122   0x08000122   0x00000000   Code   RO         1327    .ARM.Collect$$libinit$$00000006  c_p.l(libinit2.o)
    0x08000122   0x08000122   0x00000000   Code   RO         1330    .ARM.Collect$$libinit$$0000000C  c_p.l(libinit2.o)
    0x08000122   0x08000122   0x00000000   Code   RO         1332    .ARM.Collect$$libinit$$0000000E  c_p.l(libinit2.o)
    0x08000122   0x08000122   0x00000000   Code   RO         1334    .ARM.Collect$$libinit$$00000010  c_p.l(libinit2.o)
    0x08000122   0x08000122   0x00000000   Code   RO         1337    .ARM.Collect$$libinit$$00000013  c_p.l(libinit2.o)
    0x08000122   0x08000122   0x00000000   Code   RO         1339    .ARM.Collect$$libinit$$00000015  c_p.l(libinit2.o)
    0x08000122   0x08000122   0x00000000   Code   RO         1341    .ARM.Collect$$libinit$$00000017  c_p.l(libinit2.o)
    0x08000122   0x08000122   0x00000000   Code   RO         1343    .ARM.Collect$$libinit$$00000019  c_p.l(libinit2.o)
    0x08000122   0x08000122   0x00000000   Code   RO         1345    .ARM.Collect$$libinit$$0000001B  c_p.l(libinit2.o)
    0x08000122   0x08000122   0x00000000   Code   RO         1347    .ARM.Collect$$libinit$$0000001D  c_p.l(libinit2.o)
    0x08000122   0x08000122   0x00000000   Code   RO         1349    .ARM.Collect$$libinit$$0000001F  c_p.l(libinit2.o)
    0x08000122   0x08000122   0x00000000   Code   RO         1351    .ARM.Collect$$libinit$$00000021  c_p.l(libinit2.o)
    0x08000122   0x08000122   0x00000000   Code   RO         1353    .ARM.Collect$$libinit$$00000023  c_p.l(libinit2.o)
    0x08000122   0x08000122   0x00000000   Code   RO         1355    .ARM.Collect$$libinit$$00000025  c_p.l(libinit2.o)
    0x08000122   0x08000122   0x00000000   Code   RO         1357    .ARM.Collect$$libinit$$00000027  c_p.l(libinit2.o)
    0x08000122   0x08000122   0x00000000   Code   RO         1361    .ARM.Collect$$libinit$$0000002E  c_p.l(libinit2.o)
    0x08000122   0x08000122   0x00000000   Code   RO         1363    .ARM.Collect$$libinit$$00000030  c_p.l(libinit2.o)
    0x08000122   0x08000122   0x00000000   Code   RO         1365    .ARM.Collect$$libinit$$00000032  c_p.l(libinit2.o)
    0x08000122   0x08000122   0x00000000   Code   RO         1367    .ARM.Collect$$libinit$$00000034  c_p.l(libinit2.o)
    0x08000122   0x08000122   0x00000002   Code   RO         1368    .ARM.Collect$$libinit$$00000035  c_p.l(libinit2.o)
    0x08000124   0x08000124   0x00000002   Code   RO         1403    .ARM.Collect$$libshutdown$$00000000  c_p.l(libshutdown.o)
    0x08000126   0x08000126   0x00000000   Code   RO         1431    .ARM.Collect$$libshutdown$$00000002  c_p.l(libshutdown2.o)
    0x08000126   0x08000126   0x00000000   Code   RO         1433    .ARM.Collect$$libshutdown$$00000004  c_p.l(libshutdown2.o)
    0x08000126   0x08000126   0x00000000   Code   RO         1436    .ARM.Collect$$libshutdown$$00000007  c_p.l(libshutdown2.o)
    0x08000126   0x08000126   0x00000000   Code   RO         1439    .ARM.Collect$$libshutdown$$0000000A  c_p.l(libshutdown2.o)
    0x08000126   0x08000126   0x00000000   Code   RO         1441    .ARM.Collect$$libshutdown$$0000000C  c_p.l(libshutdown2.o)
    0x08000126   0x08000126   0x00000000   Code   RO         1444    .ARM.Collect$$libshutdown$$0000000F  c_p.l(libshutdown2.o)
    0x08000126   0x08000126   0x00000002   Code   RO         1445    .ARM.Collect$$libshutdown$$00000010  c_p.l(libshutdown2.o)
    0x08000128   0x08000128   0x00000000   Code   RO         1273    .ARM.Collect$$rtentry$$00000000  c_p.l(__rtentry.o)
    0x08000128   0x08000128   0x00000000   Code   RO         1279    .ARM.Collect$$rtentry$$00000002  c_p.l(__rtentry2.o)
    0x08000128   0x08000128   0x00000006   Code   RO         1291    .ARM.Collect$$rtentry$$00000004  c_p.l(__rtentry4.o)
    0x0800012e   0x0800012e   0x00000000   Code   RO         1281    .ARM.Collect$$rtentry$$00000009  c_p.l(__rtentry2.o)
    0x0800012e   0x0800012e   0x00000004   Code   RO         1282    .ARM.Collect$$rtentry$$0000000A  c_p.l(__rtentry2.o)
    0x08000132   0x08000132   0x00000000   Code   RO         1284    .ARM.Collect$$rtentry$$0000000C  c_p.l(__rtentry2.o)
    0x08000132   0x08000132   0x00000008   Code   RO         1285    .ARM.Collect$$rtentry$$0000000D  c_p.l(__rtentry2.o)
    0x0800013a   0x0800013a   0x00000002   Code   RO         1314    .ARM.Collect$$rtexit$$00000000  c_p.l(rtexit.o)
    0x0800013c   0x0800013c   0x00000000   Code   RO         1374    .ARM.Collect$$rtexit$$00000002  c_p.l(rtexit2.o)
    0x0800013c   0x0800013c   0x00000004   Code   RO         1375    .ARM.Collect$$rtexit$$00000003  c_p.l(rtexit2.o)
    0x08000140   0x08000140   0x00000006   Code   RO         1376    .ARM.Collect$$rtexit$$00000004  c_p.l(rtexit2.o)
    0x08000146   0x08000146   0x00000002   PAD
    0x08000148   0x08000148   0x00000074   Code   RO            4    .text               startup_stm32f042x6.o
    0x080001bc   0x080001bc   0x00000040   Code   RO         1259    .text               c_p.l(rt_memclr.o)
    0x080001fc   0x080001fc   0x000001f8   Code   RO         1261    .text               c_p.l(aeabi_sdivfast.o)
    0x080003f4   0x080003f4   0x00000006   Code   RO         1269    .text               c_p.l(heapauxi.o)
    0x080003fa   0x080003fa   0x0000003e   Code   RO         1295    .text               c_p.l(sys_stackheap_outer.o)
    0x08000438   0x08000438   0x00000010   Code   RO         1298    .text               c_p.l(exit.o)
    0x08000448   0x08000448   0x00000008   Code   RO         1310    .text               c_p.l(libspace.o)
    0x08000450   0x08000450   0x0000000c   Code   RO         1369    .text               c_p.l(sys_exit.o)
    0x0800045c   0x0800045c   0x00000002   Code   RO         1392    .text               c_p.l(use_no_semi.o)
    0x0800045e   0x0800045e   0x00000000   Code   RO         1394    .text               c_p.l(indicate_semi.o)
    0x0800045e   0x0800045e   0x00000056   Code   RO         1448    .text               c_p.l(__dczerorl2.o)
    0x080004b4   0x080004b4   0x00000004   Code   RO          138    .text.CDC_Control_FS  usbd_cdc_if.o
    0x080004b8   0x080004b8   0x00000004   Code   RO          136    .text.CDC_DeInit_FS  usbd_cdc_if.o
    0x080004bc   0x080004bc   0x00000024   Code   RO          134    .text.CDC_Init_FS   usbd_cdc_if.o
    0x080004e0   0x080004e0   0x0000001c   Code   RO          140    .text.CDC_Receive_FS  usbd_cdc_if.o
    0x080004fc   0x080004fc   0x00000008   Code   RO           15    .text.Error_Handler  main.o
    0x08000504   0x08000504   0x0000010a   Code   RO          853    .text.HAL_CAN_Init  stm32f0xx_hal_can.o
    0x0800060e   0x0800060e   0x00000002   PAD
    0x08000610   0x08000610   0x0000005c   Code   RO          176    .text.HAL_CAN_MspInit  stm32f0xx_hal_msp.o
    0x0800066c   0x0800066c   0x00000190   Code   RO          626    .text.HAL_GPIO_Init  stm32f0xx_hal_gpio.o
    0x080007fc   0x080007fc   0x00000010   Code   RO          632    .text.HAL_GPIO_WritePin  stm32f0xx_hal_gpio.o
    0x0800080c   0x0800080c   0x00000008   Code   RO          413    .text.HAL_GetTick   stm32f0xx_hal.o
    0x08000814   0x08000814   0x00000064   Code   RO          933    .text.HAL_IWDG_Init  stm32f0xx_hal_iwdg.o
    0x08000878   0x08000878   0x00000014   Code   RO          411    .text.HAL_IncTick   stm32f0xx_hal.o
    0x0800088c   0x0800088c   0x00000020   Code   RO          401    .text.HAL_Init      stm32f0xx_hal.o
    0x080008ac   0x080008ac   0x00000048   Code   RO          403    .text.HAL_InitTick  stm32f0xx_hal.o
    0x080008f4   0x080008f4   0x0000002c   Code   RO          174    .text.HAL_MspInit   stm32f0xx_hal_msp.o
    0x08000920   0x08000920   0x00000018   Code   RO          684    .text.HAL_NVIC_EnableIRQ  stm32f0xx_hal_cortex.o
    0x08000938   0x08000938   0x00000038   Code   RO          682    .text.HAL_NVIC_SetPriority  stm32f0xx_hal_cortex.o
    0x08000970   0x08000970   0x00000026   Code   RO          320    .text.HAL_PCDEx_ActivateLPM  stm32f0xx_hal_pcd_ex.o
    0x08000996   0x08000996   0x00000002   Code   RO          324    .text.HAL_PCDEx_LPM_Callback  stm32f0xx_hal_pcd_ex.o
    0x08000998   0x08000998   0x00000034   Code   RO          310    .text.HAL_PCDEx_PMAConfig  stm32f0xx_hal_pcd_ex.o
    0x080009cc   0x080009cc   0x00000018   Code   RO           45    .text.HAL_PCD_DataInStageCallback  usbd_conf.o
    0x080009e4   0x080009e4   0x0000001c   Code   RO           43    .text.HAL_PCD_DataOutStageCallback  usbd_conf.o
    0x08000a00   0x08000a00   0x0000004a   Code   RO          282    .text.HAL_PCD_EP_Close  stm32f0xx_hal_pcd.o
    0x08000a4a   0x08000a4a   0x0000005c   Code   RO          292    .text.HAL_PCD_EP_ClrStall  stm32f0xx_hal_pcd.o
    0x08000aa6   0x08000aa6   0x00000012   Code   RO          286    .text.HAL_PCD_EP_GetRxCount  stm32f0xx_hal_pcd.o
    0x08000ab8   0x08000ab8   0x0000005e   Code   RO          280    .text.HAL_PCD_EP_Open  stm32f0xx_hal_pcd.o
    0x08000b16   0x08000b16   0x00000028   Code   RO          284    .text.HAL_PCD_EP_Receive  stm32f0xx_hal_pcd.o
    0x08000b3e   0x08000b3e   0x00000056   Code   RO          290    .text.HAL_PCD_EP_SetStall  stm32f0xx_hal_pcd.o
    0x08000b94   0x08000b94   0x00000032   Code   RO          288    .text.HAL_PCD_EP_Transmit  stm32f0xx_hal_pcd.o
    0x08000bc6   0x08000bc6   0x00000002   PAD
    0x08000bc8   0x08000bc8   0x000008d8   Code   RO          250    .text.HAL_PCD_IRQHandler  stm32f0xx_hal_pcd.o
    0x080014a0   0x080014a0   0x000000cc   Code   RO          238    .text.HAL_PCD_Init  stm32f0xx_hal_pcd.o
    0x0800156c   0x0800156c   0x00000044   Code   RO           37    .text.HAL_PCD_MspInit  usbd_conf.o
    0x080015b0   0x080015b0   0x00000022   Code   RO           49    .text.HAL_PCD_ResetCallback  usbd_conf.o
    0x080015d2   0x080015d2   0x00000002   PAD
    0x080015d4   0x080015d4   0x00000024   Code   RO           53    .text.HAL_PCD_ResumeCallback  usbd_conf.o
    0x080015f8   0x080015f8   0x0000000e   Code   RO           47    .text.HAL_PCD_SOFCallback  usbd_conf.o
    0x08001606   0x08001606   0x00000028   Code   RO          254    .text.HAL_PCD_SetAddress  stm32f0xx_hal_pcd.o
    0x0800162e   0x0800162e   0x00000016   Code   RO           41    .text.HAL_PCD_SetupStageCallback  usbd_conf.o
    0x08001644   0x08001644   0x0000002a   Code   RO          246    .text.HAL_PCD_Start  stm32f0xx_hal_pcd.o
    0x0800166e   0x0800166e   0x00000002   PAD
    0x08001670   0x08001670   0x00000024   Code   RO           51    .text.HAL_PCD_SuspendCallback  usbd_conf.o
    0x08001694   0x08001694   0x00000128   Code   RO          369    .text.HAL_RCCEx_PeriphCLKConfig  stm32f0xx_hal_rcc_ex.o
    0x080017bc   0x080017bc   0x00000164   Code   RO          338    .text.HAL_RCC_ClockConfig  stm32f0xx_hal_rcc.o
    0x08001920   0x08001920   0x0000001c   Code   RO          350    .text.HAL_RCC_GetPCLK1Freq  stm32f0xx_hal_rcc.o
    0x0800193c   0x0800193c   0x00000060   Code   RO          340    .text.HAL_RCC_GetSysClockFreq  stm32f0xx_hal_rcc.o
    0x0800199c   0x0800199c   0x0000048c   Code   RO          336    .text.HAL_RCC_OscConfig  stm32f0xx_hal_rcc.o
    0x08001e28   0x08001e28   0x00000034   Code   RO          690    .text.HAL_SYSTICK_Config  stm32f0xx_hal_cortex.o
    0x08001e5c   0x08001e5c   0x000000c0   Code   RO          947    .text.HAL_UART_Init  stm32f0xx_hal_uart.o
    0x08001f1c   0x08001f1c   0x00000058   Code   RO          180    .text.HAL_UART_MspInit  stm32f0xx_hal_msp.o
    0x08001f74   0x08001f74   0x00000002   Code   RO          157    .text.HardFault_Handler  stm32f0xx_it.o
    0x08001f76   0x08001f76   0x00000002   PAD
    0x08001f78   0x08001f78   0x00000054   Code   RO           28    .text.MX_USB_DEVICE_Init  usb_device.o
    0x08001fcc   0x08001fcc   0x00000002   Code   RO          155    .text.NMI_Handler   stm32f0xx_it.o
    0x08001fce   0x08001fce   0x00000002   Code   RO          161    .text.PendSV_Handler  stm32f0xx_it.o
    0x08001fd0   0x08001fd0   0x00000002   Code   RO          159    .text.SVC_Handler   stm32f0xx_it.o
    0x08001fd2   0x08001fd2   0x00000008   Code   RO          163    .text.SysTick_Handler  stm32f0xx_it.o
    0x08001fda   0x08001fda   0x00000074   Code   RO           13    .text.SystemClock_Config  main.o
    0x0800204e   0x0800204e   0x00000002   Code   RO         1107    .text.SystemInit    system_stm32f0xx.o
    0x08002050   0x08002050   0x000000d2   Code   RO          953    .text.UART_AdvFeatureConfig  stm32f0xx_hal_uart.o
    0x08002122   0x08002122   0x00000002   PAD
    0x08002124   0x08002124   0x00000128   Code   RO          951    .text.UART_SetConfig  stm32f0xx_hal_uart.o
    0x0800224c   0x0800224c   0x000000f2   Code   RO          969    .text.UART_WaitOnFlagUntilTimeout  stm32f0xx_hal_uart.o
    0x0800233e   0x0800233e   0x0000005a   Code   RO         1221    .text.USBD_CDC_DataIn  usbd_cdc.o
    0x08002398   0x08002398   0x00000034   Code   RO         1223    .text.USBD_CDC_DataOut  usbd_cdc.o
    0x080023cc   0x080023cc   0x00000044   Code   RO         1215    .text.USBD_CDC_DeInit  usbd_cdc.o
    0x08002410   0x08002410   0x0000002a   Code   RO         1219    .text.USBD_CDC_EP0_RxReady  usbd_cdc.o
    0x0800243a   0x0800243a   0x00000002   PAD
    0x0800243c   0x0800243c   0x0000000c   Code   RO         1231    .text.USBD_CDC_GetDeviceQualifierDescriptor  usbd_cdc.o
    0x08002448   0x08002448   0x0000000c   Code   RO         1227    .text.USBD_CDC_GetFSCfgDesc  usbd_cdc.o
    0x08002454   0x08002454   0x0000000c   Code   RO         1225    .text.USBD_CDC_GetHSCfgDesc  usbd_cdc.o
    0x08002460   0x08002460   0x0000000c   Code   RO         1229    .text.USBD_CDC_GetOtherSpeedCfgDesc  usbd_cdc.o
    0x0800246c   0x0800246c   0x00000086   Code   RO         1213    .text.USBD_CDC_Init  usbd_cdc.o
    0x080024f2   0x080024f2   0x0000002c   Code   RO         1241    .text.USBD_CDC_ReceivePacket  usbd_cdc.o
    0x0800251e   0x0800251e   0x00000012   Code   RO         1233    .text.USBD_CDC_RegisterInterface  usbd_cdc.o
    0x08002530   0x08002530   0x00000010   Code   RO         1237    .text.USBD_CDC_SetRxBuffer  usbd_cdc.o
    0x08002540   0x08002540   0x00000014   Code   RO         1235    .text.USBD_CDC_SetTxBuffer  usbd_cdc.o
    0x08002554   0x08002554   0x000000e4   Code   RO         1217    .text.USBD_CDC_Setup  usbd_cdc.o
    0x08002638   0x08002638   0x00000010   Code   RO         1136    .text.USBD_ClrClassConfig  usbd_core.o
    0x08002648   0x08002648   0x00000012   Code   RO         1197    .text.USBD_CtlContinueRx  usbd_ioreq.o
    0x0800265a   0x0800265a   0x00000012   Code   RO         1193    .text.USBD_CtlContinueSendData  usbd_ioreq.o
    0x0800266c   0x0800266c   0x00000014   Code   RO         1172    .text.USBD_CtlError  usbd_ctlreq.o
    0x08002680   0x08002680   0x00000024   Code   RO         1195    .text.USBD_CtlPrepareRx  usbd_ioreq.o
    0x080026a4   0x080026a4   0x0000001a   Code   RO         1201    .text.USBD_CtlReceiveStatus  usbd_ioreq.o
    0x080026be   0x080026be   0x0000001e   Code   RO         1191    .text.USBD_CtlSendData  usbd_ioreq.o
    0x080026dc   0x080026dc   0x0000001a   Code   RO         1199    .text.USBD_CtlSendStatus  usbd_ioreq.o
    0x080026f6   0x080026f6   0x00000002   PAD
    0x080026f8   0x080026f8   0x00000020   Code   RO          117    .text.USBD_FS_ConfigStrDescriptor  usbd_desc.o
    0x08002718   0x08002718   0x0000000c   Code   RO          107    .text.USBD_FS_DeviceDescriptor  usbd_desc.o
    0x08002724   0x08002724   0x00000024   Code   RO          119    .text.USBD_FS_InterfaceStrDescriptor  usbd_desc.o
    0x08002748   0x08002748   0x0000000c   Code   RO          109    .text.USBD_FS_LangIDStrDescriptor  usbd_desc.o
    0x08002754   0x08002754   0x00000020   Code   RO          111    .text.USBD_FS_ManufacturerStrDescriptor  usbd_desc.o
    0x08002774   0x08002774   0x00000030   Code   RO          113    .text.USBD_FS_ProductStrDescriptor  usbd_desc.o
    0x080027a4   0x080027a4   0x00000110   Code   RO          115    .text.USBD_FS_SerialStrDescriptor  usbd_desc.o
    0x080028b4   0x080028b4   0x000000ae   Code   RO         1180    .text.USBD_GetString  usbd_ctlreq.o
    0x08002962   0x08002962   0x0000002e   Code   RO         1122    .text.USBD_Init     usbd_core.o
    0x08002990   0x08002990   0x00000020   Code   RO           79    .text.USBD_LL_ClearStallEP  usbd_conf.o
    0x080029b0   0x080029b0   0x00000020   Code   RO           73    .text.USBD_LL_CloseEP  usbd_conf.o
    0x080029d0   0x080029d0   0x000000d0   Code   RO         1142    .text.USBD_LL_DataInStage  usbd_core.o
    0x08002aa0   0x08002aa0   0x00000086   Code   RO         1140    .text.USBD_LL_DataOutStage  usbd_core.o
    0x08002b26   0x08002b26   0x0000000e   Code   RO           89    .text.USBD_LL_GetRxDataSize  usbd_conf.o
    0x08002b34   0x08002b34   0x00000084   Code   RO           63    .text.USBD_LL_Init  usbd_conf.o
    0x08002bb8   0x08002bb8   0x00000026   Code   RO           81    .text.USBD_LL_IsStallEP  usbd_conf.o
    0x08002bde   0x08002bde   0x00000002   PAD
    0x08002be0   0x08002be0   0x00000028   Code   RO           71    .text.USBD_LL_OpenEP  usbd_conf.o
    0x08002c08   0x08002c08   0x00000020   Code   RO           87    .text.USBD_LL_PrepareReceive  usbd_conf.o
    0x08002c28   0x08002c28   0x00000054   Code   RO         1144    .text.USBD_LL_Reset  usbd_core.o
    0x08002c7c   0x08002c7c   0x00000014   Code   RO         1150    .text.USBD_LL_Resume  usbd_core.o
    0x08002c90   0x08002c90   0x0000001c   Code   RO         1152    .text.USBD_LL_SOF   usbd_core.o
    0x08002cac   0x08002cac   0x00000006   Code   RO         1146    .text.USBD_LL_SetSpeed  usbd_core.o
    0x08002cb2   0x08002cb2   0x00000002   PAD
    0x08002cb4   0x08002cb4   0x00000020   Code   RO           83    .text.USBD_LL_SetUSBAddress  usbd_conf.o
    0x08002cd4   0x08002cd4   0x0000005e   Code   RO         1138    .text.USBD_LL_SetupStage  usbd_core.o
    0x08002d32   0x08002d32   0x00000002   PAD
    0x08002d34   0x08002d34   0x00000020   Code   RO           77    .text.USBD_LL_StallEP  usbd_conf.o
    0x08002d54   0x08002d54   0x00000024   Code   RO           67    .text.USBD_LL_Start  usbd_conf.o
    0x08002d78   0x08002d78   0x00000012   Code   RO         1148    .text.USBD_LL_Suspend  usbd_core.o
    0x08002d8a   0x08002d8a   0x00000002   PAD
    0x08002d8c   0x08002d8c   0x00000024   Code   RO           85    .text.USBD_LL_Transmit  usbd_conf.o
    0x08002db0   0x08002db0   0x00000028   Code   RO         1178    .text.USBD_ParseSetupRequest  usbd_ctlreq.o
    0x08002dd8   0x08002dd8   0x00000012   Code   RO         1126    .text.USBD_RegisterClass  usbd_core.o
    0x08002dea   0x08002dea   0x0000001c   Code   RO         1134    .text.USBD_SetClassConfig  usbd_core.o
    0x08002e06   0x08002e06   0x0000000a   Code   RO         1128    .text.USBD_Start    usbd_core.o
    0x08002e10   0x08002e10   0x00000388   Code   RO         1170    .text.USBD_StdDevReq  usbd_ctlreq.o
    0x08003198   0x08003198   0x00000132   Code   RO         1176    .text.USBD_StdEPReq  usbd_ctlreq.o
    0x080032ca   0x080032ca   0x00000072   Code   RO         1174    .text.USBD_StdItfReq  usbd_ctlreq.o
    0x0800333c   0x0800333c   0x00000002   Code   RO           95    .text.USBD_static_free  usbd_conf.o
    0x0800333e   0x0800333e   0x00000002   PAD
    0x08003340   0x08003340   0x00000008   Code   RO           93    .text.USBD_static_malloc  usbd_conf.o
    0x08003348   0x08003348   0x00000208   Code   RO          202    .text.USB_ActivateEndpoint  stm32f0xx_ll_usb.o
    0x08003550   0x08003550   0x000000b0   Code   RO          204    .text.USB_DeactivateEndpoint  stm32f0xx_ll_usb.o
    0x08003600   0x08003600   0x00000010   Code   RO          218    .text.USB_DevConnect  stm32f0xx_ll_usb.o
    0x08003610   0x08003610   0x00000014   Code   RO          200    .text.USB_DevInit   stm32f0xx_ll_usb.o
    0x08003624   0x08003624   0x00000014   Code   RO          196    .text.USB_DisableGlobalInt  stm32f0xx_ll_usb.o
    0x08003638   0x08003638   0x0000006c   Code   RO          212    .text.USB_EPClearStall  stm32f0xx_ll_usb.o
    0x080036a4   0x080036a4   0x0000003c   Code   RO          210    .text.USB_EPSetStall  stm32f0xx_ll_usb.o
    0x080036e0   0x080036e0   0x000008d8   Code   RO          206    .text.USB_EPStartXfer  stm32f0xx_ll_usb.o
    0x08003fb8   0x08003fb8   0x00000018   Code   RO          194    .text.USB_EnableGlobalInt  stm32f0xx_ll_usb.o
    0x08003fd0   0x08003fd0   0x00000010   Code   RO          165    .text.USB_IRQHandler  stm32f0xx_it.o
    0x08003fe0   0x08003fe0   0x00000006   Code   RO          222    .text.USB_ReadInterrupts  stm32f0xx_ll_usb.o
    0x08003fe6   0x08003fe6   0x00000090   Code   RO          228    .text.USB_ReadPMA   stm32f0xx_ll_usb.o
    0x08004076   0x08004076   0x00000012   Code   RO          216    .text.USB_SetDevAddress  stm32f0xx_ll_usb.o
    0x08004088   0x08004088   0x00000098   Code   RO          208    .text.USB_WritePMA  stm32f0xx_ll_usb.o
    0x08004120   0x08004120   0x00000164   Code   RO           11    .text.main          main.o
    0x08004284   0x08004284   0x000001f6   Code   RO         1262    .text_divfast       c_p.l(aeabi_sdivfast.o)
    0x0800447a   0x0800447a   0x00000010   Data   RO         1112    .rodata.AHBPrescTable  system_stm32f0xx.o
    0x0800448a   0x0800448a   0x00000008   Data   RO         1113    .rodata.APBPrescTable  system_stm32f0xx.o
    0x08004492   0x08004492   0x00000020   Data   RO          360    .rodata.cst16       stm32f0xx_hal_rcc.o
    0x080044b2   0x080044b2   0x00000002   PAD
    0x080044b4   0x080044b4   0x00000020   Data   RO         1447    Region$$Table       anon$$obj.o


    Execution Region RW_IRAM1 (Exec base: 0x20000000, Load base: 0x080044d8, Size: 0x00001a48, Max: 0x00008000, ABSOLUTE, COMPRESSED[0x000000c0])

    Exec Addr    Load Addr    Size         Type   Attr      Idx    E Section Name        Object

    0x20000000   COMPRESSED   0x0000001c   Data   RW          121    .data.FS_Desc       usbd_desc.o
    0x2000001c   COMPRESSED   0x00000004   Data   RW         1111    .data.SystemCoreClock  system_stm32f0xx.o
    0x20000020   COMPRESSED   0x00000038   Data   RW         1243    .data.USBD_CDC      usbd_cdc.o
    0x20000058   COMPRESSED   0x00000043   Data   RW         1245    .data.USBD_CDC_CfgFSDesc  usbd_cdc.o
    0x2000009b   COMPRESSED   0x00000001   PAD
    0x2000009c   COMPRESSED   0x00000043   Data   RW         1244    .data.USBD_CDC_CfgHSDesc  usbd_cdc.o
    0x200000df   COMPRESSED   0x00000001   PAD
    0x200000e0   COMPRESSED   0x0000000a   Data   RW         1247    .data.USBD_CDC_DeviceQualifierDesc  usbd_cdc.o
    0x200000ea   COMPRESSED   0x00000002   PAD
    0x200000ec   COMPRESSED   0x00000043   Data   RW         1246    .data.USBD_CDC_OtherSpeedCfgDesc  usbd_cdc.o
    0x2000012f   COMPRESSED   0x00000001   PAD
    0x20000130   COMPRESSED   0x00000012   Data   RW          122    .data.USBD_FS_DeviceDesc  usbd_desc.o
    0x20000142   COMPRESSED   0x00000002   PAD
    0x20000144   COMPRESSED   0x00000010   Data   RW          144    .data.USBD_Interface_fops_FS  usbd_cdc_if.o
    0x20000154   COMPRESSED   0x00000004   Data   RW          123    .data.USBD_LangIDDesc  usbd_desc.o
    0x20000158   COMPRESSED   0x0000001a   Data   RW          124    .data.USBD_StringSerial  usbd_desc.o
    0x20000172   COMPRESSED   0x00000001   Data   RW          448    .data.uwTickFreq    stm32f0xx_hal.o
    0x20000173   COMPRESSED   0x00000001   PAD
    0x20000174   COMPRESSED   0x00000004   Data   RW          447    .data.uwTickPrio    stm32f0xx_hal.o
    0x20000178        -       0x00000060   Zero   RW         1311    .bss                c_p.l(libspace.o)
    0x200001d8        -       0x00000001   Zero   RW         1182    .bss.USBD_SetConfig.cfgidx  usbd_ctlreq.o
    0x200001d9   COMPRESSED   0x00000003   PAD
    0x200001dc        -       0x00000200   Zero   RW          125    .bss.USBD_StrDesc   usbd_desc.o
    0x200003dc        -       0x00000220   Zero   RW           98    .bss.USBD_static_malloc.mem  usbd_conf.o
    0x200005fc        -       0x000003e8   Zero   RW          145    .bss.UserRxBufferFS  usbd_cdc_if.o
    0x200009e4        -       0x000003e8   Zero   RW          146    .bss.UserTxBufferFS  usbd_cdc_if.o
    0x20000dcc        -       0x000002c4   Zero   RW           30    .bss.hUsbDeviceFS   usb_device.o
    0x20001090        -       0x00000028   Zero   RW           17    .bss.hcan           main.o
    0x200010b8        -       0x00000010   Zero   RW           18    .bss.hiwdg          main.o
    0x200010c8        -       0x000002f4   Zero   RW           97    .bss.hpcd_USB_FS    usbd_conf.o
    0x200013bc        -       0x00000084   Zero   RW           19    .bss.huart2         main.o
    0x20001440        -       0x00000004   Zero   RW          449    .bss.uwTick         stm32f0xx_hal.o
    0x20001444   COMPRESSED   0x00000004   PAD
    0x20001448        -       0x00000200   Zero   RW            2    HEAP                startup_stm32f042x6.o
    0x20001648        -       0x00000400   Zero   RW            1    STACK               startup_stm32f042x6.o


==============================================================================

Image component sizes


      Code (inc. data)   RO Data    RW Data    ZI Data      Debug   Object Name

       480         36          0          0        188       8097   main.o
       116         56        192          0       1536        668   startup_stm32f042x6.o
       132         20          0          5          4       5308   stm32f0xx_hal.o
       266          0          0          0          0      14193   stm32f0xx_hal_can.o
       132         24          0          0          0       5516   stm32f0xx_hal_cortex.o
       416         16          0          0          0       4933   stm32f0xx_hal_gpio.o
       100         12          0          0          0       1786   stm32f0xx_hal_iwdg.o
       224         16          0          0          0       6603   stm32f0xx_hal_msp.o
      3004         88          0          0          0      15786   stm32f0xx_hal_pcd.o
        92          0          0          0          0       5795   stm32f0xx_hal_pcd_ex.o
      1644         52         32          0          0       8196   stm32f0xx_hal_rcc.o
       296         12          0          0          0       6227   stm32f0xx_hal_rcc_ex.o
       940         64          0          0          0      38915   stm32f0xx_hal_uart.o
        32          4          0          0          0       1200   stm32f0xx_it.o
      3528        160          0          0          0      22968   stm32f0xx_ll_usb.o
         2          0         24          4          0       1728   system_stm32f0xx.o
        84         16          0          0        708       2823   usb_device.o
       760         16          0        267          0      10330   usbd_cdc.o
        72         12          0         16       2000       2549   usbd_cdc_if.o
       728         32          0          0       1300      15249   usbd_conf.o
       710          0          0          0          0       7844   usbd_core.o
      1558         34          0          0          1       9680   usbd_ctlreq.o
       444         84          0         76        512       4236   usbd_desc.o
       154          0          0          0          0       4414   usbd_ioreq.o

    ----------------------------------------------------------------------
     15940        754        282        376       6256     205044   Object Totals
         0          0         32          0          0          0   (incl. Generated)
        26          0          2          8          7          0   (incl. Padding)

    ----------------------------------------------------------------------

      Code (inc. data)   RO Data    RW Data    ZI Data      Debug   Library Member Name

        86          0          0          0          0          0   __dczerorl2.o
         8          0          0          0          0         68   __main.o
         0          0          0          0          0          0   __rtentry.o
        12          0          0          0          0          0   __rtentry2.o
         6          0          0          0          0          0   __rtentry4.o
        60          8          0          0          0          0   __scatter.o
        28          0          0          0          0          0   __scatter_zi.o
      1006          4          0          0          0        184   aeabi_sdivfast.o
        16          0          0          0          0         68   exit.o
         6          0          0          0          0        136   heapauxi.o
         0          0          0          0          0          0   indicate_semi.o
         2          0          0          0          0          0   libinit.o
         2          0          0          0          0          0   libinit2.o
         2          0          0          0          0          0   libshutdown.o
         2          0          0          0          0          0   libshutdown2.o
         8          4          0          0         96         68   libspace.o
        64          0          0          0          0        108   rt_memclr.o
         2          0          0          0          0          0   rtexit.o
        10          0          0          0          0          0   rtexit2.o
        12          4          0          0          0         60   sys_exit.o
        62          0          0          0          0         80   sys_stackheap_outer.o
         2          0          0          0          0         68   use_no_semi.o

    ----------------------------------------------------------------------
      1398         20          0          0         96        840   Library Totals
         2          0          0          0          0          0   (incl. Padding)

    ----------------------------------------------------------------------

      Code (inc. data)   RO Data    RW Data    ZI Data      Debug   Library Name

      1396         20          0          0         96        840   c_p.l

    ----------------------------------------------------------------------
      1398         20          0          0         96        840   Library Totals

    ----------------------------------------------------------------------

==============================================================================


      Code (inc. data)   RO Data    RW Data    ZI Data      Debug   

     17338        774        282        376       6352     205208   Grand Totals
     17338        774        282        192       6352     205208   ELF Image Totals (compressed)
     17338        774        282        192          0          0   ROM Totals

==============================================================================

    Total RO  Size (Code + RO Data)                17620 (  17.21kB)
    Total RW  Size (RW Data + ZI Data)              6728 (   6.57kB)
    Total ROM Size (Code + RO Data + RW Data)      17812 (  17.39kB)

==============================================================================

